Archive member included to satisfy reference by file (symbol)

.\CortexM3\ARM_GCC_541\Debug\Design01.a(myUSB.o)
                              .\CortexM3\ARM_GCC_541\Debug\main.o (myUSB_Start)
.\CortexM3\ARM_GCC_541\Debug\Design01.a(myUSB_cdc.o)
                              .\CortexM3\ARM_GCC_541\Debug\main.o (myUSB_CDC_Init)
.\CortexM3\ARM_GCC_541\Debug\Design01.a(myUSB_drv.o)
                              .\CortexM3\ARM_GCC_541\Debug\Design01.a(myUSB.o) (myUSB_lastPacketSize)
.\CortexM3\ARM_GCC_541\Debug\Design01.a(myUSB_episr.o)
                              .\CortexM3\ARM_GCC_541\Debug\Design01.a(myUSB.o) (myUSB_EP_1_ISR)
.\CortexM3\ARM_GCC_541\Debug\Design01.a(myUSB_pm.o)
                              .\CortexM3\ARM_GCC_541\Debug\Design01.a(myUSB.o) (myUSB_DP_ISR)
.\CortexM3\ARM_GCC_541\Debug\Design01.a(myUSB_std.o)
                              .\CortexM3\ARM_GCC_541\Debug\Design01.a(myUSB_pm.o) (myUSB_ConfigReg)
.\CortexM3\ARM_GCC_541\Debug\Design01.a(myUSB_vnd.o)
                              .\CortexM3\ARM_GCC_541\Debug\Design01.a(myUSB_drv.o) (myUSB_HandleVendorRqst)
.\CortexM3\ARM_GCC_541\Debug\Design01.a(myUSB_Dp.o)
                              .\CortexM3\ARM_GCC_541\Debug\Design01.a(myUSB.o) (myUSB_Dp_ClearInterrupt)
.\CortexM3\ARM_GCC_541\Debug\Design01.a(CyLib.o)
                              .\CortexM3\ARM_GCC_541\Debug\Cm3Start.o (CyHalt)
.\CortexM3\ARM_GCC_541\Debug\Design01.a(cyPm.o)
                              .\CortexM3\ARM_GCC_541\Debug\Design01.a(CyLib.o) (CyPmReadStatus)
.\CortexM3\ARM_GCC_541\Debug\Design01.a(Pin_1.o)
                              .\CortexM3\ARM_GCC_541\Debug\main.o (Pin_1_Write)
.\CortexM3\ARM_GCC_541\Debug\Design01.a(UART_photon.o)
                              .\CortexM3\ARM_GCC_541\Debug\main.o (UART_photon_Start)
.\CortexM3\ARM_GCC_541\Debug\Design01.a(UART_photon_IntClock.o)
                              .\CortexM3\ARM_GCC_541\Debug\Design01.a(UART_photon.o) (UART_photon_IntClock_Start)
.\CortexM3\ARM_GCC_541\Debug\Design01.a(CyBootAsmGnu.o)
                              .\CortexM3\ARM_GCC_541\Debug\cyfitter_cfg.o (CyDelayCycles)
.\CortexM3\ARM_GCC_541\Debug\Design01.a(myUSB_cls.o)
                              .\CortexM3\ARM_GCC_541\Debug\Design01.a(myUSB_drv.o) (myUSB_DispatchClassRqst)
.\CortexM3\ARM_GCC_541\Debug\Design01.a(myUSB_descr.o)
                              .\CortexM3\ARM_GCC_541\Debug\Design01.a(myUSB_std.o) (myUSB_idSerialNumberStringDescriptor)
.\CortexM3\ARM_GCC_541\Debug\Design01.a(CyFlash.o)
                              .\CortexM3\ARM_GCC_541\Debug\Design01.a(cyPm.o) (CyFlash_SetWaitCycles)
.\CortexM3\ARM_GCC_541\Debug\Design01.a(CySpc.o)
                              .\CortexM3\ARM_GCC_541\Debug\Design01.a(CyFlash.o) (CySpcStart)
c:/program files (x86)/cypress/psoc creator/4.3/psoc creator/import/gnu/arm/5.4.1/bin/../lib/gcc/arm-none-eabi/5.4.1/../../../../arm-none-eabi/lib/armv7-m\libg_nano.a(lib_a-errno.o)
                              .\CortexM3\ARM_GCC_541\Debug\Cm3Start.o (__errno)
c:/program files (x86)/cypress/psoc creator/4.3/psoc creator/import/gnu/arm/5.4.1/bin/../lib/gcc/arm-none-eabi/5.4.1/../../../../arm-none-eabi/lib/armv7-m\libg_nano.a(lib_a-exit.o)
                              c:/program files (x86)/cypress/psoc creator/4.3/psoc creator/import/gnu/arm/5.4.1/bin/../lib/gcc/arm-none-eabi/5.4.1/../../../../arm-none-eabi/lib/armv7-m/crt0.o (exit)
c:/program files (x86)/cypress/psoc creator/4.3/psoc creator/import/gnu/arm/5.4.1/bin/../lib/gcc/arm-none-eabi/5.4.1/../../../../arm-none-eabi/lib/armv7-m\libg_nano.a(lib_a-impure.o)
                              c:/program files (x86)/cypress/psoc creator/4.3/psoc creator/import/gnu/arm/5.4.1/bin/../lib/gcc/arm-none-eabi/5.4.1/../../../../arm-none-eabi/lib/armv7-m\libg_nano.a(lib_a-exit.o) (_global_impure_ptr)
c:/program files (x86)/cypress/psoc creator/4.3/psoc creator/import/gnu/arm/5.4.1/bin/../lib/gcc/arm-none-eabi/5.4.1/../../../../arm-none-eabi/lib/armv7-m\libg_nano.a(lib_a-init.o)
                              c:/program files (x86)/cypress/psoc creator/4.3/psoc creator/import/gnu/arm/5.4.1/bin/../lib/gcc/arm-none-eabi/5.4.1/../../../../arm-none-eabi/lib/armv7-m/crt0.o (__libc_init_array)
c:/program files (x86)/cypress/psoc creator/4.3/psoc creator/import/gnu/arm/5.4.1/bin/../lib/gcc/arm-none-eabi/5.4.1/../../../../arm-none-eabi/lib/armv7-m\libg_nano.a(lib_a-memcpy-stub.o)
                              .\CortexM3\ARM_GCC_541\Debug\cyfitter_cfg.o (memcpy)
c:/program files (x86)/cypress/psoc creator/4.3/psoc creator/import/gnu/arm/5.4.1/bin/../lib/gcc/arm-none-eabi/5.4.1/../../../../arm-none-eabi/lib/armv7-m\libg_nano.a(lib_a-memset.o)
                              c:/program files (x86)/cypress/psoc creator/4.3/psoc creator/import/gnu/arm/5.4.1/bin/../lib/gcc/arm-none-eabi/5.4.1/../../../../arm-none-eabi/lib/armv7-m/crt0.o (memset)
[...]
Memory Configuration

Name             Origin             Length             Attributes
rom              0x00000000         0x00040000         xr
ram              0x1fff8000         0x00010000         xrw
*default*        0x00000000         0xffffffff

Linker script and memory map

LOAD c:/program files (x86)/cypress/psoc creator/4.3/psoc creator/import/gnu/arm/5.4.1/bin/../lib/gcc/arm-none-eabi/5.4.1/armv7-m/crti.o
LOAD c:/program files (x86)/cypress/psoc creator/4.3/psoc creator/import/gnu/arm/5.4.1/bin/../lib/gcc/arm-none-eabi/5.4.1/armv7-m/crtbegin.o
LOAD c:/program files (x86)/cypress/psoc creator/4.3/psoc creator/import/gnu/arm/5.4.1/bin/../lib/gcc/arm-none-eabi/5.4.1/../../../../arm-none-eabi/lib/armv7-m/crt0.o
START GROUP
LOAD .\CortexM3\ARM_GCC_541\Debug\main.o
LOAD .\CortexM3\ARM_GCC_541\Debug\cyfitter_cfg.o
LOAD .\CortexM3\ARM_GCC_541\Debug\cymetadata.o
LOAD .\CortexM3\ARM_GCC_541\Debug\Cm3Start.o
LOAD .\CortexM3\ARM_GCC_541\Debug\Design01.a
LOAD C:\Program Files (x86)\Cypress\PSoC Creator\4.3\PSoC Creator\psoc\content\cycomponentlibrary\CyComponentLibrary.cylib\CortexM3\ARM_GCC_541\Debug\CyComponentLibrary.a
LOAD c:/program files (x86)/cypress/psoc creator/4.3/psoc creator/import/gnu/arm/5.4.1/bin/../lib/gcc/arm-none-eabi/5.4.1/../../../../arm-none-eabi/lib/armv7-m\libm.a
END GROUP
START GROUP
LOAD c:/program files (x86)/cypress/psoc creator/4.3/psoc creator/import/gnu/arm/5.4.1/bin/../lib/gcc/arm-none-eabi/5.4.1/armv7-m\libgcc.a
LOAD c:/program files (x86)/cypress/psoc creator/4.3/psoc creator/import/gnu/arm/5.4.1/bin/../lib/gcc/arm-none-eabi/5.4.1/../../../../arm-none-eabi/lib/armv7-m\libg_nano.a
LOAD c:/program files (x86)/cypress/psoc creator/4.3/psoc creator/import/gnu/arm/5.4.1/bin/../lib/gcc/arm-none-eabi/5.4.1/../../../../arm-none-eabi/lib/armv7-m\libc_nano.a
END GROUP
START GROUP
LOAD c:/program files (x86)/cypress/psoc creator/4.3/psoc creator/import/gnu/arm/5.4.1/bin/../lib/gcc/arm-none-eabi/5.4.1/armv7-m\libgcc.a
LOAD c:/program files (x86)/cypress/psoc creator/4.3/psoc creator/import/gnu/arm/5.4.1/bin/../lib/gcc/arm-none-eabi/5.4.1/../../../../arm-none-eabi/lib/armv7-m\libc_nano.a
END GROUP
LOAD c:/program files (x86)/cypress/psoc creator/4.3/psoc creator/import/gnu/arm/5.4.1/bin/../lib/gcc/arm-none-eabi/5.4.1/armv7-m/crtend.o
LOAD c:/program files (x86)/cypress/psoc creator/4.3/psoc creator/import/gnu/arm/5.4.1/bin/../lib/gcc/arm-none-eabi/5.4.1/armv7-m/crtn.o
START GROUP
LOAD c:/program files (x86)/cypress/psoc creator/4.3/psoc creator/import/gnu/arm/5.4.1/bin/../lib/gcc/arm-none-eabi/5.4.1/armv7-m\libgcc.a
LOAD c:/program files (x86)/cypress/psoc creator/4.3/psoc creator/import/gnu/arm/5.4.1/bin/../lib/gcc/arm-none-eabi/5.4.1/../../../../arm-none-eabi/lib/armv7-m\libc.a
LOAD c:/program files (x86)/cypress/psoc creator/4.3/psoc creator/import/gnu/arm/5.4.1/bin/../lib/gcc/arm-none-eabi/5.4.1/../../../../arm-none-eabi/lib/armv7-m\libnosys.a
END GROUP
                0x00000000                CY_APPL_ORIGIN = 0x0
                0x00000100                CY_FLASH_ROW_SIZE = 0x100
                0x00000020                CY_ECC_ROW_SIZE = 0x20
                0x00000000                CY_EE_IN_BTLDR = 0x0
                0x00000000                CY_APPL_LOADABLE = 0x0
                0x00000800                CY_EE_SIZE = 0x800
                0x00000001                CY_APPL_NUM = 0x1
                0x00000001                CY_APPL_MAX = 0x1
                0x00000040                CY_METADATA_SIZE = 0x40
                0x00000000                CY_APPL_LOADABLE = 0x0
                0x00000000                CY_CHECKSUM_EXCLUDE_SIZE = ALIGN (0x0, CY_FLASH_ROW_SIZE)
                [!provide]                PROVIDE (__cy_heap_start, _end)
                0x00000001                PROVIDE (__cy_region_num, ((__cy_regions_end - __cy_regions) / 0x10))
                0x20008000                PROVIDE (__cy_stack, (ORIGIN (ram) + LENGTH (ram)))
                [!provide]                PROVIDE (__cy_heap_end, (__cy_stack - 0x800))

.cybootloader   0x00000000        0x0
 *(.cybootloader)
                0x00000000                appl1_start = CY_APPL_ORIGIN?CY_APPL_ORIGIN:ALIGN (CY_FLASH_ROW_SIZE)
                0x0001ff00                appl2_start = (appl1_start + ALIGN ((((LENGTH (rom) - appl1_start) - (0x2 * CY_FLASH_ROW_SIZE)) / 0x2), CY_FLASH_ROW_SIZE))
                0x00000000                appl_start = (CY_APPL_NUM == 0x1)?appl1_start:appl2_start
                0x00000000                ecc_offset = ((appl_start / CY_FLASH_ROW_SIZE) * CY_ECC_ROW_SIZE)
                0x00000000                ee_offset = (CY_APPL_LOADABLE && ! (CY_EE_IN_BTLDR))?((CY_EE_SIZE / CY_APPL_MAX) * (CY_APPL_NUM - 0x1)):0x0
                0x00000800                ee_size = (CY_APPL_LOADABLE && ! (CY_EE_IN_BTLDR))?(CY_EE_SIZE / CY_APPL_MAX):CY_EE_SIZE
                [!provide]                PROVIDE (CY_ECC_OFFSET, ecc_offset)

.text           0x00000000     0x4658
 CREATE_OBJECT_SYMBOLS
                0x00000000                PROVIDE (__cy_interrupt_vector, RomVectors)
 *(.romvectors)
 .romvectors    0x00000000       0x10 .\CortexM3\ARM_GCC_541\Debug\Cm3Start.o
                0x00000000                RomVectors
                0x00000001                ASSERT ((. != __cy_interrupt_vector), No interrupt vector)
                0x00000001                ASSERT (CY_APPL_ORIGIN?(SIZEOF (.cybootloader) <= CY_APPL_ORIGIN):0x1, Wrong image location)
                0x00000010                PROVIDE (__cy_reset, Reset)
 *(.text.Reset)
 .text.Reset    0x00000010       0x18 .\CortexM3\ARM_GCC_541\Debug\Cm3Start.o
                0x00000010                Reset
                0x00000001                ASSERT ((. != __cy_reset), No reset code)
 *(.dma_init)
                0x00000001                ASSERT ((((appl_start + .) <= 0x10000) || 0x1), DMA Init must be within the first 64k of flash)
 *(.text .text.* .gnu.linkonce.t.*)
 .text          0x00000028       0x5c c:/program files (x86)/cypress/psoc creator/4.3/psoc creator/import/gnu/arm/5.4.1/bin/../lib/gcc/arm-none-eabi/5.4.1/armv7-m/crtbegin.o
 .text.clear_buf
                0x00000084       0x10 .\CortexM3\ARM_GCC_541\Debug\main.o
                0x00000084                clear_buf
 .text.main     0x00000094      0x100 .\CortexM3\ARM_GCC_541\Debug\main.o
                0x00000094                main
 .text.CyClockStartupError
                0x00000194        0x4 .\CortexM3\ARM_GCC_541\Debug\cyfitter_cfg.o
 .text.cfg_write_bytes32
                0x00000198       0x34 .\CortexM3\ARM_GCC_541\Debug\cyfitter_cfg.o
 .text.AnalogSetDefault
                0x000001cc       0x28 .\CortexM3\ARM_GCC_541\Debug\cyfitter_cfg.o
 .text.CYMEMZERO
                0x000001f4        0xc .\CortexM3\ARM_GCC_541\Debug\cyfitter_cfg.o
 .text.ClockSetup
                0x00000200       0xbc .\CortexM3\ARM_GCC_541\Debug\cyfitter_cfg.o
 .text.CYCONFIGCPY
                0x000002bc        0x8 .\CortexM3\ARM_GCC_541\Debug\cyfitter_cfg.o
 .text.cyfitter_cfg
                0x000002c4      0x118 .\CortexM3\ARM_GCC_541\Debug\cyfitter_cfg.o
                0x000002c4                cyfitter_cfg
 .text.IntDefaultHandler
                0x000003dc       0x10 .\CortexM3\ARM_GCC_541\Debug\Cm3Start.o
                0x000003dc                IntDefaultHandler
 .text._sbrk    0x000003ec       0x30 .\CortexM3\ARM_GCC_541\Debug\Cm3Start.o
                0x000003ec                _sbrk
 .text.Start_c  0x0000041c       0x4c .\CortexM3\ARM_GCC_541\Debug\Cm3Start.o
                0x0000041c                Start_c
 .text.initialize_psoc
                0x00000468       0x68 .\CortexM3\ARM_GCC_541\Debug\Cm3Start.o
                0x00000468                initialize_psoc
 .text.myUSB_Init
                0x000004d0      0x140 .\CortexM3\ARM_GCC_541\Debug\Design01.a(myUSB.o)
                0x000004d0                myUSB_Init
 .text.myUSB_InitComponent
                0x00000610       0xb8 .\CortexM3\ARM_GCC_541\Debug\Design01.a(myUSB.o)
                0x00000610                myUSB_InitComponent
 .text.myUSB_Start
                0x000006c8       0x24 .\CortexM3\ARM_GCC_541\Debug\Design01.a(myUSB.o)
                0x000006c8                myUSB_Start
 .text.myUSB_ReInitComponent
                0x000006ec       0x4c .\CortexM3\ARM_GCC_541\Debug\Design01.a(myUSB.o)
                0x000006ec                myUSB_ReInitComponent
 .text.myUSB_GetConfiguration
                0x00000738        0xc .\CortexM3\ARM_GCC_541\Debug\Design01.a(myUSB.o)
                0x00000738                myUSB_GetConfiguration
 .text.myUSB_GetEPState
                0x00000744       0x14 .\CortexM3\ARM_GCC_541\Debug\Design01.a(myUSB.o)
                0x00000744                myUSB_GetEPState
 .text.myUSB_LoadInEP
                0x00000758       0x94 .\CortexM3\ARM_GCC_541\Debug\Design01.a(myUSB.o)
                0x00000758                myUSB_LoadInEP
 .text.myUSB_EnableOutEP
                0x000007ec       0x2c .\CortexM3\ARM_GCC_541\Debug\Design01.a(myUSB.o)
                0x000007ec                myUSB_EnableOutEP
 .text.myUSB_StrLen
                0x00000818       0x14 .\CortexM3\ARM_GCC_541\Debug\Design01.a(myUSB_cdc.o)
 .text.myUSB_GetInterfaceComPort
                0x0000082c       0x38 .\CortexM3\ARM_GCC_541\Debug\Design01.a(myUSB_cdc.o)
                0x0000082c                myUSB_GetInterfaceComPort
 .text.myUSB_DispatchCDCClassRqst
                0x00000864       0x98 .\CortexM3\ARM_GCC_541\Debug\Design01.a(myUSB_cdc.o)
                0x00000864                myUSB_DispatchCDCClassRqst
 .text.myUSB_CDC_Init
                0x000008fc       0x98 .\CortexM3\ARM_GCC_541\Debug\Design01.a(myUSB_cdc.o)
                0x000008fc                myUSB_CDC_Init
 .text.myUSB_PutString
                0x00000994       0xa0 .\CortexM3\ARM_GCC_541\Debug\Design01.a(myUSB_cdc.o)
                0x00000994                myUSB_PutString
 .text.myUSB_CDCIsReady
                0x00000a34       0x18 .\CortexM3\ARM_GCC_541\Debug\Design01.a(myUSB_cdc.o)
                0x00000a34                myUSB_CDCIsReady
 .text.myUSB_Cdc_EpInit
                0x00000a4c       0x50 .\CortexM3\ARM_GCC_541\Debug\Design01.a(myUSB_cdc.o)
                0x00000a4c                myUSB_Cdc_EpInit
 .text.myUSB_LoadEP0
                0x00000a9c       0x98 .\CortexM3\ARM_GCC_541\Debug\Design01.a(myUSB_drv.o)
                0x00000a9c                myUSB_LoadEP0
 .text.myUSB_InitZeroLengthControlTransfer
                0x00000b34       0x34 .\CortexM3\ARM_GCC_541\Debug\Design01.a(myUSB_drv.o)
                0x00000b34                myUSB_InitZeroLengthControlTransfer
 .text.myUSB_ControlReadDataStage
                0x00000b68        0x8 .\CortexM3\ARM_GCC_541\Debug\Design01.a(myUSB_drv.o)
                0x00000b68                myUSB_ControlReadDataStage
 .text.myUSB_ControlWriteDataStage
                0x00000b70       0x84 .\CortexM3\ARM_GCC_541\Debug\Design01.a(myUSB_drv.o)
                0x00000b70                myUSB_ControlWriteDataStage
 .text.myUSB_InitNoDataControlTransfer
                0x00000bf4       0x2c .\CortexM3\ARM_GCC_541\Debug\Design01.a(myUSB_drv.o)
                0x00000bf4                myUSB_InitNoDataControlTransfer
 .text.myUSB_UpdateStatusBlock
                0x00000c20       0x24 .\CortexM3\ARM_GCC_541\Debug\Design01.a(myUSB_drv.o)
                0x00000c20                myUSB_UpdateStatusBlock
 .text.myUSB_HandleSetup
                0x00000c44       0x5c .\CortexM3\ARM_GCC_541\Debug\Design01.a(myUSB_drv.o)
                0x00000c44                myUSB_HandleSetup
 .text.myUSB_ControlReadStatusStage
                0x00000ca0       0x38 .\CortexM3\ARM_GCC_541\Debug\Design01.a(myUSB_drv.o)
                0x00000ca0                myUSB_ControlReadStatusStage
 .text.myUSB_HandleOUT
                0x00000cd8       0x38 .\CortexM3\ARM_GCC_541\Debug\Design01.a(myUSB_drv.o)
                0x00000cd8                myUSB_HandleOUT
 .text.myUSB_ControlWriteStatusStage
                0x00000d10       0x20 .\CortexM3\ARM_GCC_541\Debug\Design01.a(myUSB_drv.o)
                0x00000d10                myUSB_ControlWriteStatusStage
 .text.myUSB_NoDataControlStatusStage
                0x00000d30       0x40 .\CortexM3\ARM_GCC_541\Debug\Design01.a(myUSB_drv.o)
                0x00000d30                myUSB_NoDataControlStatusStage
 .text.myUSB_HandleIN
                0x00000d70       0x2c .\CortexM3\ARM_GCC_541\Debug\Design01.a(myUSB_drv.o)
                0x00000d70                myUSB_HandleIN
 .text.myUSB_EP_0_ISR
                0x00000d9c       0xb8 .\CortexM3\ARM_GCC_541\Debug\Design01.a(myUSB_drv.o)
                0x00000d9c                myUSB_EP_0_ISR
 .text.myUSB_InitializeStatusBlock
                0x00000e54       0x24 .\CortexM3\ARM_GCC_541\Debug\Design01.a(myUSB_drv.o)
                0x00000e54                myUSB_InitializeStatusBlock
 .text.myUSB_InitControlRead
                0x00000e78       0x50 .\CortexM3\ARM_GCC_541\Debug\Design01.a(myUSB_drv.o)
                0x00000e78                myUSB_InitControlRead
 .text.myUSB_InitControlWrite
                0x00000ec8       0x48 .\CortexM3\ARM_GCC_541\Debug\Design01.a(myUSB_drv.o)
                0x00000ec8                myUSB_InitControlWrite
 .text.myUSB_EP_1_ISR
                0x00000f10       0x30 .\CortexM3\ARM_GCC_541\Debug\Design01.a(myUSB_episr.o)
                0x00000f10                myUSB_EP_1_ISR
 .text.myUSB_EP_2_ISR
                0x00000f40       0x34 .\CortexM3\ARM_GCC_541\Debug\Design01.a(myUSB_episr.o)
                0x00000f40                myUSB_EP_2_ISR
 .text.myUSB_EP_3_ISR
                0x00000f74       0x3c .\CortexM3\ARM_GCC_541\Debug\Design01.a(myUSB_episr.o)
                0x00000f74                myUSB_EP_3_ISR
 .text.myUSB_SOF_ISR
                0x00000fb0        0x4 .\CortexM3\ARM_GCC_541\Debug\Design01.a(myUSB_episr.o)
                0x00000fb0                myUSB_SOF_ISR
 .text.myUSB_BUS_RESET_ISR
                0x00000fb4        0x8 .\CortexM3\ARM_GCC_541\Debug\Design01.a(myUSB_episr.o)
                0x00000fb4                myUSB_BUS_RESET_ISR
 .text.myUSB_DP_ISR
                0x00000fbc        0x8 .\CortexM3\ARM_GCC_541\Debug\Design01.a(myUSB_pm.o)
                0x00000fbc                myUSB_DP_ISR
 .text.myUSB_ReadDieID
                0x00000fc4       0x6c .\CortexM3\ARM_GCC_541\Debug\Design01.a(myUSB_std.o)
                0x00000fc4                myUSB_ReadDieID
 .text.myUSB_ConfigReg
                0x00001030       0xa4 .\CortexM3\ARM_GCC_541\Debug\Design01.a(myUSB_std.o)
                0x00001030                myUSB_ConfigReg
 .text.myUSB_GetConfigTablePtr
                0x000010d4       0x28 .\CortexM3\ARM_GCC_541\Debug\Design01.a(myUSB_std.o)
                0x000010d4                myUSB_GetConfigTablePtr
 .text.myUSB_ConfigAltChanged
                0x000010fc      0x11c .\CortexM3\ARM_GCC_541\Debug\Design01.a(myUSB_std.o)
                0x000010fc                myUSB_ConfigAltChanged
 .text.myUSB_GetDeviceTablePtr
                0x00001218       0x18 .\CortexM3\ARM_GCC_541\Debug\Design01.a(myUSB_std.o)
                0x00001218                myUSB_GetDeviceTablePtr
 .text.myUSB_GetInterfaceClassTablePtr
                0x00001230       0x28 .\CortexM3\ARM_GCC_541\Debug\Design01.a(myUSB_std.o)
                0x00001230                myUSB_GetInterfaceClassTablePtr
 .text.myUSB_Config
                0x00001258      0x1ec .\CortexM3\ARM_GCC_541\Debug\Design01.a(myUSB_std.o)
                0x00001258                myUSB_Config
 .text.myUSB_SetEndpointHalt
                0x00001444       0x64 .\CortexM3\ARM_GCC_541\Debug\Design01.a(myUSB_std.o)
                0x00001444                myUSB_SetEndpointHalt
 .text.myUSB_ClearEndpointHalt
                0x000014a8       0xac .\CortexM3\ARM_GCC_541\Debug\Design01.a(myUSB_std.o)
                0x000014a8                myUSB_ClearEndpointHalt
 .text.myUSB_ValidateAlternateSetting
                0x00001554       0x4c .\CortexM3\ARM_GCC_541\Debug\Design01.a(myUSB_std.o)
                0x00001554                myUSB_ValidateAlternateSetting
 .text.myUSB_HandleStandardRqst
                0x000015a0      0x354 .\CortexM3\ARM_GCC_541\Debug\Design01.a(myUSB_std.o)
                0x000015a0                myUSB_HandleStandardRqst
 .text.myUSB_HandleVendorRqst
                0x000018f4       0x18 .\CortexM3\ARM_GCC_541\Debug\Design01.a(myUSB_vnd.o)
                0x000018f4                myUSB_HandleVendorRqst
 .text.myUSB_Dp_ClearInterrupt
                0x0000190c       0x10 .\CortexM3\ARM_GCC_541\Debug\Design01.a(myUSB_Dp.o)
                0x0000190c                myUSB_Dp_ClearInterrupt
 .text.CyHalt   0x0000191c        0x4 .\CortexM3\ARM_GCC_541\Debug\Design01.a(CyLib.o)
                0x0000191c                CyHalt
 .text.CyDelayUs
                0x00001920       0x14 .\CortexM3\ARM_GCC_541\Debug\Design01.a(CyLib.o)
                0x00001920                CyDelayUs
 .text.CyIntSetVector
                0x00001934       0x28 .\CortexM3\ARM_GCC_541\Debug\Design01.a(CyLib.o)
                0x00001934                CyIntSetVector
 .text.CyIntSetPriority
                0x0000195c       0x30 .\CortexM3\ARM_GCC_541\Debug\Design01.a(CyLib.o)
                0x0000195c                CyIntSetPriority
 .text.CyGetUniqueId
                0x0000198c       0x70 .\CortexM3\ARM_GCC_541\Debug\Design01.a(CyLib.o)
                0x0000198c                CyGetUniqueId
 .text.Pin_1_Write
                0x000019fc       0x18 .\CortexM3\ARM_GCC_541\Debug\Design01.a(Pin_1.o)
                0x000019fc                Pin_1_Write
 .text.UART_photon_Init
                0x00001a14       0x24 .\CortexM3\ARM_GCC_541\Debug\Design01.a(UART_photon.o)
                0x00001a14                UART_photon_Init
 .text.UART_photon_Enable
                0x00001a38       0x38 .\CortexM3\ARM_GCC_541\Debug\Design01.a(UART_photon.o)
                0x00001a38                UART_photon_Enable
 .text.UART_photon_Start
                0x00001a70       0x1c .\CortexM3\ARM_GCC_541\Debug\Design01.a(UART_photon.o)
                0x00001a70                UART_photon_Start
 .text.UART_photon_GetChar
                0x00001a8c       0x2c .\CortexM3\ARM_GCC_541\Debug\Design01.a(UART_photon.o)
                0x00001a8c                UART_photon_GetChar
 .text.UART_photon_GetRxBufferSize
                0x00001ab8       0x18 .\CortexM3\ARM_GCC_541\Debug\Design01.a(UART_photon.o)
                0x00001ab8                UART_photon_GetRxBufferSize
 .text.UART_photon_IntClock_Start
                0x00001ad0       0x1c .\CortexM3\ARM_GCC_541\Debug\Design01.a(UART_photon_IntClock.o)
                0x00001ad0                UART_photon_IntClock_Start
 *fill*         0x00001aec        0x4 
 .text          0x00001af0       0x20 .\CortexM3\ARM_GCC_541\Debug\Design01.a(CyBootAsmGnu.o)
                0x00001af0                CyDelayCycles
                0x00001b00                CyEnterCriticalSection
                0x00001b08                CyExitCriticalSection
 .text.myUSB_DispatchClassRqst
                0x00001b10       0x60 .\CortexM3\ARM_GCC_541\Debug\Design01.a(myUSB_cls.o)
                0x00001b10                myUSB_DispatchClassRqst
 .text.__errno  0x00001b70        0xc c:/program files (x86)/cypress/psoc creator/4.3/psoc creator/import/gnu/arm/5.4.1/bin/../lib/gcc/arm-none-eabi/5.4.1/../../../../arm-none-eabi/lib/armv7-m\libg_nano.a(lib_a-errno.o)
                0x00001b70                __errno
 .text.__libc_init_array
                0x00001b7c       0x4c c:/program files (x86)/cypress/psoc creator/4.3/psoc creator/import/gnu/arm/5.4.1/bin/../lib/gcc/arm-none-eabi/5.4.1/../../../../arm-none-eabi/lib/armv7-m\libg_nano.a(lib_a-init.o)
                0x00001b7c                __libc_init_array
 .text.memcpy   0x00001bc8       0x16 c:/program files (x86)/cypress/psoc creator/4.3/psoc creator/import/gnu/arm/5.4.1/bin/../lib/gcc/arm-none-eabi/5.4.1/../../../../arm-none-eabi/lib/armv7-m\libg_nano.a(lib_a-memcpy-stub.o)
                0x00001bc8                memcpy
 .text.memset   0x00001bde       0x10 c:/program files (x86)/cypress/psoc creator/4.3/psoc creator/import/gnu/arm/5.4.1/bin/../lib/gcc/arm-none-eabi/5.4.1/../../../../arm-none-eabi/lib/armv7-m\libg_nano.a(lib_a-memset.o)
                0x00001bde                memset
 .text.__cvt    0x00001bee       0xc0 c:/program files (x86)/cypress/psoc creator/4.3/psoc creator/import/gnu/arm/5.4.1/bin/../lib/gcc/arm-none-eabi/5.4.1/../../../../arm-none-eabi/lib/armv7-m\libg_nano.a(lib_a-nano-vfprintf_float.o)
                0x00001bee                __cvt
 .text.__exponent
                0x00001cae       0x62 c:/program files (x86)/cypress/psoc creator/4.3/psoc creator/import/gnu/arm/5.4.1/bin/../lib/gcc/arm-none-eabi/5.4.1/../../../../arm-none-eabi/lib/armv7-m\libg_nano.a(lib_a-nano-vfprintf_float.o)
                0x00001cae                __exponent
 .text._printf_float
                0x00001d10      0x488 c:/program files (x86)/cypress/psoc creator/4.3/psoc creator/import/gnu/arm/5.4.1/bin/../lib/gcc/arm-none-eabi/5.4.1/../../../../arm-none-eabi/lib/armv7-m\libg_nano.a(lib_a-nano-vfprintf_float.o)
                0x00001d10                _printf_float
 .text._printf_common
                0x00002198       0xec c:/program files (x86)/cypress/psoc creator/4.3/psoc creator/import/gnu/arm/5.4.1/bin/../lib/gcc/arm-none-eabi/5.4.1/../../../../arm-none-eabi/lib/armv7-m\libg_nano.a(lib_a-nano-vfprintf_i.o)
                0x00002198                _printf_common
 .text._printf_i
                0x00002284      0x24c c:/program files (x86)/cypress/psoc creator/4.3/psoc creator/import/gnu/arm/5.4.1/bin/../lib/gcc/arm-none-eabi/5.4.1/../../../../arm-none-eabi/lib/armv7-m\libg_nano.a(lib_a-nano-vfprintf_i.o)
                0x00002284                _printf_i
 .text.sprintf  0x000024d0       0x48 c:/program files (x86)/cypress/psoc creator/4.3/psoc creator/import/gnu/arm/5.4.1/bin/../lib/gcc/arm-none-eabi/5.4.1/../../../../arm-none-eabi/lib/armv7-m\libg_nano.a(lib_a-sprintf.o)
                0x000024d0                siprintf
                0x000024d0                sprintf
 .text          0x00002518       0x10 c:/program files (x86)/cypress/psoc creator/4.3/psoc creator/import/gnu/arm/5.4.1/bin/../lib/gcc/arm-none-eabi/5.4.1/../../../../arm-none-eabi/lib/armv7-m\libg_nano.a(lib_a-strlen.o)
                0x00002518                strlen
 .text._strtol_r
                0x00002528      0x10c c:/program files (x86)/cypress/psoc creator/4.3/psoc creator/import/gnu/arm/5.4.1/bin/../lib/gcc/arm-none-eabi/5.4.1/../../../../arm-none-eabi/lib/armv7-m\libg_nano.a(lib_a-strtol.o)
                0x00002528                _strtol_r
 .text.strtol   0x00002634       0x14 c:/program files (x86)/cypress/psoc creator/4.3/psoc creator/import/gnu/arm/5.4.1/bin/../lib/gcc/arm-none-eabi/5.4.1/../../../../arm-none-eabi/lib/armv7-m\libg_nano.a(lib_a-strtol.o)
                0x00002634                strtol
 .text.quorem   0x00002648      0x116 c:/program files (x86)/cypress/psoc creator/4.3/psoc creator/import/gnu/arm/5.4.1/bin/../lib/gcc/arm-none-eabi/5.4.1/../../../../arm-none-eabi/lib/armv7-m\libg_nano.a(lib_a-dtoa.o)
 *fill*         0x0000275e        0x2 
 .text._dtoa_r  0x00002760      0xb30 c:/program files (x86)/cypress/psoc creator/4.3/psoc creator/import/gnu/arm/5.4.1/bin/../lib/gcc/arm-none-eabi/5.4.1/../../../../arm-none-eabi/lib/armv7-m\libg_nano.a(lib_a-dtoa.o)
                0x00002760                _dtoa_r
 .text._localeconv_r
                0x00003290        0x8 c:/program files (x86)/cypress/psoc creator/4.3/psoc creator/import/gnu/arm/5.4.1/bin/../lib/gcc/arm-none-eabi/5.4.1/../../../../arm-none-eabi/lib/armv7-m\libg_nano.a(lib_a-locale.o)
                0x00003290                _localeconv_r
 .text.malloc   0x00003298       0x10 c:/program files (x86)/cypress/psoc creator/4.3/psoc creator/import/gnu/arm/5.4.1/bin/../lib/gcc/arm-none-eabi/5.4.1/../../../../arm-none-eabi/lib/armv7-m\libg_nano.a(lib_a-malloc.o)
                0x00003298                malloc
 .text.memchr   0x000032a8       0x1c c:/program files (x86)/cypress/psoc creator/4.3/psoc creator/import/gnu/arm/5.4.1/bin/../lib/gcc/arm-none-eabi/5.4.1/../../../../arm-none-eabi/lib/armv7-m\libg_nano.a(lib_a-memchr-stub.o)
                0x000032a8                memchr
 .text._Balloc  0x000032c4       0x6a c:/program files (x86)/cypress/psoc creator/4.3/psoc creator/import/gnu/arm/5.4.1/bin/../lib/gcc/arm-none-eabi/5.4.1/../../../../arm-none-eabi/lib/armv7-m\libg_nano.a(lib_a-mprec.o)
                0x000032c4                _Balloc
 .text._Bfree   0x0000332e       0x2e c:/program files (x86)/cypress/psoc creator/4.3/psoc creator/import/gnu/arm/5.4.1/bin/../lib/gcc/arm-none-eabi/5.4.1/../../../../arm-none-eabi/lib/armv7-m\libg_nano.a(lib_a-mprec.o)
                0x0000332e                _Bfree
 .text.__multadd
                0x0000335c       0x76 c:/program files (x86)/cypress/psoc creator/4.3/psoc creator/import/gnu/arm/5.4.1/bin/../lib/gcc/arm-none-eabi/5.4.1/../../../../arm-none-eabi/lib/armv7-m\libg_nano.a(lib_a-mprec.o)
                0x0000335c                __multadd
 .text.__hi0bits
                0x000033d2       0x40 c:/program files (x86)/cypress/psoc creator/4.3/psoc creator/import/gnu/arm/5.4.1/bin/../lib/gcc/arm-none-eabi/5.4.1/../../../../arm-none-eabi/lib/armv7-m\libg_nano.a(lib_a-mprec.o)
                0x000033d2                __hi0bits
 .text.__lo0bits
                0x00003412       0x5a c:/program files (x86)/cypress/psoc creator/4.3/psoc creator/import/gnu/arm/5.4.1/bin/../lib/gcc/arm-none-eabi/5.4.1/../../../../arm-none-eabi/lib/armv7-m\libg_nano.a(lib_a-mprec.o)
                0x00003412                __lo0bits
 .text.__i2b    0x0000346c       0x12 c:/program files (x86)/cypress/psoc creator/4.3/psoc creator/import/gnu/arm/5.4.1/bin/../lib/gcc/arm-none-eabi/5.4.1/../../../../arm-none-eabi/lib/armv7-m\libg_nano.a(lib_a-mprec.o)
                0x0000346c                __i2b
 .text.__multiply
                0x0000347e      0x120 c:/program files (x86)/cypress/psoc creator/4.3/psoc creator/import/gnu/arm/5.4.1/bin/../lib/gcc/arm-none-eabi/5.4.1/../../../../arm-none-eabi/lib/armv7-m\libg_nano.a(lib_a-mprec.o)
                0x0000347e                __multiply
 *fill*         0x0000359e        0x2 
 .text.__pow5mult
                0x000035a0       0x9c c:/program files (x86)/cypress/psoc creator/4.3/psoc creator/import/gnu/arm/5.4.1/bin/../lib/gcc/arm-none-eabi/5.4.1/../../../../arm-none-eabi/lib/armv7-m\libg_nano.a(lib_a-mprec.o)
                0x000035a0                __pow5mult
 .text.__lshift
                0x0000363c       0xa2 c:/program files (x86)/cypress/psoc creator/4.3/psoc creator/import/gnu/arm/5.4.1/bin/../lib/gcc/arm-none-eabi/5.4.1/../../../../arm-none-eabi/lib/armv7-m\libg_nano.a(lib_a-mprec.o)
                0x0000363c                __lshift
 .text.__mcmp   0x000036de       0x38 c:/program files (x86)/cypress/psoc creator/4.3/psoc creator/import/gnu/arm/5.4.1/bin/../lib/gcc/arm-none-eabi/5.4.1/../../../../arm-none-eabi/lib/armv7-m\libg_nano.a(lib_a-mprec.o)
                0x000036de                __mcmp
 .text.__mdiff  0x00003716       0xbe c:/program files (x86)/cypress/psoc creator/4.3/psoc creator/import/gnu/arm/5.4.1/bin/../lib/gcc/arm-none-eabi/5.4.1/../../../../arm-none-eabi/lib/armv7-m\libg_nano.a(lib_a-mprec.o)
                0x00003716                __mdiff
 .text.__d2b    0x000037d4       0x9c c:/program files (x86)/cypress/psoc creator/4.3/psoc creator/import/gnu/arm/5.4.1/bin/../lib/gcc/arm-none-eabi/5.4.1/../../../../arm-none-eabi/lib/armv7-m\libg_nano.a(lib_a-mprec.o)
                0x000037d4                __d2b
 .text._calloc_r
                0x00003870       0x1c c:/program files (x86)/cypress/psoc creator/4.3/psoc creator/import/gnu/arm/5.4.1/bin/../lib/gcc/arm-none-eabi/5.4.1/../../../../arm-none-eabi/lib/armv7-m\libg_nano.a(lib_a-nano-callocr.o)
                0x00003870                _calloc_r
 .text._free_r  0x0000388c       0x98 c:/program files (x86)/cypress/psoc creator/4.3/psoc creator/import/gnu/arm/5.4.1/bin/../lib/gcc/arm-none-eabi/5.4.1/../../../../arm-none-eabi/lib/armv7-m\libg_nano.a(lib_a-nano-freer.o)
                0x0000388c                _free_r
 .text._malloc_r
                0x00003924       0xbc c:/program files (x86)/cypress/psoc creator/4.3/psoc creator/import/gnu/arm/5.4.1/bin/../lib/gcc/arm-none-eabi/5.4.1/../../../../arm-none-eabi/lib/armv7-m\libg_nano.a(lib_a-nano-mallocr.o)
                0x00003924                _malloc_r
 .text.__ssputs_r
                0x000039e0       0xb2 c:/program files (x86)/cypress/psoc creator/4.3/psoc creator/import/gnu/arm/5.4.1/bin/../lib/gcc/arm-none-eabi/5.4.1/../../../../arm-none-eabi/lib/armv7-m\libg_nano.a(lib_a-nano-svfprintf.o)
                0x000039e0                __ssputs_r
 *fill*         0x00003a92        0x2 
 .text._svfprintf_r
                0x00003a94      0x1e8 c:/program files (x86)/cypress/psoc creator/4.3/psoc creator/import/gnu/arm/5.4.1/bin/../lib/gcc/arm-none-eabi/5.4.1/../../../../arm-none-eabi/lib/armv7-m\libg_nano.a(lib_a-nano-svfprintf.o)
                0x00003a94                _svfiprintf_r
                0x00003a94                _svfprintf_r
 .text._sbrk_r  0x00003c7c       0x20 c:/program files (x86)/cypress/psoc creator/4.3/psoc creator/import/gnu/arm/5.4.1/bin/../lib/gcc/arm-none-eabi/5.4.1/../../../../arm-none-eabi/lib/armv7-m\libg_nano.a(lib_a-sbrkr.o)
                0x00003c7c                _sbrk_r
 .text.memmove  0x00003c9c       0x36 c:/program files (x86)/cypress/psoc creator/4.3/psoc creator/import/gnu/arm/5.4.1/bin/../lib/gcc/arm-none-eabi/5.4.1/../../../../arm-none-eabi/lib/armv7-m\libg_nano.a(lib_a-memmove.o)
                0x00003c9c                memmove
 .text.__malloc_lock
                0x00003cd2        0x2 c:/program files (x86)/cypress/psoc creator/4.3/psoc creator/import/gnu/arm/5.4.1/bin/../lib/gcc/arm-none-eabi/5.4.1/../../../../arm-none-eabi/lib/armv7-m\libg_nano.a(lib_a-mlock.o)
                0x00003cd2                __malloc_lock
 .text.__malloc_unlock
                0x00003cd4        0x2 c:/program files (x86)/cypress/psoc creator/4.3/psoc creator/import/gnu/arm/5.4.1/bin/../lib/gcc/arm-none-eabi/5.4.1/../../../../arm-none-eabi/lib/armv7-m\libg_nano.a(lib_a-mlock.o)
                0x00003cd4                __malloc_unlock
 .text._realloc_r
                0x00003cd6       0x4c c:/program files (x86)/cypress/psoc creator/4.3/psoc creator/import/gnu/arm/5.4.1/bin/../lib/gcc/arm-none-eabi/5.4.1/../../../../arm-none-eabi/lib/armv7-m\libg_nano.a(lib_a-nano-reallocr.o)
                0x00003cd6                _realloc_r
 .text._malloc_usable_size_r
                0x00003d22       0x14 c:/program files (x86)/cypress/psoc creator/4.3/psoc creator/import/gnu/arm/5.4.1/bin/../lib/gcc/arm-none-eabi/5.4.1/../../../../arm-none-eabi/lib/armv7-m\libg_nano.a(lib_a-nano-msizer.o)
                0x00003d22                _malloc_usable_size_r
 *fill*         0x00003d36        0x2 
 .text          0x00003d38      0x370 c:/program files (x86)/cypress/psoc creator/4.3/psoc creator/import/gnu/arm/5.4.1/bin/../lib/gcc/arm-none-eabi/5.4.1/armv7-m\libgcc.a(_arm_addsubdf3.o)
                0x00003d38                __aeabi_drsub
                0x00003d40                __aeabi_dsub
                0x00003d40                __subdf3
                0x00003d44                __aeabi_dadd
                0x00003d44                __adddf3
                0x00003fbc                __floatunsidf
                0x00003fbc                __aeabi_ui2d
                0x00003fdc                __floatsidf
                0x00003fdc                __aeabi_i2d
                0x00004000                __aeabi_f2d
                0x00004000                __extendsfdf2
                0x0000403c                __floatundidf
                0x0000403c                __aeabi_ul2d
                0x0000404c                __floatdidf
                0x0000404c                __aeabi_l2d
 .text          0x000040a8      0x424 c:/program files (x86)/cypress/psoc creator/4.3/psoc creator/import/gnu/arm/5.4.1/bin/../lib/gcc/arm-none-eabi/5.4.1/armv7-m\libgcc.a(_arm_muldivdf3.o)
                0x000040a8                __aeabi_dmul
                0x000040a8                __muldf3
                0x000042fc                __divdf3
                0x000042fc                __aeabi_ddiv
 .text          0x000044cc      0x110 c:/program files (x86)/cypress/psoc creator/4.3/psoc creator/import/gnu/arm/5.4.1/bin/../lib/gcc/arm-none-eabi/5.4.1/armv7-m\libgcc.a(_arm_cmpdf2.o)
                0x000044cc                __gtdf2
                0x000044cc                __gedf2
                0x000044d4                __ltdf2
                0x000044d4                __ledf2
                0x000044dc                __nedf2
                0x000044dc                __eqdf2
                0x000044dc                __cmpdf2
                0x00004558                __aeabi_cdrcmple
                0x00004568                __aeabi_cdcmpeq
                0x00004568                __aeabi_cdcmple
                0x00004578                __aeabi_dcmpeq
                0x0000458c                __aeabi_dcmplt
                0x000045a0                __aeabi_dcmple
                0x000045b4                __aeabi_dcmpge
                0x000045c8                __aeabi_dcmpgt
 .text          0x000045dc       0x2c c:/program files (x86)/cypress/psoc creator/4.3/psoc creator/import/gnu/arm/5.4.1/bin/../lib/gcc/arm-none-eabi/5.4.1/armv7-m\libgcc.a(_arm_unorddf2.o)
                0x000045dc                __unorddf2
                0x000045dc                __aeabi_dcmpun
 .text          0x00004608       0x50 c:/program files (x86)/cypress/psoc creator/4.3/psoc creator/import/gnu/arm/5.4.1/bin/../lib/gcc/arm-none-eabi/5.4.1/armv7-m\libgcc.a(_arm_fixdfsi.o)
                0x00004608                __aeabi_d2iz
                0x00004608                __fixdfsi
 *(.plt)
 *(.gnu.warning)
 *(.glue_7t)
 .glue_7t       0x00004658        0x0 linker stubs
 *(.glue_7)
 .glue_7        0x00004658        0x0 linker stubs
 *(.vfp11_veneer)
 .vfp11_veneer  0x00004658        0x0 linker stubs
 *(.bootloader)
 *(.ARM.extab* .gnu.linkonce.armextab.*)
 *(.gcc_except_table)

.v4_bx          0x00004658        0x0
 .v4_bx         0x00004658        0x0 linker stubs

.iplt           0x00004658        0x0
 .iplt          0x00004658        0x0 c:/program files (x86)/cypress/psoc creator/4.3/psoc creator/import/gnu/arm/5.4.1/bin/../lib/gcc/arm-none-eabi/5.4.1/armv7-m/crtbegin.o

.eh_frame_hdr
 *(.eh_frame_hdr)

.eh_frame       0x00004658        0x4
 *(.eh_frame)
 .eh_frame      0x00004658        0x0 c:/program files (x86)/cypress/psoc creator/4.3/psoc creator/import/gnu/arm/5.4.1/bin/../lib/gcc/arm-none-eabi/5.4.1/armv7-m/crtbegin.o
 .eh_frame      0x00004658        0x4 c:/program files (x86)/cypress/psoc creator/4.3/psoc creator/import/gnu/arm/5.4.1/bin/../lib/gcc/arm-none-eabi/5.4.1/armv7-m/crtend.o
                [!provide]                PROVIDE (__exidx_start, .)

.ARM.exidx
 *(.ARM.exidx* .gnu.linkonce.armexidx.*)
                0x0000465c                __exidx_end = .

.rodata         0x00004660      0x458
 *(.rodata .rodata.* .gnu.linkonce.r.*)
 .rodata.str1.4
                0x00004660        0xd .\CortexM3\ARM_GCC_541\Debug\main.o
 *fill*         0x0000466d        0x3 
 .rodata        0x00004670       0x3a .\CortexM3\ARM_GCC_541\Debug\cyfitter_cfg.o
 *fill*         0x000046aa        0x2 
 .rodata.str1.4
                0x000046ac       0x14 .\CortexM3\ARM_GCC_541\Debug\Design01.a(myUSB_std.o)
                                 0x11 (size before relaxing)
 .rodata        0x000046c0      0x15e .\CortexM3\ARM_GCC_541\Debug\Design01.a(myUSB_descr.o)
                0x000046c0                myUSB_TABLE
                0x000046c8                myUSB_DEVICE0_TABLE
                0x000046e0                myUSB_DEVICE0_CONFIGURATION0_TABLE
                0x00004708                myUSB_DEVICE0_CONFIGURATION0_INTERFACE_CLASS
                0x0000470c                myUSB_DEVICE0_CONFIGURATION0_EP_SETTINGS_TABLE
                0x00004724                myUSB_SN_STRING_DESCRIPTOR
                0x00004728                myUSB_STRING_DESCRIPTORS
                0x000047c8                myUSB_DEVICE0_CONFIGURATION0_DESCR
                0x0000480c                myUSB_DEVICE0_DESCR
 .rodata.str1.1
                0x0000481e        0x2 c:/program files (x86)/cypress/psoc creator/4.3/psoc creator/import/gnu/arm/5.4.1/bin/../lib/gcc/arm-none-eabi/5.4.1/../../../../arm-none-eabi/lib/armv7-m\libg_nano.a(lib_a-impure.o)
 .rodata.str1.1
                0x00004820       0x12 c:/program files (x86)/cypress/psoc creator/4.3/psoc creator/import/gnu/arm/5.4.1/bin/../lib/gcc/arm-none-eabi/5.4.1/../../../../arm-none-eabi/lib/armv7-m\libg_nano.a(lib_a-nano-vfprintf_float.o)
 .rodata.str1.1
                0x00004832       0x22 c:/program files (x86)/cypress/psoc creator/4.3/psoc creator/import/gnu/arm/5.4.1/bin/../lib/gcc/arm-none-eabi/5.4.1/../../../../arm-none-eabi/lib/armv7-m\libg_nano.a(lib_a-nano-vfprintf_i.o)
 .rodata._ctype_
                0x00004854      0x101 c:/program files (x86)/cypress/psoc creator/4.3/psoc creator/import/gnu/arm/5.4.1/bin/../lib/gcc/arm-none-eabi/5.4.1/../../../../arm-none-eabi/lib/armv7-m\libg_nano.a(lib_a-ctype_.o)
                0x00004854                _ctype_
 .rodata.str1.1
                0x00004955        0xd c:/program files (x86)/cypress/psoc creator/4.3/psoc creator/import/gnu/arm/5.4.1/bin/../lib/gcc/arm-none-eabi/5.4.1/../../../../arm-none-eabi/lib/armv7-m\libg_nano.a(lib_a-dtoa.o)
                                  0xf (size before relaxing)
 .rodata.str1.1
                0x00004962        0x8 c:/program files (x86)/cypress/psoc creator/4.3/psoc creator/import/gnu/arm/5.4.1/bin/../lib/gcc/arm-none-eabi/5.4.1/../../../../arm-none-eabi/lib/armv7-m\libg_nano.a(lib_a-locale.o)
                                  0xb (size before relaxing)
 *fill*         0x0000496a        0x6 
 .rodata.__mprec_tens
                0x00004970       0xc8 c:/program files (x86)/cypress/psoc creator/4.3/psoc creator/import/gnu/arm/5.4.1/bin/../lib/gcc/arm-none-eabi/5.4.1/../../../../arm-none-eabi/lib/armv7-m\libg_nano.a(lib_a-mprec.o)
                0x00004970                __mprec_tens
 .rodata.p05.5408
                0x00004a38        0xc c:/program files (x86)/cypress/psoc creator/4.3/psoc creator/import/gnu/arm/5.4.1/bin/../lib/gcc/arm-none-eabi/5.4.1/../../../../arm-none-eabi/lib/armv7-m\libg_nano.a(lib_a-mprec.o)
 *fill*         0x00004a44        0x4 
 .rodata.__mprec_bigtens
                0x00004a48       0x28 c:/program files (x86)/cypress/psoc creator/4.3/psoc creator/import/gnu/arm/5.4.1/bin/../lib/gcc/arm-none-eabi/5.4.1/../../../../arm-none-eabi/lib/armv7-m\libg_nano.a(lib_a-mprec.o)
                0x00004a48                __mprec_bigtens
 .rodata.str1.1
                0x00004a70       0x11 c:/program files (x86)/cypress/psoc creator/4.3/psoc creator/import/gnu/arm/5.4.1/bin/../lib/gcc/arm-none-eabi/5.4.1/../../../../arm-none-eabi/lib/armv7-m\libg_nano.a(lib_a-nano-svfprintf.o)
                0x00004a84                . = ALIGN (0x4)
 *fill*         0x00004a81        0x3 
 *(.init)
 .init          0x00004a84        0x4 c:/program files (x86)/cypress/psoc creator/4.3/psoc creator/import/gnu/arm/5.4.1/bin/../lib/gcc/arm-none-eabi/5.4.1/armv7-m/crti.o
                0x00004a84                _init
 .init          0x00004a88        0x8 c:/program files (x86)/cypress/psoc creator/4.3/psoc creator/import/gnu/arm/5.4.1/bin/../lib/gcc/arm-none-eabi/5.4.1/armv7-m/crtn.o
                0x00004a90                . = ALIGN (0x4)
                0x00004a90                __preinit_array_start = .
 *(.preinit_array)
                0x00004a90                __preinit_array_end = .
                0x00004a90                . = ALIGN (0x4)
                0x00004a90                __init_array_start = .
 *(SORT(.init_array.*))
 *(.init_array)
 .init_array    0x00004a90        0x4 c:/program files (x86)/cypress/psoc creator/4.3/psoc creator/import/gnu/arm/5.4.1/bin/../lib/gcc/arm-none-eabi/5.4.1/armv7-m/crtbegin.o
 .init_array    0x00004a94        0x4 .\CortexM3\ARM_GCC_541\Debug\Cm3Start.o
                0x00004a98                __init_array_end = .
                0x00004a98                . = ALIGN (0x4)
 *(.fini)
 .fini          0x00004a98        0x4 c:/program files (x86)/cypress/psoc creator/4.3/psoc creator/import/gnu/arm/5.4.1/bin/../lib/gcc/arm-none-eabi/5.4.1/armv7-m/crti.o
                0x00004a98                _fini
 .fini          0x00004a9c        0x8 c:/program files (x86)/cypress/psoc creator/4.3/psoc creator/import/gnu/arm/5.4.1/bin/../lib/gcc/arm-none-eabi/5.4.1/armv7-m/crtn.o
                0x00004aa4                . = ALIGN (0x4)
                0x00004aa4                __fini_array_start = .
 *(.fini_array)
 .fini_array    0x00004aa4        0x4 c:/program files (x86)/cypress/psoc creator/4.3/psoc creator/import/gnu/arm/5.4.1/bin/../lib/gcc/arm-none-eabi/5.4.1/armv7-m/crtbegin.o
 *(SORT(.fini_array.*))
                0x00004aa8                __fini_array_end = .
                0x00004aa8                . = ALIGN (0x4)
 *crtbegin.o(.ctors)
 *(EXCLUDE_FILE(*crtend.o) .ctors)
 *(SORT(.ctors.*))
 *crtend.o(.ctors)
                0x00004aa8                . = ALIGN (0x4)
 *crtbegin.o(.dtors)
 *(EXCLUDE_FILE(*crtend.o) .dtors)
 *(SORT(.dtors.*))
 *crtend.o(.dtors)
                0x00004aa8                . = ALIGN (0x4)
                0x00004aa8                __cy_regions = .
                0x00004aa8        0x4 LONG 0x4ab8 __cy_region_init_ram
                0x00004aac        0x4 LONG 0x1fff80c8 __cy_region_start_data
                0x00004ab0        0x4 LONG 0xd8 __cy_region_init_size_ram
                0x00004ab4        0x4 LONG 0x1e8 __cy_region_zero_size_ram
                0x00004ab8                __cy_regions_end = .
                0x00004ab8                . = ALIGN (0x8)
                0x00004ab8                _etext = .

.cy_checksum_exclude
                0x00004ab8        0x0
 *(.cy_checksum_exclude)

.ramvectors     0x1fff8000       0xc0
                0x1fff8000                __cy_region_start_ram = .
 *(.ramvectors)
 .ramvectors    0x1fff8000       0xc0 .\CortexM3\ARM_GCC_541\Debug\Cm3Start.o
                0x1fff8000                CyRamVectors

.noinit         0x1fff80c0        0x1
 *(.noinit)
 .noinit        0x1fff80c0        0x1 .\CortexM3\ARM_GCC_541\Debug\Design01.a(CyLib.o)
                0x1fff80c0                CyResetStatus

.data           0x1fff80c8       0xd8 load address 0x00004ab8
                0x1fff80c8                __cy_region_start_data = .
 *(.jcr)
 .jcr           0x1fff80c8        0x0 c:/program files (x86)/cypress/psoc creator/4.3/psoc creator/import/gnu/arm/5.4.1/bin/../lib/gcc/arm-none-eabi/5.4.1/armv7-m/crtbegin.o
 .jcr           0x1fff80c8        0x4 c:/program files (x86)/cypress/psoc creator/4.3/psoc creator/import/gnu/arm/5.4.1/bin/../lib/gcc/arm-none-eabi/5.4.1/armv7-m/crtend.o
 *(.got.plt)
 *(.got)
 *(.shdata)
 *(.data .data.* .gnu.linkonce.d.*)
 .data          0x1fff80cc        0x4 .\CortexM3\ARM_GCC_541\Debug\Cm3Start.o
 .data          0x1fff80d0       0x1a .\CortexM3\ARM_GCC_541\Debug\Design01.a(myUSB_cdc.o)
                0x1fff80d0                myUSB_linesCoding
 *fill*         0x1fff80ea        0x2 
 .data          0x1fff80ec       0x10 .\CortexM3\ARM_GCC_541\Debug\Design01.a(CyLib.o)
                0x1fff80ec                cydelay_32k_ms
                0x1fff80f0                cydelay_freq_khz
                0x1fff80f4                cydelay_freq_mhz
                0x1fff80f8                cydelay_freq_hz
 .data.impure_data
                0x1fff80fc       0x60 c:/program files (x86)/cypress/psoc creator/4.3/psoc creator/import/gnu/arm/5.4.1/bin/../lib/gcc/arm-none-eabi/5.4.1/../../../../arm-none-eabi/lib/armv7-m\libg_nano.a(lib_a-impure.o)
 .data._impure_ptr
                0x1fff815c        0x4 c:/program files (x86)/cypress/psoc creator/4.3/psoc creator/import/gnu/arm/5.4.1/bin/../lib/gcc/arm-none-eabi/5.4.1/../../../../arm-none-eabi/lib/armv7-m\libg_nano.a(lib_a-impure.o)
                0x1fff815c                _impure_ptr
 .data.__ctype_ptr__
                0x1fff8160        0x4 c:/program files (x86)/cypress/psoc creator/4.3/psoc creator/import/gnu/arm/5.4.1/bin/../lib/gcc/arm-none-eabi/5.4.1/../../../../arm-none-eabi/lib/armv7-m\libg_nano.a(lib_a-ctype_.o)
                0x1fff8160                __ctype_ptr__
 .data.lconv    0x1fff8164       0x38 c:/program files (x86)/cypress/psoc creator/4.3/psoc creator/import/gnu/arm/5.4.1/bin/../lib/gcc/arm-none-eabi/5.4.1/../../../../arm-none-eabi/lib/armv7-m\libg_nano.a(lib_a-locale.o)
                0x1fff81a0                . = ALIGN (0x8)
 *fill*         0x1fff819c        0x4 
 *(.ram)
                0x1fff81a0                _edata = .

.igot.plt       0x1fff81a0        0x0 load address 0x00004b90
 .igot.plt      0x1fff81a0        0x0 c:/program files (x86)/cypress/psoc creator/4.3/psoc creator/import/gnu/arm/5.4.1/bin/../lib/gcc/arm-none-eabi/5.4.1/armv7-m/crtbegin.o

.bss            0x1fff81a0      0x1e8 load address 0x00004b90
                0x1fff81a0                PROVIDE (__bss_start__, .)
 *(.shbss)
 *(.bss .bss.* .gnu.linkonce.b.*)
 .bss           0x1fff81a0       0x1c c:/program files (x86)/cypress/psoc creator/4.3/psoc creator/import/gnu/arm/5.4.1/bin/../lib/gcc/arm-none-eabi/5.4.1/armv7-m/crtbegin.o
 .bss           0x1fff81bc       0x14 .\CortexM3\ARM_GCC_541\Debug\main.o
                0x1fff81bc                read_val
                0x1fff81c0                ii
                0x1fff81c4                lval
                0x1fff81c8                l
                0x1fff81cc                kk
 .bss           0x1fff81d0        0x1 .\CortexM3\ARM_GCC_541\Debug\Design01.a(myUSB.o)
                0x1fff81d0                myUSB_initVar
 .bss           0x1fff81d1        0x1 .\CortexM3\ARM_GCC_541\Debug\Design01.a(myUSB_cdc.o)
 *fill*         0x1fff81d2        0x2 
 .bss           0x1fff81d4        0x2 .\CortexM3\ARM_GCC_541\Debug\Design01.a(myUSB_std.o)
 .bss           0x1fff81d6        0x2 .\CortexM3\ARM_GCC_541\Debug\Design01.a(UART_photon.o)
                0x1fff81d6                UART_photon_initVar
 .bss.__malloc_sbrk_start
                0x1fff81d8        0x4 c:/program files (x86)/cypress/psoc creator/4.3/psoc creator/import/gnu/arm/5.4.1/bin/../lib/gcc/arm-none-eabi/5.4.1/../../../../arm-none-eabi/lib/armv7-m\libg_nano.a(lib_a-nano-mallocr.o)
                0x1fff81d8                __malloc_sbrk_start
 .bss.__malloc_free_list
                0x1fff81dc        0x4 c:/program files (x86)/cypress/psoc creator/4.3/psoc creator/import/gnu/arm/5.4.1/bin/../lib/gcc/arm-none-eabi/5.4.1/../../../../arm-none-eabi/lib/armv7-m\libg_nano.a(lib_a-nano-mallocr.o)
                0x1fff81dc                __malloc_free_list
 *(COMMON)
 COMMON         0x1fff81e0       0xd0 .\CortexM3\ARM_GCC_541\Debug\main.o
                0x1fff81e0                ptr
                0x1fff81e4                rxdata
                0x1fff8248                txdata
                0x1fff82ac                c
                0x1fff82ae                len
 COMMON         0x1fff82b0       0x18 .\CortexM3\ARM_GCC_541\Debug\Design01.a(myUSB_cdc.o)
                0x1fff82b0                myUSB_linesChanged
                0x1fff82b4                myUSB_cdcCommInInterruptEp
                0x1fff82b8                myUSB_cdcDataOutEp
                0x1fff82bc                myUSB_cdcDataInEp
                0x1fff82c0                myUSB_serialStateBitmap
                0x1fff82c4                myUSB_linesControlBitmap
 COMMON         0x1fff82c8       0x93 .\CortexM3\ARM_GCC_541\Debug\Design01.a(myUSB_drv.o)
                0x1fff82c8                myUSB_interfaceSettingLast
                0x1fff82ca                myUSB_ep0Mode
                0x1fff82cb                myUSB_interfaceNumber
                0x1fff82cc                myUSB_EP
                0x1fff8338                myUSB_deviceStatus
                0x1fff8339                myUSB_deviceAddress
                0x1fff833a                myUSB_device
                0x1fff833c                myUSB_interfaceSetting
                0x1fff833e                myUSB_lastPacketSize
                0x1fff8340                myUSB_transferByteCount
                0x1fff8342                myUSB_transferState
                0x1fff8344                myUSB_interfaceClass
                0x1fff8348                myUSB_configurationChanged
                0x1fff8349                myUSB_ep0Toggle
                0x1fff834a                myUSB_ep0Count
                0x1fff834c                myUSB_currentTD
                0x1fff8358                myUSB_interfaceStatus
                0x1fff835a                myUSB_configuration
 *fill*         0x1fff835b        0x1 
 COMMON         0x1fff835c       0x22 .\CortexM3\ARM_GCC_541\Debug\Design01.a(myUSB_descr.o)
                0x1fff835c                myUSB_idSerialNumberStringDescriptor
 *fill*         0x1fff837e        0x2 
 COMMON         0x1fff8380        0x4 c:/program files (x86)/cypress/psoc creator/4.3/psoc creator/import/gnu/arm/5.4.1/bin/../lib/gcc/arm-none-eabi/5.4.1/../../../../arm-none-eabi/lib/armv7-m\libg_nano.a(lib_a-reent.o)
                0x1fff8380                errno
                0x1fff8388                . = ALIGN (0x8)
 *fill*         0x1fff8384        0x4 
 *(.ram.b)
                0x1fff8388                _end = .
                0x1fff8388                __end = .
                0x1fff8388                PROVIDE (end, .)
                0x1fff8388                PROVIDE (__bss_end__, .)
                0x00004ab8                __cy_region_init_ram = LOADADDR (.data)
                0x000000d8                __cy_region_init_size_ram = (_edata - ADDR (.data))
                0x000001e8                __cy_region_zero_size_ram = (_end - _edata)

.heap           0x1fff8388      0x800 load address 0x00004b90
                0x1fff8388                . = _end
                0x1fff8b88                . = (. + 0x800)
 *fill*         0x1fff8388      0x800 
                0x1fff8b88                __cy_heap_limit = .

.stack          0x20007800      0x800
                0x20007800                __cy_stack_limit = .
                0x20008000                . = (. + 0x800)
 *fill*         0x20007800      0x800 
                0x00000001                ASSERT ((__cy_stack_limit >= __cy_heap_limit), region RAM overflowed with stack)
                0x00000000                cy_checksum_exclude_size = (CY_APPL_LOADABLE == 0x1)?SIZEOF (.cy_checksum_exclude):0x0
                0x00000001                ASSERT ((cy_checksum_exclude_size <= CY_CHECKSUM_EXCLUDE_SIZE), CY_BOOT: Section .cy_checksum_exclude size exceedes specified limit.)

.cyloadermeta
 *(.cyloadermeta)

.cyloadablemeta
 *(.cyloadablemeta)

.cyconfigecc    0x80000000      0x370
 *(.cyconfigecc)
 .cyconfigecc   0x80000000      0x370 .\CortexM3\ARM_GCC_541\Debug\cymetadata.o
                0x80000000                cy_meta_configecc

.cycustnvl      0x90000000        0x4
 *(.cycustnvl)
 .cycustnvl     0x90000000        0x4 .\CortexM3\ARM_GCC_541\Debug\cymetadata.o
                0x90000000                cy_meta_custnvl

.cywolatch      0x90100000        0x4
 *(.cywolatch)
 .cywolatch     0x90100000        0x4 .\CortexM3\ARM_GCC_541\Debug\cymetadata.o
                0x90100000                cy_meta_wonvl

.cyeeprom       0x90200000        0x0
 *(.cyeeprom)
                0x00000001                ASSERT ((. <= ((0x90200000 + ee_offset) + ee_size)), .cyeeprom data will not fit in EEPROM)

.cyflashprotect
                0x90400000      0x100
 *(.cyflashprotect)
 .cyflashprotect
                0x90400000      0x100 .\CortexM3\ARM_GCC_541\Debug\cymetadata.o
                0x90400000                cy_meta_flashprotect

.cymeta         0x90500000        0xc
 *(.cymeta)
 .cymeta        0x90500000        0xc .\CortexM3\ARM_GCC_541\Debug\cymetadata.o
                0x90500000                cy_metadata

.rel.dyn        0x00004b90        0x0 load address 0x9050000c
 .rel.iplt      0x00004b90        0x0 c:/program files (x86)/cypress/psoc creator/4.3/psoc creator/import/gnu/arm/5.4.1/bin/../lib/gcc/arm-none-eabi/5.4.1/armv7-m/crtbegin.o

.stab
 *(.stab)

.stabstr
 *(.stabstr)

.debug
 *(.debug)

.line
 *(.line)

.debug_srcinfo
 *(.debug_srcinfo)

.debug_sfnames
 *(.debug_sfnames)

.debug_aranges  0x00000000      0xac0
 *(.debug_aranges)
 .debug_aranges
                0x00000000       0x28 .\CortexM3\ARM_GCC_541\Debug\main.o
 .debug_aranges
                0x00000028       0x58 .\CortexM3\ARM_GCC_541\Debug\cyfitter_cfg.o
 .debug_aranges
                0x00000080       0x18 .\CortexM3\ARM_GCC_541\Debug\cymetadata.o
 .debug_aranges
                0x00000098       0x48 .\CortexM3\ARM_GCC_541\Debug\Cm3Start.o
 .debug_aranges
                0x000000e0       0xc8 .\CortexM3\ARM_GCC_541\Debug\Design01.a(myUSB.o)
 .debug_aranges
                0x000001a8       0xe8 .\CortexM3\ARM_GCC_541\Debug\Design01.a(myUSB_cdc.o)
 .debug_aranges
                0x00000290       0x98 .\CortexM3\ARM_GCC_541\Debug\Design01.a(myUSB_drv.o)
 .debug_aranges
                0x00000328       0x40 .\CortexM3\ARM_GCC_541\Debug\Design01.a(myUSB_episr.o)
 .debug_aranges
                0x00000368       0x40 .\CortexM3\ARM_GCC_541\Debug\Design01.a(myUSB_pm.o)
 .debug_aranges
                0x000003a8       0x80 .\CortexM3\ARM_GCC_541\Debug\Design01.a(myUSB_std.o)
 .debug_aranges
                0x00000428       0x20 .\CortexM3\ARM_GCC_541\Debug\Design01.a(myUSB_vnd.o)
 .debug_aranges
                0x00000448       0x48 .\CortexM3\ARM_GCC_541\Debug\Design01.a(myUSB_Dp.o)
 .debug_aranges
                0x00000490      0x2a0 .\CortexM3\ARM_GCC_541\Debug\Design01.a(CyLib.o)
 .debug_aranges
                0x00000730       0x98 .\CortexM3\ARM_GCC_541\Debug\Design01.a(cyPm.o)
 .debug_aranges
                0x000007c8       0x38 .\CortexM3\ARM_GCC_541\Debug\Design01.a(Pin_1.o)
 .debug_aranges
                0x00000800       0xf0 .\CortexM3\ARM_GCC_541\Debug\Design01.a(UART_photon.o)
 .debug_aranges
                0x000008f0       0x70 .\CortexM3\ARM_GCC_541\Debug\Design01.a(UART_photon_IntClock.o)
 .debug_aranges
                0x00000960       0x20 .\CortexM3\ARM_GCC_541\Debug\Design01.a(CyBootAsmGnu.o)
 .debug_aranges
                0x00000980       0x20 .\CortexM3\ARM_GCC_541\Debug\Design01.a(myUSB_cls.o)
 .debug_aranges
                0x000009a0       0x18 .\CortexM3\ARM_GCC_541\Debug\Design01.a(myUSB_descr.o)
 .debug_aranges
                0x000009b8       0x88 .\CortexM3\ARM_GCC_541\Debug\Design01.a(CyFlash.o)
 .debug_aranges
                0x00000a40       0x80 .\CortexM3\ARM_GCC_541\Debug\Design01.a(CySpc.o)

.debug_pubnames
 *(.debug_pubnames)

.debug_info     0x00000000     0x73af
 *(.debug_info .gnu.linkonce.wi.*)
 .debug_info    0x00000000      0x359 .\CortexM3\ARM_GCC_541\Debug\main.o
 .debug_info    0x00000359      0x5ba .\CortexM3\ARM_GCC_541\Debug\cyfitter_cfg.o
 .debug_info    0x00000913      0x135 .\CortexM3\ARM_GCC_541\Debug\cymetadata.o
 .debug_info    0x00000a48      0x3bb .\CortexM3\ARM_GCC_541\Debug\Cm3Start.o
 .debug_info    0x00000e03      0x995 .\CortexM3\ARM_GCC_541\Debug\Design01.a(myUSB.o)
 .debug_info    0x00001798      0xaf7 .\CortexM3\ARM_GCC_541\Debug\Design01.a(myUSB_cdc.o)
 .debug_info    0x0000228f      0x655 .\CortexM3\ARM_GCC_541\Debug\Design01.a(myUSB_drv.o)
 .debug_info    0x000028e4      0x254 .\CortexM3\ARM_GCC_541\Debug\Design01.a(myUSB_episr.o)
 .debug_info    0x00002b38      0x2e4 .\CortexM3\ARM_GCC_541\Debug\Design01.a(myUSB_pm.o)
 .debug_info    0x00002e1c      0xb26 .\CortexM3\ARM_GCC_541\Debug\Design01.a(myUSB_std.o)
 .debug_info    0x00003942       0xed .\CortexM3\ARM_GCC_541\Debug\Design01.a(myUSB_vnd.o)
 .debug_info    0x00003a2f      0x174 .\CortexM3\ARM_GCC_541\Debug\Design01.a(myUSB_Dp.o)
 .debug_info    0x00003ba3     0x1374 .\CortexM3\ARM_GCC_541\Debug\Design01.a(CyLib.o)
 .debug_info    0x00004f17      0xa2a .\CortexM3\ARM_GCC_541\Debug\Design01.a(cyPm.o)
 .debug_info    0x00005941      0x11f .\CortexM3\ARM_GCC_541\Debug\Design01.a(Pin_1.o)
 .debug_info    0x00005a60      0x60c .\CortexM3\ARM_GCC_541\Debug\Design01.a(UART_photon.o)
 .debug_info    0x0000606c      0x283 .\CortexM3\ARM_GCC_541\Debug\Design01.a(UART_photon_IntClock.o)
 .debug_info    0x000062ef       0xa2 .\CortexM3\ARM_GCC_541\Debug\Design01.a(CyBootAsmGnu.o)
 .debug_info    0x00006391      0x1de .\CortexM3\ARM_GCC_541\Debug\Design01.a(myUSB_cls.o)
 .debug_info    0x0000656f      0x2a3 .\CortexM3\ARM_GCC_541\Debug\Design01.a(myUSB_descr.o)
 .debug_info    0x00006812      0x64d .\CortexM3\ARM_GCC_541\Debug\Design01.a(CyFlash.o)
 .debug_info    0x00006e5f      0x550 .\CortexM3\ARM_GCC_541\Debug\Design01.a(CySpc.o)

.debug_abbrev   0x00000000     0x1d10
 *(.debug_abbrev)
 .debug_abbrev  0x00000000      0x159 .\CortexM3\ARM_GCC_541\Debug\main.o
 .debug_abbrev  0x00000159      0x20d .\CortexM3\ARM_GCC_541\Debug\cyfitter_cfg.o
 .debug_abbrev  0x00000366       0x66 .\CortexM3\ARM_GCC_541\Debug\cymetadata.o
 .debug_abbrev  0x000003cc      0x1e8 .\CortexM3\ARM_GCC_541\Debug\Cm3Start.o
 .debug_abbrev  0x000005b4      0x215 .\CortexM3\ARM_GCC_541\Debug\Design01.a(myUSB.o)
 .debug_abbrev  0x000007c9      0x245 .\CortexM3\ARM_GCC_541\Debug\Design01.a(myUSB_cdc.o)
 .debug_abbrev  0x00000a0e      0x189 .\CortexM3\ARM_GCC_541\Debug\Design01.a(myUSB_drv.o)
 .debug_abbrev  0x00000b97      0x11b .\CortexM3\ARM_GCC_541\Debug\Design01.a(myUSB_episr.o)
 .debug_abbrev  0x00000cb2      0x108 .\CortexM3\ARM_GCC_541\Debug\Design01.a(myUSB_pm.o)
 .debug_abbrev  0x00000dba      0x20a .\CortexM3\ARM_GCC_541\Debug\Design01.a(myUSB_std.o)
 .debug_abbrev  0x00000fc4       0x9b .\CortexM3\ARM_GCC_541\Debug\Design01.a(myUSB_vnd.o)
 .debug_abbrev  0x0000105f       0x90 .\CortexM3\ARM_GCC_541\Debug\Design01.a(myUSB_Dp.o)
 .debug_abbrev  0x000010ef      0x254 .\CortexM3\ARM_GCC_541\Debug\Design01.a(CyLib.o)
 .debug_abbrev  0x00001343      0x1ab .\CortexM3\ARM_GCC_541\Debug\Design01.a(cyPm.o)
 .debug_abbrev  0x000014ee       0x90 .\CortexM3\ARM_GCC_541\Debug\Design01.a(Pin_1.o)
 .debug_abbrev  0x0000157e      0x175 .\CortexM3\ARM_GCC_541\Debug\Design01.a(UART_photon.o)
 .debug_abbrev  0x000016f3      0x139 .\CortexM3\ARM_GCC_541\Debug\Design01.a(UART_photon_IntClock.o)
 .debug_abbrev  0x0000182c       0x14 .\CortexM3\ARM_GCC_541\Debug\Design01.a(CyBootAsmGnu.o)
 .debug_abbrev  0x00001840       0xe1 .\CortexM3\ARM_GCC_541\Debug\Design01.a(myUSB_cls.o)
 .debug_abbrev  0x00001921       0xb4 .\CortexM3\ARM_GCC_541\Debug\Design01.a(myUSB_descr.o)
 .debug_abbrev  0x000019d5      0x1a7 .\CortexM3\ARM_GCC_541\Debug\Design01.a(CyFlash.o)
 .debug_abbrev  0x00001b7c      0x194 .\CortexM3\ARM_GCC_541\Debug\Design01.a(CySpc.o)

.debug_line     0x00000000     0x2cd0
 *(.debug_line)
 .debug_line    0x00000000      0x27b .\CortexM3\ARM_GCC_541\Debug\main.o
 .debug_line    0x0000027b      0x1f3 .\CortexM3\ARM_GCC_541\Debug\cyfitter_cfg.o
 .debug_line    0x0000046e      0x141 .\CortexM3\ARM_GCC_541\Debug\cymetadata.o
 .debug_line    0x000005af      0x234 .\CortexM3\ARM_GCC_541\Debug\Cm3Start.o
 .debug_line    0x000007e3      0x2d4 .\CortexM3\ARM_GCC_541\Debug\Design01.a(myUSB.o)
 .debug_line    0x00000ab7      0x2ec .\CortexM3\ARM_GCC_541\Debug\Design01.a(myUSB_cdc.o)
 .debug_line    0x00000da3      0x21b .\CortexM3\ARM_GCC_541\Debug\Design01.a(myUSB_drv.o)
 .debug_line    0x00000fbe       0xe0 .\CortexM3\ARM_GCC_541\Debug\Design01.a(myUSB_episr.o)
 .debug_line    0x0000109e      0x106 .\CortexM3\ARM_GCC_541\Debug\Design01.a(myUSB_pm.o)
 .debug_line    0x000011a4      0x3dc .\CortexM3\ARM_GCC_541\Debug\Design01.a(myUSB_std.o)
 .debug_line    0x00001580       0x6f .\CortexM3\ARM_GCC_541\Debug\Design01.a(myUSB_vnd.o)
 .debug_line    0x000015ef       0xb9 .\CortexM3\ARM_GCC_541\Debug\Design01.a(myUSB_Dp.o)
 .debug_line    0x000016a8      0x816 .\CortexM3\ARM_GCC_541\Debug\Design01.a(CyLib.o)
 .debug_line    0x00001ebe      0x367 .\CortexM3\ARM_GCC_541\Debug\Design01.a(cyPm.o)
 .debug_line    0x00002225       0x92 .\CortexM3\ARM_GCC_541\Debug\Design01.a(Pin_1.o)
 .debug_line    0x000022b7      0x2ca .\CortexM3\ARM_GCC_541\Debug\Design01.a(UART_photon.o)
 .debug_line    0x00002581      0x183 .\CortexM3\ARM_GCC_541\Debug\Design01.a(UART_photon_IntClock.o)
 .debug_line    0x00002704       0x66 .\CortexM3\ARM_GCC_541\Debug\Design01.a(CyBootAsmGnu.o)
 .debug_line    0x0000276a       0x8f .\CortexM3\ARM_GCC_541\Debug\Design01.a(myUSB_cls.o)
 .debug_line    0x000027f9       0x5d .\CortexM3\ARM_GCC_541\Debug\Design01.a(myUSB_descr.o)
 .debug_line    0x00002856      0x21a .\CortexM3\ARM_GCC_541\Debug\Design01.a(CyFlash.o)
 .debug_line    0x00002a70      0x260 .\CortexM3\ARM_GCC_541\Debug\Design01.a(CySpc.o)

.debug_frame    0x00000000     0x2334
 *(.debug_frame)
 .debug_frame   0x00000000       0x3c .\CortexM3\ARM_GCC_541\Debug\main.o
 .debug_frame   0x0000003c       0xe4 .\CortexM3\ARM_GCC_541\Debug\cyfitter_cfg.o
 .debug_frame   0x00000120       0xb8 .\CortexM3\ARM_GCC_541\Debug\Cm3Start.o
 .debug_frame   0x000001d8      0x1dc .\CortexM3\ARM_GCC_541\Debug\Design01.a(myUSB.o)
 .debug_frame   0x000003b4      0x27c .\CortexM3\ARM_GCC_541\Debug\Design01.a(myUSB_cdc.o)
 .debug_frame   0x00000630      0x194 .\CortexM3\ARM_GCC_541\Debug\Design01.a(myUSB_drv.o)
 .debug_frame   0x000007c4       0x6c .\CortexM3\ARM_GCC_541\Debug\Design01.a(myUSB_episr.o)
 .debug_frame   0x00000830       0xa0 .\CortexM3\ARM_GCC_541\Debug\Design01.a(myUSB_pm.o)
 .debug_frame   0x000008d0      0x17c .\CortexM3\ARM_GCC_541\Debug\Design01.a(myUSB_std.o)
 .debug_frame   0x00000a4c       0x20 .\CortexM3\ARM_GCC_541\Debug\Design01.a(myUSB_vnd.o)
 .debug_frame   0x00000a6c       0x70 .\CortexM3\ARM_GCC_541\Debug\Design01.a(myUSB_Dp.o)
 .debug_frame   0x00000adc      0x738 .\CortexM3\ARM_GCC_541\Debug\Design01.a(CyLib.o)
 .debug_frame   0x00001214      0x1f8 .\CortexM3\ARM_GCC_541\Debug\Design01.a(cyPm.o)
 .debug_frame   0x0000140c       0x50 .\CortexM3\ARM_GCC_541\Debug\Design01.a(Pin_1.o)
 .debug_frame   0x0000145c      0x250 .\CortexM3\ARM_GCC_541\Debug\Design01.a(UART_photon.o)
 .debug_frame   0x000016ac       0xe0 .\CortexM3\ARM_GCC_541\Debug\Design01.a(UART_photon_IntClock.o)
 .debug_frame   0x0000178c       0x2c .\CortexM3\ARM_GCC_541\Debug\Design01.a(myUSB_cls.o)
 .debug_frame   0x000017b8      0x194 .\CortexM3\ARM_GCC_541\Debug\Design01.a(CyFlash.o)
 .debug_frame   0x0000194c      0x180 .\CortexM3\ARM_GCC_541\Debug\Design01.a(CySpc.o)
 .debug_frame   0x00001acc       0x20 c:/program files (x86)/cypress/psoc creator/4.3/psoc creator/import/gnu/arm/5.4.1/bin/../lib/gcc/arm-none-eabi/5.4.1/../../../../arm-none-eabi/lib/armv7-m\libg_nano.a(lib_a-errno.o)
 .debug_frame   0x00001aec       0x28 c:/program files (x86)/cypress/psoc creator/4.3/psoc creator/import/gnu/arm/5.4.1/bin/../lib/gcc/arm-none-eabi/5.4.1/../../../../arm-none-eabi/lib/armv7-m\libg_nano.a(lib_a-exit.o)
 .debug_frame   0x00001b14       0x2c c:/program files (x86)/cypress/psoc creator/4.3/psoc creator/import/gnu/arm/5.4.1/bin/../lib/gcc/arm-none-eabi/5.4.1/../../../../arm-none-eabi/lib/armv7-m\libg_nano.a(lib_a-init.o)
 .debug_frame   0x00001b40       0x28 c:/program files (x86)/cypress/psoc creator/4.3/psoc creator/import/gnu/arm/5.4.1/bin/../lib/gcc/arm-none-eabi/5.4.1/../../../../arm-none-eabi/lib/armv7-m\libg_nano.a(lib_a-memcpy-stub.o)
 .debug_frame   0x00001b68       0x20 c:/program files (x86)/cypress/psoc creator/4.3/psoc creator/import/gnu/arm/5.4.1/bin/../lib/gcc/arm-none-eabi/5.4.1/../../../../arm-none-eabi/lib/armv7-m\libg_nano.a(lib_a-memset.o)
 .debug_frame   0x00001b88       0x8c c:/program files (x86)/cypress/psoc creator/4.3/psoc creator/import/gnu/arm/5.4.1/bin/../lib/gcc/arm-none-eabi/5.4.1/../../../../arm-none-eabi/lib/armv7-m\libg_nano.a(lib_a-nano-vfprintf_float.o)
 .debug_frame   0x00001c14       0x60 c:/program files (x86)/cypress/psoc creator/4.3/psoc creator/import/gnu/arm/5.4.1/bin/../lib/gcc/arm-none-eabi/5.4.1/../../../../arm-none-eabi/lib/armv7-m\libg_nano.a(lib_a-nano-vfprintf_i.o)
 .debug_frame   0x00001c74       0x70 c:/program files (x86)/cypress/psoc creator/4.3/psoc creator/import/gnu/arm/5.4.1/bin/../lib/gcc/arm-none-eabi/5.4.1/../../../../arm-none-eabi/lib/armv7-m\libg_nano.a(lib_a-sprintf.o)
 .debug_frame   0x00001ce4       0x44 c:/program files (x86)/cypress/psoc creator/4.3/psoc creator/import/gnu/arm/5.4.1/bin/../lib/gcc/arm-none-eabi/5.4.1/../../../../arm-none-eabi/lib/armv7-m\libg_nano.a(lib_a-strtol.o)
 .debug_frame   0x00001d28       0x6c c:/program files (x86)/cypress/psoc creator/4.3/psoc creator/import/gnu/arm/5.4.1/bin/../lib/gcc/arm-none-eabi/5.4.1/../../../../arm-none-eabi/lib/armv7-m\libg_nano.a(lib_a-dtoa.o)
 .debug_frame   0x00001d94       0x98 c:/program files (x86)/cypress/psoc creator/4.3/psoc creator/import/gnu/arm/5.4.1/bin/../lib/gcc/arm-none-eabi/5.4.1/../../../../arm-none-eabi/lib/armv7-m\libg_nano.a(lib_a-locale.o)
 .debug_frame   0x00001e2c       0x30 c:/program files (x86)/cypress/psoc creator/4.3/psoc creator/import/gnu/arm/5.4.1/bin/../lib/gcc/arm-none-eabi/5.4.1/../../../../arm-none-eabi/lib/armv7-m\libg_nano.a(lib_a-malloc.o)
 .debug_frame   0x00001e5c       0x28 c:/program files (x86)/cypress/psoc creator/4.3/psoc creator/import/gnu/arm/5.4.1/bin/../lib/gcc/arm-none-eabi/5.4.1/../../../../arm-none-eabi/lib/armv7-m\libg_nano.a(lib_a-memchr-stub.o)
 .debug_frame   0x00001e84      0x234 c:/program files (x86)/cypress/psoc creator/4.3/psoc creator/import/gnu/arm/5.4.1/bin/../lib/gcc/arm-none-eabi/5.4.1/../../../../arm-none-eabi/lib/armv7-m\libg_nano.a(lib_a-mprec.o)
 .debug_frame   0x000020b8       0x2c c:/program files (x86)/cypress/psoc creator/4.3/psoc creator/import/gnu/arm/5.4.1/bin/../lib/gcc/arm-none-eabi/5.4.1/../../../../arm-none-eabi/lib/armv7-m\libg_nano.a(lib_a-nano-callocr.o)
 .debug_frame   0x000020e4       0x38 c:/program files (x86)/cypress/psoc creator/4.3/psoc creator/import/gnu/arm/5.4.1/bin/../lib/gcc/arm-none-eabi/5.4.1/../../../../arm-none-eabi/lib/armv7-m\libg_nano.a(lib_a-nano-freer.o)
 .debug_frame   0x0000211c       0x2c c:/program files (x86)/cypress/psoc creator/4.3/psoc creator/import/gnu/arm/5.4.1/bin/../lib/gcc/arm-none-eabi/5.4.1/../../../../arm-none-eabi/lib/armv7-m\libg_nano.a(lib_a-nano-mallocr.o)
 .debug_frame   0x00002148       0x90 c:/program files (x86)/cypress/psoc creator/4.3/psoc creator/import/gnu/arm/5.4.1/bin/../lib/gcc/arm-none-eabi/5.4.1/../../../../arm-none-eabi/lib/armv7-m\libg_nano.a(lib_a-nano-svfprintf.o)
 .debug_frame   0x000021d8       0x2c c:/program files (x86)/cypress/psoc creator/4.3/psoc creator/import/gnu/arm/5.4.1/bin/../lib/gcc/arm-none-eabi/5.4.1/../../../../arm-none-eabi/lib/armv7-m\libg_nano.a(lib_a-sbrkr.o)
 .debug_frame   0x00002204       0x20 c:/program files (x86)/cypress/psoc creator/4.3/psoc creator/import/gnu/arm/5.4.1/bin/../lib/gcc/arm-none-eabi/5.4.1/../../../../arm-none-eabi/lib/armv7-m\libg_nano.a(lib_a-strcmp.o)
 .debug_frame   0x00002224       0x28 c:/program files (x86)/cypress/psoc creator/4.3/psoc creator/import/gnu/arm/5.4.1/bin/../lib/gcc/arm-none-eabi/5.4.1/../../../../arm-none-eabi/lib/armv7-m\libg_nano.a(lib_a-memmove.o)
 .debug_frame   0x0000224c       0x30 c:/program files (x86)/cypress/psoc creator/4.3/psoc creator/import/gnu/arm/5.4.1/bin/../lib/gcc/arm-none-eabi/5.4.1/../../../../arm-none-eabi/lib/armv7-m\libg_nano.a(lib_a-mlock.o)
 .debug_frame   0x0000227c       0x3c c:/program files (x86)/cypress/psoc creator/4.3/psoc creator/import/gnu/arm/5.4.1/bin/../lib/gcc/arm-none-eabi/5.4.1/../../../../arm-none-eabi/lib/armv7-m\libg_nano.a(lib_a-nano-reallocr.o)
 .debug_frame   0x000022b8       0x5c c:/program files (x86)/cypress/psoc creator/4.3/psoc creator/import/gnu/arm/5.4.1/bin/../lib/gcc/arm-none-eabi/5.4.1/../../../../arm-none-eabi/lib/armv7-m\libg_nano.a(lib_a-reent.o)
 .debug_frame   0x00002314       0x20 c:/program files (x86)/cypress/psoc creator/4.3/psoc creator/import/gnu/arm/5.4.1/bin/../lib/gcc/arm-none-eabi/5.4.1/../../../../arm-none-eabi/lib/armv7-m\libg_nano.a(lib_a-nano-msizer.o)

.debug_str      0x00000000     0x2918
 *(.debug_str)
 .debug_str     0x00000000      0x254 .\CortexM3\ARM_GCC_541\Debug\main.o
                                0x29c (size before relaxing)
 .debug_str     0x00000254      0x1b5 .\CortexM3\ARM_GCC_541\Debug\cyfitter_cfg.o
                                0x356 (size before relaxing)
 .debug_str     0x00000409       0x7f .\CortexM3\ARM_GCC_541\Debug\cymetadata.o
                                0x1f6 (size before relaxing)
 .debug_str     0x00000488      0x144 .\CortexM3\ARM_GCC_541\Debug\Cm3Start.o
                                0x31c (size before relaxing)
 .debug_str     0x000005cc      0x432 .\CortexM3\ARM_GCC_541\Debug\Design01.a(myUSB.o)
                                0x62c (size before relaxing)
 .debug_str     0x000009fe      0x4a8 .\CortexM3\ARM_GCC_541\Debug\Design01.a(myUSB_cdc.o)
                                0x779 (size before relaxing)
 .debug_str     0x00000ea6      0x261 .\CortexM3\ARM_GCC_541\Debug\Design01.a(myUSB_drv.o)
                                0x606 (size before relaxing)
 .debug_str     0x00001107       0x74 .\CortexM3\ARM_GCC_541\Debug\Design01.a(myUSB_episr.o)
                                0x2db (size before relaxing)
 .debug_str     0x0000117b       0xbe .\CortexM3\ARM_GCC_541\Debug\Design01.a(myUSB_pm.o)
                                0x2ea (size before relaxing)
 .debug_str     0x00001239      0x24e .\CortexM3\ARM_GCC_541\Debug\Design01.a(myUSB_std.o)
                                0x76f (size before relaxing)
 .debug_str     0x00001487       0x23 .\CortexM3\ARM_GCC_541\Debug\Design01.a(myUSB_vnd.o)
                                0x1f9 (size before relaxing)
 .debug_str     0x000014aa       0x98 .\CortexM3\ARM_GCC_541\Debug\Design01.a(myUSB_Dp.o)
                                0x245 (size before relaxing)
 .debug_str     0x00001542      0x7db .\CortexM3\ARM_GCC_541\Debug\Design01.a(CyLib.o)
                                0xa59 (size before relaxing)
 .debug_str     0x00001d1d      0x365 .\CortexM3\ARM_GCC_541\Debug\Design01.a(cyPm.o)
                                0x745 (size before relaxing)
 .debug_str     0x00002082       0x4f .\CortexM3\ARM_GCC_541\Debug\Design01.a(Pin_1.o)
                                0x1f4 (size before relaxing)
 .debug_str     0x000020d1      0x305 .\CortexM3\ARM_GCC_541\Debug\Design01.a(UART_photon.o)
                                0x560 (size before relaxing)
 .debug_str     0x000023d6      0x1c9 .\CortexM3\ARM_GCC_541\Debug\Design01.a(UART_photon_IntClock.o)
                                0x39c (size before relaxing)
 .debug_str     0x0000259f       0x23 .\CortexM3\ARM_GCC_541\Debug\Design01.a(myUSB_cls.o)
                                0x2b0 (size before relaxing)
 .debug_str     0x000025c2       0xf6 .\CortexM3\ARM_GCC_541\Debug\Design01.a(myUSB_descr.o)
                                0x351 (size before relaxing)
 .debug_str     0x000026b8      0x1b4 .\CortexM3\ARM_GCC_541\Debug\Design01.a(CyFlash.o)
                                0x3d2 (size before relaxing)
 .debug_str     0x0000286c       0xac .\CortexM3\ARM_GCC_541\Debug\Design01.a(CySpc.o)
                                0x34a (size before relaxing)

.debug_loc      0x00000000     0x3331
 *(.debug_loc)
 .debug_loc     0x00000000       0x1f .\CortexM3\ARM_GCC_541\Debug\main.o
 .debug_loc     0x0000001f      0x25a .\CortexM3\ARM_GCC_541\Debug\cyfitter_cfg.o
 .debug_loc     0x00000279      0x144 .\CortexM3\ARM_GCC_541\Debug\Cm3Start.o
 .debug_loc     0x000003bd      0x3e1 .\CortexM3\ARM_GCC_541\Debug\Design01.a(myUSB.o)
 .debug_loc     0x0000079e      0x557 .\CortexM3\ARM_GCC_541\Debug\Design01.a(myUSB_cdc.o)
 .debug_loc     0x00000cf5      0x171 .\CortexM3\ARM_GCC_541\Debug\Design01.a(myUSB_drv.o)
 .debug_loc     0x00000e66       0x26 .\CortexM3\ARM_GCC_541\Debug\Design01.a(myUSB_pm.o)
 .debug_loc     0x00000e8c      0x945 .\CortexM3\ARM_GCC_541\Debug\Design01.a(myUSB_std.o)
 .debug_loc     0x000017d1       0x84 .\CortexM3\ARM_GCC_541\Debug\Design01.a(myUSB_Dp.o)
 .debug_loc     0x00001855      0xa11 .\CortexM3\ARM_GCC_541\Debug\Design01.a(CyLib.o)
 .debug_loc     0x00002266      0x1e4 .\CortexM3\ARM_GCC_541\Debug\Design01.a(cyPm.o)
 .debug_loc     0x0000244a       0x42 .\CortexM3\ARM_GCC_541\Debug\Design01.a(Pin_1.o)
 .debug_loc     0x0000248c      0x258 .\CortexM3\ARM_GCC_541\Debug\Design01.a(UART_photon.o)
 .debug_loc     0x000026e4      0x12c .\CortexM3\ARM_GCC_541\Debug\Design01.a(UART_photon_IntClock.o)
 .debug_loc     0x00002810       0x6a .\CortexM3\ARM_GCC_541\Debug\Design01.a(myUSB_cls.o)
 .debug_loc     0x0000287a      0x3b2 .\CortexM3\ARM_GCC_541\Debug\Design01.a(CyFlash.o)
 .debug_loc     0x00002c2c      0x705 .\CortexM3\ARM_GCC_541\Debug\Design01.a(CySpc.o)

.debug_macinfo
 *(.debug_macinfo)

.debug_ranges   0x00000000      0x958
 *(.debug_ranges)
 .debug_ranges  0x00000000       0x18 .\CortexM3\ARM_GCC_541\Debug\main.o
 .debug_ranges  0x00000018       0x48 .\CortexM3\ARM_GCC_541\Debug\cyfitter_cfg.o
 .debug_ranges  0x00000060       0x38 .\CortexM3\ARM_GCC_541\Debug\Cm3Start.o
 .debug_ranges  0x00000098       0xd0 .\CortexM3\ARM_GCC_541\Debug\Design01.a(myUSB.o)
 .debug_ranges  0x00000168       0xd8 .\CortexM3\ARM_GCC_541\Debug\Design01.a(myUSB_cdc.o)
 .debug_ranges  0x00000240       0x88 .\CortexM3\ARM_GCC_541\Debug\Design01.a(myUSB_drv.o)
 .debug_ranges  0x000002c8       0x30 .\CortexM3\ARM_GCC_541\Debug\Design01.a(myUSB_episr.o)
 .debug_ranges  0x000002f8       0x30 .\CortexM3\ARM_GCC_541\Debug\Design01.a(myUSB_pm.o)
 .debug_ranges  0x00000328       0x70 .\CortexM3\ARM_GCC_541\Debug\Design01.a(myUSB_std.o)
 .debug_ranges  0x00000398       0x10 .\CortexM3\ARM_GCC_541\Debug\Design01.a(myUSB_vnd.o)
 .debug_ranges  0x000003a8       0x38 .\CortexM3\ARM_GCC_541\Debug\Design01.a(myUSB_Dp.o)
 .debug_ranges  0x000003e0      0x290 .\CortexM3\ARM_GCC_541\Debug\Design01.a(CyLib.o)
 .debug_ranges  0x00000670       0x88 .\CortexM3\ARM_GCC_541\Debug\Design01.a(cyPm.o)
 .debug_ranges  0x000006f8       0x28 .\CortexM3\ARM_GCC_541\Debug\Design01.a(Pin_1.o)
 .debug_ranges  0x00000720       0xe0 .\CortexM3\ARM_GCC_541\Debug\Design01.a(UART_photon.o)
 .debug_ranges  0x00000800       0x60 .\CortexM3\ARM_GCC_541\Debug\Design01.a(UART_photon_IntClock.o)
 .debug_ranges  0x00000860       0x10 .\CortexM3\ARM_GCC_541\Debug\Design01.a(myUSB_cls.o)
 .debug_ranges  0x00000870       0x78 .\CortexM3\ARM_GCC_541\Debug\Design01.a(CyFlash.o)
 .debug_ranges  0x000008e8       0x70 .\CortexM3\ARM_GCC_541\Debug\Design01.a(CySpc.o)

.comment        0x00000000       0x6e
 .comment       0x00000000       0x6e .\CortexM3\ARM_GCC_541\Debug\main.o
                                 0x6f (size before relaxing)
 .comment       0x0000006e       0x6f .\CortexM3\ARM_GCC_541\Debug\cyfitter_cfg.o
 .comment       0x0000006e       0x6f .\CortexM3\ARM_GCC_541\Debug\cymetadata.o
 .comment       0x0000006e       0x6f .\CortexM3\ARM_GCC_541\Debug\Cm3Start.o
 .comment       0x0000006e       0x6f .\CortexM3\ARM_GCC_541\Debug\Design01.a(myUSB.o)
 .comment       0x0000006e       0x6f .\CortexM3\ARM_GCC_541\Debug\Design01.a(myUSB_cdc.o)
 .comment       0x0000006e       0x6f .\CortexM3\ARM_GCC_541\Debug\Design01.a(myUSB_drv.o)
 .comment       0x0000006e       0x6f .\CortexM3\ARM_GCC_541\Debug\Design01.a(myUSB_episr.o)
 .comment       0x0000006e       0x6f .\CortexM3\ARM_GCC_541\Debug\Design01.a(myUSB_pm.o)
 .comment       0x0000006e       0x6f .\CortexM3\ARM_GCC_541\Debug\Design01.a(myUSB_std.o)
 .comment       0x0000006e       0x6f .\CortexM3\ARM_GCC_541\Debug\Design01.a(myUSB_vnd.o)
 .comment       0x0000006e       0x6f .\CortexM3\ARM_GCC_541\Debug\Design01.a(myUSB_Dp.o)
 .comment       0x0000006e       0x6f .\CortexM3\ARM_GCC_541\Debug\Design01.a(CyLib.o)
 .comment       0x0000006e       0x6f .\CortexM3\ARM_GCC_541\Debug\Design01.a(cyPm.o)
 .comment       0x0000006e       0x6f .\CortexM3\ARM_GCC_541\Debug\Design01.a(Pin_1.o)
 .comment       0x0000006e       0x6f .\CortexM3\ARM_GCC_541\Debug\Design01.a(UART_photon.o)
 .comment       0x0000006e       0x6f .\CortexM3\ARM_GCC_541\Debug\Design01.a(UART_photon_IntClock.o)
 .comment       0x0000006e       0x6f .\CortexM3\ARM_GCC_541\Debug\Design01.a(myUSB_cls.o)
 .comment       0x0000006e       0x6f .\CortexM3\ARM_GCC_541\Debug\Design01.a(myUSB_descr.o)
 .comment       0x0000006e       0x6f .\CortexM3\ARM_GCC_541\Debug\Design01.a(CyFlash.o)
 .comment       0x0000006e       0x6f .\CortexM3\ARM_GCC_541\Debug\Design01.a(CySpc.o)

.debug_weaknames
 *(.debug_weaknames)

.debug_funcnames
 *(.debug_funcnames)

.debug_typenames
 *(.debug_typenames)

.debug_varnames
 *(.debug_varnames)

.note.gnu.arm.ident
 *(.note.gnu.arm.ident)

.ARM.attributes
                0x00000000       0x29
 *(.ARM.attributes)
 .ARM.attributes
                0x00000000       0x1d c:/program files (x86)/cypress/psoc creator/4.3/psoc creator/import/gnu/arm/5.4.1/bin/../lib/gcc/arm-none-eabi/5.4.1/armv7-m/crti.o
 .ARM.attributes
                0x0000001d       0x2d c:/program files (x86)/cypress/psoc creator/4.3/psoc creator/import/gnu/arm/5.4.1/bin/../lib/gcc/arm-none-eabi/5.4.1/armv7-m/crtbegin.o
 .ARM.attributes
                0x0000004a       0x1b c:/program files (x86)/cypress/psoc creator/4.3/psoc creator/import/gnu/arm/5.4.1/bin/../lib/gcc/arm-none-eabi/5.4.1/../../../../arm-none-eabi/lib/armv7-m/crt0.o
 .ARM.attributes
                0x00000065       0x33 .\CortexM3\ARM_GCC_541\Debug\main.o
 .ARM.attributes
                0x00000098       0x33 .\CortexM3\ARM_GCC_541\Debug\cyfitter_cfg.o
 .ARM.attributes
                0x000000cb       0x33 .\CortexM3\ARM_GCC_541\Debug\cymetadata.o
 .ARM.attributes
                0x000000fe       0x33 .\CortexM3\ARM_GCC_541\Debug\Cm3Start.o
 .ARM.attributes
                0x00000131       0x33 .\CortexM3\ARM_GCC_541\Debug\Design01.a(myUSB.o)
 .ARM.attributes
                0x00000164       0x33 .\CortexM3\ARM_GCC_541\Debug\Design01.a(myUSB_cdc.o)
 .ARM.attributes
                0x00000197       0x33 .\CortexM3\ARM_GCC_541\Debug\Design01.a(myUSB_drv.o)
 .ARM.attributes
                0x000001ca       0x33 .\CortexM3\ARM_GCC_541\Debug\Design01.a(myUSB_episr.o)
 .ARM.attributes
                0x000001fd       0x33 .\CortexM3\ARM_GCC_541\Debug\Design01.a(myUSB_pm.o)
 .ARM.attributes
                0x00000230       0x33 .\CortexM3\ARM_GCC_541\Debug\Design01.a(myUSB_std.o)
 .ARM.attributes
                0x00000263       0x33 .\CortexM3\ARM_GCC_541\Debug\Design01.a(myUSB_vnd.o)
 .ARM.attributes
                0x00000296       0x33 .\CortexM3\ARM_GCC_541\Debug\Design01.a(myUSB_Dp.o)
 .ARM.attributes
                0x000002c9       0x33 .\CortexM3\ARM_GCC_541\Debug\Design01.a(CyLib.o)
 .ARM.attributes
                0x000002fc       0x33 .\CortexM3\ARM_GCC_541\Debug\Design01.a(cyPm.o)
 .ARM.attributes
                0x0000032f       0x33 .\CortexM3\ARM_GCC_541\Debug\Design01.a(Pin_1.o)
 .ARM.attributes
                0x00000362       0x33 .\CortexM3\ARM_GCC_541\Debug\Design01.a(UART_photon.o)
 .ARM.attributes
                0x00000395       0x33 .\CortexM3\ARM_GCC_541\Debug\Design01.a(UART_photon_IntClock.o)
 .ARM.attributes
                0x000003c8       0x21 .\CortexM3\ARM_GCC_541\Debug\Design01.a(CyBootAsmGnu.o)
 .ARM.attributes
                0x000003e9       0x33 .\CortexM3\ARM_GCC_541\Debug\Design01.a(myUSB_cls.o)
 .ARM.attributes
                0x0000041c       0x33 .\CortexM3\ARM_GCC_541\Debug\Design01.a(myUSB_descr.o)
 .ARM.attributes
                0x0000044f       0x33 .\CortexM3\ARM_GCC_541\Debug\Design01.a(CyFlash.o)
 .ARM.attributes
                0x00000482       0x33 .\CortexM3\ARM_GCC_541\Debug\Design01.a(CySpc.o)
 .ARM.attributes
                0x000004b5       0x2d c:/program files (x86)/cypress/psoc creator/4.3/psoc creator/import/gnu/arm/5.4.1/bin/../lib/gcc/arm-none-eabi/5.4.1/../../../../arm-none-eabi/lib/armv7-m\libg_nano.a(lib_a-errno.o)
 .ARM.attributes
                0x000004e2       0x2d c:/program files (x86)/cypress/psoc creator/4.3/psoc creator/import/gnu/arm/5.4.1/bin/../lib/gcc/arm-none-eabi/5.4.1/../../../../arm-none-eabi/lib/armv7-m\libg_nano.a(lib_a-exit.o)
 .ARM.attributes
                0x0000050f       0x2d c:/program files (x86)/cypress/psoc creator/4.3/psoc creator/import/gnu/arm/5.4.1/bin/../lib/gcc/arm-none-eabi/5.4.1/../../../../arm-none-eabi/lib/armv7-m\libg_nano.a(lib_a-impure.o)
 .ARM.attributes
                0x0000053c       0x2d c:/program files (x86)/cypress/psoc creator/4.3/psoc creator/import/gnu/arm/5.4.1/bin/../lib/gcc/arm-none-eabi/5.4.1/../../../../arm-none-eabi/lib/armv7-m\libg_nano.a(lib_a-init.o)
 .ARM.attributes
                0x00000569       0x2d c:/program files (x86)/cypress/psoc creator/4.3/psoc creator/import/gnu/arm/5.4.1/bin/../lib/gcc/arm-none-eabi/5.4.1/../../../../arm-none-eabi/lib/armv7-m\libg_nano.a(lib_a-memcpy-stub.o)
 .ARM.attributes
                0x00000596       0x2d c:/program files (x86)/cypress/psoc creator/4.3/psoc creator/import/gnu/arm/5.4.1/bin/../lib/gcc/arm-none-eabi/5.4.1/../../../../arm-none-eabi/lib/armv7-m\libg_nano.a(lib_a-memset.o)
 .ARM.attributes
                0x000005c3       0x2d c:/program files (x86)/cypress/psoc creator/4.3/psoc creator/import/gnu/arm/5.4.1/bin/../lib/gcc/arm-none-eabi/5.4.1/../../../../arm-none-eabi/lib/armv7-m\libg_nano.a(lib_a-nano-vfprintf_float.o)
 .ARM.attributes
                0x000005f0       0x2d c:/program files (x86)/cypress/psoc creator/4.3/psoc creator/import/gnu/arm/5.4.1/bin/../lib/gcc/arm-none-eabi/5.4.1/../../../../arm-none-eabi/lib/armv7-m\libg_nano.a(lib_a-nano-vfprintf_i.o)
 .ARM.attributes
                0x0000061d       0x2d c:/program files (x86)/cypress/psoc creator/4.3/psoc creator/import/gnu/arm/5.4.1/bin/../lib/gcc/arm-none-eabi/5.4.1/../../../../arm-none-eabi/lib/armv7-m\libg_nano.a(lib_a-sprintf.o)
 .ARM.attributes
                0x0000064a       0x17 c:/program files (x86)/cypress/psoc creator/4.3/psoc creator/import/gnu/arm/5.4.1/bin/../lib/gcc/arm-none-eabi/5.4.1/../../../../arm-none-eabi/lib/armv7-m\libg_nano.a(lib_a-strlen.o)
 .ARM.attributes
                0x00000661       0x2d c:/program files (x86)/cypress/psoc creator/4.3/psoc creator/import/gnu/arm/5.4.1/bin/../lib/gcc/arm-none-eabi/5.4.1/../../../../arm-none-eabi/lib/armv7-m\libg_nano.a(lib_a-strtol.o)
 .ARM.attributes
                0x0000068e       0x2d c:/program files (x86)/cypress/psoc creator/4.3/psoc creator/import/gnu/arm/5.4.1/bin/../lib/gcc/arm-none-eabi/5.4.1/../../../../arm-none-eabi/lib/armv7-m\libg_nano.a(lib_a-ctype_.o)
 .ARM.attributes
                0x000006bb       0x2d c:/program files (x86)/cypress/psoc creator/4.3/psoc creator/import/gnu/arm/5.4.1/bin/../lib/gcc/arm-none-eabi/5.4.1/../../../../arm-none-eabi/lib/armv7-m\libg_nano.a(lib_a-dtoa.o)
 .ARM.attributes
                0x000006e8       0x2d c:/program files (x86)/cypress/psoc creator/4.3/psoc creator/import/gnu/arm/5.4.1/bin/../lib/gcc/arm-none-eabi/5.4.1/../../../../arm-none-eabi/lib/armv7-m\libg_nano.a(lib_a-locale.o)
 .ARM.attributes
                0x00000715       0x2d c:/program files (x86)/cypress/psoc creator/4.3/psoc creator/import/gnu/arm/5.4.1/bin/../lib/gcc/arm-none-eabi/5.4.1/../../../../arm-none-eabi/lib/armv7-m\libg_nano.a(lib_a-malloc.o)
 .ARM.attributes
                0x00000742       0x2d c:/program files (x86)/cypress/psoc creator/4.3/psoc creator/import/gnu/arm/5.4.1/bin/../lib/gcc/arm-none-eabi/5.4.1/../../../../arm-none-eabi/lib/armv7-m\libg_nano.a(lib_a-memchr-stub.o)
 .ARM.attributes
                0x0000076f       0x2d c:/program files (x86)/cypress/psoc creator/4.3/psoc creator/import/gnu/arm/5.4.1/bin/../lib/gcc/arm-none-eabi/5.4.1/../../../../arm-none-eabi/lib/armv7-m\libg_nano.a(lib_a-mprec.o)
 .ARM.attributes
                0x0000079c       0x2d c:/program files (x86)/cypress/psoc creator/4.3/psoc creator/import/gnu/arm/5.4.1/bin/../lib/gcc/arm-none-eabi/5.4.1/../../../../arm-none-eabi/lib/armv7-m\libg_nano.a(lib_a-nano-callocr.o)
 .ARM.attributes
                0x000007c9       0x2d c:/program files (x86)/cypress/psoc creator/4.3/psoc creator/import/gnu/arm/5.4.1/bin/../lib/gcc/arm-none-eabi/5.4.1/../../../../arm-none-eabi/lib/armv7-m\libg_nano.a(lib_a-nano-freer.o)
 .ARM.attributes
                0x000007f6       0x2d c:/program files (x86)/cypress/psoc creator/4.3/psoc creator/import/gnu/arm/5.4.1/bin/../lib/gcc/arm-none-eabi/5.4.1/../../../../arm-none-eabi/lib/armv7-m\libg_nano.a(lib_a-nano-mallocr.o)
 .ARM.attributes
                0x00000823       0x2d c:/program files (x86)/cypress/psoc creator/4.3/psoc creator/import/gnu/arm/5.4.1/bin/../lib/gcc/arm-none-eabi/5.4.1/../../../../arm-none-eabi/lib/armv7-m\libg_nano.a(lib_a-nano-svfprintf.o)
 .ARM.attributes
                0x00000850       0x2d c:/program files (x86)/cypress/psoc creator/4.3/psoc creator/import/gnu/arm/5.4.1/bin/../lib/gcc/arm-none-eabi/5.4.1/../../../../arm-none-eabi/lib/armv7-m\libg_nano.a(lib_a-sbrkr.o)
 .ARM.attributes
                0x0000087d       0x1b c:/program files (x86)/cypress/psoc creator/4.3/psoc creator/import/gnu/arm/5.4.1/bin/../lib/gcc/arm-none-eabi/5.4.1/../../../../arm-none-eabi/lib/armv7-m\libg_nano.a(lib_a-strcmp.o)
 .ARM.attributes
                0x00000898       0x2d c:/program files (x86)/cypress/psoc creator/4.3/psoc creator/import/gnu/arm/5.4.1/bin/../lib/gcc/arm-none-eabi/5.4.1/../../../../arm-none-eabi/lib/armv7-m\libg_nano.a(lib_a-memmove.o)
 .ARM.attributes
                0x000008c5       0x2d c:/program files (x86)/cypress/psoc creator/4.3/psoc creator/import/gnu/arm/5.4.1/bin/../lib/gcc/arm-none-eabi/5.4.1/../../../../arm-none-eabi/lib/armv7-m\libg_nano.a(lib_a-mlock.o)
 .ARM.attributes
                0x000008f2       0x2d c:/program files (x86)/cypress/psoc creator/4.3/psoc creator/import/gnu/arm/5.4.1/bin/../lib/gcc/arm-none-eabi/5.4.1/../../../../arm-none-eabi/lib/armv7-m\libg_nano.a(lib_a-nano-reallocr.o)
 .ARM.attributes
                0x0000091f       0x2d c:/program files (x86)/cypress/psoc creator/4.3/psoc creator/import/gnu/arm/5.4.1/bin/../lib/gcc/arm-none-eabi/5.4.1/../../../../arm-none-eabi/lib/armv7-m\libg_nano.a(lib_a-reent.o)
 .ARM.attributes
                0x0000094c       0x2d c:/program files (x86)/cypress/psoc creator/4.3/psoc creator/import/gnu/arm/5.4.1/bin/../lib/gcc/arm-none-eabi/5.4.1/../../../../arm-none-eabi/lib/armv7-m\libg_nano.a(lib_a-nano-msizer.o)
 .ARM.attributes
                0x00000979       0x1d c:/program files (x86)/cypress/psoc creator/4.3/psoc creator/import/gnu/arm/5.4.1/bin/../lib/gcc/arm-none-eabi/5.4.1/armv7-m\libgcc.a(_arm_addsubdf3.o)
 .ARM.attributes
                0x00000996       0x1d c:/program files (x86)/cypress/psoc creator/4.3/psoc creator/import/gnu/arm/5.4.1/bin/../lib/gcc/arm-none-eabi/5.4.1/armv7-m\libgcc.a(_arm_muldivdf3.o)
 .ARM.attributes
                0x000009b3       0x1d c:/program files (x86)/cypress/psoc creator/4.3/psoc creator/import/gnu/arm/5.4.1/bin/../lib/gcc/arm-none-eabi/5.4.1/armv7-m\libgcc.a(_arm_cmpdf2.o)
 .ARM.attributes
                0x000009d0       0x1d c:/program files (x86)/cypress/psoc creator/4.3/psoc creator/import/gnu/arm/5.4.1/bin/../lib/gcc/arm-none-eabi/5.4.1/armv7-m\libgcc.a(_arm_unorddf2.o)
 .ARM.attributes
                0x000009ed       0x1d c:/program files (x86)/cypress/psoc creator/4.3/psoc creator/import/gnu/arm/5.4.1/bin/../lib/gcc/arm-none-eabi/5.4.1/armv7-m\libgcc.a(_arm_fixdfsi.o)
 .ARM.attributes
                0x00000a0a       0x2d c:/program files (x86)/cypress/psoc creator/4.3/psoc creator/import/gnu/arm/5.4.1/bin/../lib/gcc/arm-none-eabi/5.4.1/armv7-m/crtend.o
 .ARM.attributes
                0x00000a37       0x1d c:/program files (x86)/cypress/psoc creator/4.3/psoc creator/import/gnu/arm/5.4.1/bin/../lib/gcc/arm-none-eabi/5.4.1/armv7-m/crtn.o

/DISCARD/
 *(.note.GNU-stack)
OUTPUT(C:\Users\danaukes\code\code_psoc_photon_transponder\psoc\Workspace02\Design01.cydsn\CortexM3\ARM_GCC_541\Debug\Design01.elf elf32-littlearm)
