Archive member included to satisfy reference by file (symbol)

.\CortexM3\ARM_GCC_541\Debug\Design01.a(myUSB.o)
                              .\CortexM3\ARM_GCC_541\Debug\main.o (myUSB_Start)
.\CortexM3\ARM_GCC_541\Debug\Design01.a(myUSB_cdc.o)
                              .\CortexM3\ARM_GCC_541\Debug\main.o (myUSB_CDC_Init)
.\CortexM3\ARM_GCC_541\Debug\Design01.a(myUSB_drv.o)
                              .\CortexM3\ARM_GCC_541\Debug\Design01.a(myUSB.o) (myUSB_lastPacketSize)
.\CortexM3\ARM_GCC_541\Debug\Design01.a(myUSB_episr.o)
                              .\CortexM3\ARM_GCC_541\Debug\Design01.a(myUSB.o) (myUSB_EP_1_ISR)
.\CortexM3\ARM_GCC_541\Debug\Design01.a(myUSB_pm.o)
                              .\CortexM3\ARM_GCC_541\Debug\Design01.a(myUSB.o) (myUSB_DP_ISR)
.\CortexM3\ARM_GCC_541\Debug\Design01.a(myUSB_std.o)
                              .\CortexM3\ARM_GCC_541\Debug\Design01.a(myUSB_pm.o) (myUSB_ConfigReg)
.\CortexM3\ARM_GCC_541\Debug\Design01.a(myUSB_vnd.o)
                              .\CortexM3\ARM_GCC_541\Debug\Design01.a(myUSB_drv.o) (myUSB_HandleVendorRqst)
.\CortexM3\ARM_GCC_541\Debug\Design01.a(myUSB_Dp.o)
                              .\CortexM3\ARM_GCC_541\Debug\Design01.a(myUSB.o) (myUSB_Dp_ClearInterrupt)
.\CortexM3\ARM_GCC_541\Debug\Design01.a(CyLib.o)
                              .\CortexM3\ARM_GCC_541\Debug\Cm3Start.o (CyHalt)
.\CortexM3\ARM_GCC_541\Debug\Design01.a(cyPm.o)
                              .\CortexM3\ARM_GCC_541\Debug\Design01.a(CyLib.o) (CyPmReadStatus)
.\CortexM3\ARM_GCC_541\Debug\Design01.a(UART_photon.o)
                              .\CortexM3\ARM_GCC_541\Debug\main.o (UART_photon_Start)
.\CortexM3\ARM_GCC_541\Debug\Design01.a(UART_photon_IntClock.o)
                              .\CortexM3\ARM_GCC_541\Debug\Design01.a(UART_photon.o) (UART_photon_IntClock_Start)
.\CortexM3\ARM_GCC_541\Debug\Design01.a(CyBootAsmGnu.o)
                              .\CortexM3\ARM_GCC_541\Debug\cyfitter_cfg.o (CyDelayCycles)
.\CortexM3\ARM_GCC_541\Debug\Design01.a(myUSB_cls.o)
                              .\CortexM3\ARM_GCC_541\Debug\Design01.a(myUSB_drv.o) (myUSB_DispatchClassRqst)
.\CortexM3\ARM_GCC_541\Debug\Design01.a(myUSB_descr.o)
                              .\CortexM3\ARM_GCC_541\Debug\Design01.a(myUSB_std.o) (myUSB_idSerialNumberStringDescriptor)
.\CortexM3\ARM_GCC_541\Debug\Design01.a(CyFlash.o)
                              .\CortexM3\ARM_GCC_541\Debug\Design01.a(cyPm.o) (CyFlash_SetWaitCycles)
.\CortexM3\ARM_GCC_541\Debug\Design01.a(CySpc.o)
                              .\CortexM3\ARM_GCC_541\Debug\Design01.a(CyFlash.o) (CySpcStart)
c:/program files (x86)/cypress/psoc creator/4.3/psoc creator/import/gnu/arm/5.4.1/bin/../lib/gcc/arm-none-eabi/5.4.1/../../../../arm-none-eabi/lib/armv7-m\libg_nano.a(lib_a-errno.o)
                              .\CortexM3\ARM_GCC_541\Debug\Cm3Start.o (__errno)
c:/program files (x86)/cypress/psoc creator/4.3/psoc creator/import/gnu/arm/5.4.1/bin/../lib/gcc/arm-none-eabi/5.4.1/../../../../arm-none-eabi/lib/armv7-m\libg_nano.a(lib_a-exit.o)
                              c:/program files (x86)/cypress/psoc creator/4.3/psoc creator/import/gnu/arm/5.4.1/bin/../lib/gcc/arm-none-eabi/5.4.1/../../../../arm-none-eabi/lib/armv7-m/crt0.o (exit)
c:/program files (x86)/cypress/psoc creator/4.3/psoc creator/import/gnu/arm/5.4.1/bin/../lib/gcc/arm-none-eabi/5.4.1/../../../../arm-none-eabi/lib/armv7-m\libg_nano.a(lib_a-impure.o)
                              c:/program files (x86)/cypress/psoc creator/4.3/psoc creator/import/gnu/arm/5.4.1/bin/../lib/gcc/arm-none-eabi/5.4.1/../../../../arm-none-eabi/lib/armv7-m\libg_nano.a(lib_a-exit.o) (_global_impure_ptr)
c:/program files (x86)/cypress/psoc creator/4.3/psoc creator/import/gnu/arm/5.4.1/bin/../lib/gcc/arm-none-eabi/5.4.1/../../../../arm-none-eabi/lib/armv7-m\libg_nano.a(lib_a-init.o)
                              c:/program files (x86)/cypress/psoc creator/4.3/psoc creator/import/gnu/arm/5.4.1/bin/../lib/gcc/arm-none-eabi/5.4.1/../../../../arm-none-eabi/lib/armv7-m/crt0.o (__libc_init_array)
c:/program files (x86)/cypress/psoc creator/4.3/psoc creator/import/gnu/arm/5.4.1/bin/../lib/gcc/arm-none-eabi/5.4.1/../../../../arm-none-eabi/lib/armv7-m\libg_nano.a(lib_a-memcpy-stub.o)
                              .\CortexM3\ARM_GCC_541\Debug\cyfitter_cfg.o (memcpy)
c:/program files (x86)/cypress/psoc creator/4.3/psoc creator/import/gnu/arm/5.4.1/bin/../lib/gcc/arm-none-eabi/5.4.1/../../../../arm-none-eabi/lib/armv7-m\libg_nano.a(lib_a-memset.o)
                              c:/program files (x86)/cypress/psoc creator/4.3/psoc creator/import/gnu/arm/5.4.1/bin/../lib/gcc/arm-none-eabi/5.4.1/../../../../arm-none-eabi/lib/armv7-m/crt0.o (memset)
c:/program files (x86)/cypress/psoc creator/4.3/psoc creator/import/gnu/arm/5.4.1/bin/../lib/gcc/arm-none-eabi/5.4.1/../../../../arm-none-eabi/lib/armv7-m\libg_nano.a(lib_a-nano-vfprintf_float.o)
                              (_printf_float)
[...]
Memory Configuration

Name             Origin             Length             Attributes
rom              0x00000000         0x00040000         xr
ram              0x1fff8000         0x00010000         xrw
*default*        0x00000000         0xffffffff

Linker script and memory map

LOAD c:/program files (x86)/cypress/psoc creator/4.3/psoc creator/import/gnu/arm/5.4.1/bin/../lib/gcc/arm-none-eabi/5.4.1/armv7-m/crti.o
LOAD c:/program files (x86)/cypress/psoc creator/4.3/psoc creator/import/gnu/arm/5.4.1/bin/../lib/gcc/arm-none-eabi/5.4.1/armv7-m/crtbegin.o
LOAD c:/program files (x86)/cypress/psoc creator/4.3/psoc creator/import/gnu/arm/5.4.1/bin/../lib/gcc/arm-none-eabi/5.4.1/../../../../arm-none-eabi/lib/armv7-m/crt0.o
START GROUP
LOAD .\CortexM3\ARM_GCC_541\Debug\main.o
LOAD .\CortexM3\ARM_GCC_541\Debug\cyfitter_cfg.o
LOAD .\CortexM3\ARM_GCC_541\Debug\cymetadata.o
LOAD .\CortexM3\ARM_GCC_541\Debug\Cm3Start.o
LOAD .\CortexM3\ARM_GCC_541\Debug\Design01.a
LOAD C:\Program Files (x86)\Cypress\PSoC Creator\4.3\PSoC Creator\psoc\content\cycomponentlibrary\CyComponentLibrary.cylib\CortexM3\ARM_GCC_541\Debug\CyComponentLibrary.a
LOAD c:/program files (x86)/cypress/psoc creator/4.3/psoc creator/import/gnu/arm/5.4.1/bin/../lib/gcc/arm-none-eabi/5.4.1/../../../../arm-none-eabi/lib/armv7-m\libm.a
END GROUP
START GROUP
LOAD c:/program files (x86)/cypress/psoc creator/4.3/psoc creator/import/gnu/arm/5.4.1/bin/../lib/gcc/arm-none-eabi/5.4.1/armv7-m\libgcc.a
LOAD c:/program files (x86)/cypress/psoc creator/4.3/psoc creator/import/gnu/arm/5.4.1/bin/../lib/gcc/arm-none-eabi/5.4.1/../../../../arm-none-eabi/lib/armv7-m\libg_nano.a
LOAD c:/program files (x86)/cypress/psoc creator/4.3/psoc creator/import/gnu/arm/5.4.1/bin/../lib/gcc/arm-none-eabi/5.4.1/../../../../arm-none-eabi/lib/armv7-m\libc_nano.a
END GROUP
START GROUP
LOAD c:/program files (x86)/cypress/psoc creator/4.3/psoc creator/import/gnu/arm/5.4.1/bin/../lib/gcc/arm-none-eabi/5.4.1/armv7-m\libgcc.a
LOAD c:/program files (x86)/cypress/psoc creator/4.3/psoc creator/import/gnu/arm/5.4.1/bin/../lib/gcc/arm-none-eabi/5.4.1/../../../../arm-none-eabi/lib/armv7-m\libc_nano.a
END GROUP
LOAD c:/program files (x86)/cypress/psoc creator/4.3/psoc creator/import/gnu/arm/5.4.1/bin/../lib/gcc/arm-none-eabi/5.4.1/armv7-m/crtend.o
LOAD c:/program files (x86)/cypress/psoc creator/4.3/psoc creator/import/gnu/arm/5.4.1/bin/../lib/gcc/arm-none-eabi/5.4.1/armv7-m/crtn.o
START GROUP
LOAD c:/program files (x86)/cypress/psoc creator/4.3/psoc creator/import/gnu/arm/5.4.1/bin/../lib/gcc/arm-none-eabi/5.4.1/armv7-m\libgcc.a
LOAD c:/program files (x86)/cypress/psoc creator/4.3/psoc creator/import/gnu/arm/5.4.1/bin/../lib/gcc/arm-none-eabi/5.4.1/../../../../arm-none-eabi/lib/armv7-m\libc.a
LOAD c:/program files (x86)/cypress/psoc creator/4.3/psoc creator/import/gnu/arm/5.4.1/bin/../lib/gcc/arm-none-eabi/5.4.1/../../../../arm-none-eabi/lib/armv7-m\libnosys.a
END GROUP
                0x00000000                CY_APPL_ORIGIN = 0x0
                0x00000100                CY_FLASH_ROW_SIZE = 0x100
                0x00000020                CY_ECC_ROW_SIZE = 0x20
                0x00000000                CY_EE_IN_BTLDR = 0x0
                0x00000000                CY_APPL_LOADABLE = 0x0
                0x00000800                CY_EE_SIZE = 0x800
                0x00000001                CY_APPL_NUM = 0x1
                0x00000001                CY_APPL_MAX = 0x1
                0x00000040                CY_METADATA_SIZE = 0x40
                0x00000000                CY_APPL_LOADABLE = 0x0
                0x00000000                CY_CHECKSUM_EXCLUDE_SIZE = ALIGN (0x0, CY_FLASH_ROW_SIZE)
                [!provide]                PROVIDE (__cy_heap_start, _end)
                0x00000001                PROVIDE (__cy_region_num, ((__cy_regions_end - __cy_regions) / 0x10))
                0x20008000                PROVIDE (__cy_stack, (ORIGIN (ram) + LENGTH (ram)))
                [!provide]                PROVIDE (__cy_heap_end, (__cy_stack - 0x800))

.cybootloader   0x00000000        0x0
 *(.cybootloader)
                0x00000000                appl1_start = CY_APPL_ORIGIN?CY_APPL_ORIGIN:ALIGN (CY_FLASH_ROW_SIZE)
                0x0001ff00                appl2_start = (appl1_start + ALIGN ((((LENGTH (rom) - appl1_start) - (0x2 * CY_FLASH_ROW_SIZE)) / 0x2), CY_FLASH_ROW_SIZE))
                0x00000000                appl_start = (CY_APPL_NUM == 0x1)?appl1_start:appl2_start
                0x00000000                ecc_offset = ((appl_start / CY_FLASH_ROW_SIZE) * CY_ECC_ROW_SIZE)
                0x00000000                ee_offset = (CY_APPL_LOADABLE && ! (CY_EE_IN_BTLDR))?((CY_EE_SIZE / CY_APPL_MAX) * (CY_APPL_NUM - 0x1)):0x0
                0x00000800                ee_size = (CY_APPL_LOADABLE && ! (CY_EE_IN_BTLDR))?(CY_EE_SIZE / CY_APPL_MAX):CY_EE_SIZE
                [!provide]                PROVIDE (CY_ECC_OFFSET, ecc_offset)

.text           0x00000000     0x3e78
 CREATE_OBJECT_SYMBOLS
                0x00000000                PROVIDE (__cy_interrupt_vector, RomVectors)
 *(.romvectors)
 .romvectors    0x00000000       0x10 .\CortexM3\ARM_GCC_541\Debug\Cm3Start.o
                0x00000000                RomVectors
                0x00000001                ASSERT ((. != __cy_interrupt_vector), No interrupt vector)
                0x00000001                ASSERT (CY_APPL_ORIGIN?(SIZEOF (.cybootloader) <= CY_APPL_ORIGIN):0x1, Wrong image location)
                0x00000010                PROVIDE (__cy_reset, Reset)
 *(.text.Reset)
 .text.Reset    0x00000010       0x18 .\CortexM3\ARM_GCC_541\Debug\Cm3Start.o
                0x00000010                Reset
                0x00000001                ASSERT ((. != __cy_reset), No reset code)
 *(.dma_init)
                0x00000001                ASSERT ((((appl_start + .) <= 0x10000) || 0x1), DMA Init must be within the first 64k of flash)
 *(.text .text.* .gnu.linkonce.t.*)
 .text          0x00000028       0x5c c:/program files (x86)/cypress/psoc creator/4.3/psoc creator/import/gnu/arm/5.4.1/bin/../lib/gcc/arm-none-eabi/5.4.1/armv7-m/crtbegin.o
 .text.main     0x00000084       0x84 .\CortexM3\ARM_GCC_541\Debug\main.o
                0x00000084                main
 .text.CyClockStartupError
                0x00000108        0x4 .\CortexM3\ARM_GCC_541\Debug\cyfitter_cfg.o
 .text.cfg_write_bytes32
                0x0000010c       0x34 .\CortexM3\ARM_GCC_541\Debug\cyfitter_cfg.o
 .text.AnalogSetDefault
                0x00000140       0x28 .\CortexM3\ARM_GCC_541\Debug\cyfitter_cfg.o
 .text.CYMEMZERO
                0x00000168        0xc .\CortexM3\ARM_GCC_541\Debug\cyfitter_cfg.o
 .text.ClockSetup
                0x00000174       0xbc .\CortexM3\ARM_GCC_541\Debug\cyfitter_cfg.o
 .text.CYCONFIGCPY
                0x00000230        0x8 .\CortexM3\ARM_GCC_541\Debug\cyfitter_cfg.o
 .text.cyfitter_cfg
                0x00000238      0x104 .\CortexM3\ARM_GCC_541\Debug\cyfitter_cfg.o
                0x00000238                cyfitter_cfg
 .text.IntDefaultHandler
                0x0000033c       0x10 .\CortexM3\ARM_GCC_541\Debug\Cm3Start.o
                0x0000033c                IntDefaultHandler
 .text._sbrk    0x0000034c       0x30 .\CortexM3\ARM_GCC_541\Debug\Cm3Start.o
                0x0000034c                _sbrk
 .text.Start_c  0x0000037c       0x4c .\CortexM3\ARM_GCC_541\Debug\Cm3Start.o
                0x0000037c                Start_c
 .text.initialize_psoc
                0x000003c8       0x68 .\CortexM3\ARM_GCC_541\Debug\Cm3Start.o
                0x000003c8                initialize_psoc
 .text.myUSB_Init
                0x00000430      0x140 .\CortexM3\ARM_GCC_541\Debug\Design01.a(myUSB.o)
                0x00000430                myUSB_Init
 .text.myUSB_InitComponent
                0x00000570       0xb8 .\CortexM3\ARM_GCC_541\Debug\Design01.a(myUSB.o)
                0x00000570                myUSB_InitComponent
 .text.myUSB_Start
                0x00000628       0x24 .\CortexM3\ARM_GCC_541\Debug\Design01.a(myUSB.o)
                0x00000628                myUSB_Start
 .text.myUSB_ReInitComponent
                0x0000064c       0x4c .\CortexM3\ARM_GCC_541\Debug\Design01.a(myUSB.o)
                0x0000064c                myUSB_ReInitComponent
 .text.myUSB_GetConfiguration
                0x00000698        0xc .\CortexM3\ARM_GCC_541\Debug\Design01.a(myUSB.o)
                0x00000698                myUSB_GetConfiguration
 .text.myUSB_GetEPState
                0x000006a4       0x14 .\CortexM3\ARM_GCC_541\Debug\Design01.a(myUSB.o)
                0x000006a4                myUSB_GetEPState
 .text.myUSB_GetEPCount
                0x000006b8       0x28 .\CortexM3\ARM_GCC_541\Debug\Design01.a(myUSB.o)
                0x000006b8                myUSB_GetEPCount
 .text.myUSB_LoadInEP
                0x000006e0       0x94 .\CortexM3\ARM_GCC_541\Debug\Design01.a(myUSB.o)
                0x000006e0                myUSB_LoadInEP
 .text.myUSB_EnableOutEP
                0x00000774       0x2c .\CortexM3\ARM_GCC_541\Debug\Design01.a(myUSB.o)
                0x00000774                myUSB_EnableOutEP
 .text.myUSB_ReadOutEP
                0x000007a0       0x50 .\CortexM3\ARM_GCC_541\Debug\Design01.a(myUSB.o)
                0x000007a0                myUSB_ReadOutEP
 .text.myUSB_GetInterfaceComPort
                0x000007f0       0x38 .\CortexM3\ARM_GCC_541\Debug\Design01.a(myUSB_cdc.o)
                0x000007f0                myUSB_GetInterfaceComPort
 .text.myUSB_DispatchCDCClassRqst
                0x00000828       0x98 .\CortexM3\ARM_GCC_541\Debug\Design01.a(myUSB_cdc.o)
                0x00000828                myUSB_DispatchCDCClassRqst
 .text.myUSB_CDC_Init
                0x000008c0       0x98 .\CortexM3\ARM_GCC_541\Debug\Design01.a(myUSB_cdc.o)
                0x000008c0                myUSB_CDC_Init
 .text.myUSB_PutChar
                0x00000958       0x28 .\CortexM3\ARM_GCC_541\Debug\Design01.a(myUSB_cdc.o)
                0x00000958                myUSB_PutChar
 .text.myUSB_GetCount
                0x00000980       0x34 .\CortexM3\ARM_GCC_541\Debug\Design01.a(myUSB_cdc.o)
                0x00000980                myUSB_GetCount
 .text.myUSB_DataIsReady
                0x000009b4       0x18 .\CortexM3\ARM_GCC_541\Debug\Design01.a(myUSB_cdc.o)
                0x000009b4                myUSB_DataIsReady
 .text.myUSB_CDCIsReady
                0x000009cc       0x18 .\CortexM3\ARM_GCC_541\Debug\Design01.a(myUSB_cdc.o)
                0x000009cc                myUSB_CDCIsReady
 .text.myUSB_GetData
                0x000009e4       0x20 .\CortexM3\ARM_GCC_541\Debug\Design01.a(myUSB_cdc.o)
                0x000009e4                myUSB_GetData
 .text.myUSB_Cdc_EpInit
                0x00000a04       0x50 .\CortexM3\ARM_GCC_541\Debug\Design01.a(myUSB_cdc.o)
                0x00000a04                myUSB_Cdc_EpInit
 .text.myUSB_LoadEP0
                0x00000a54       0x98 .\CortexM3\ARM_GCC_541\Debug\Design01.a(myUSB_drv.o)
                0x00000a54                myUSB_LoadEP0
 .text.myUSB_InitZeroLengthControlTransfer
                0x00000aec       0x34 .\CortexM3\ARM_GCC_541\Debug\Design01.a(myUSB_drv.o)
                0x00000aec                myUSB_InitZeroLengthControlTransfer
 .text.myUSB_ControlReadDataStage
                0x00000b20        0x8 .\CortexM3\ARM_GCC_541\Debug\Design01.a(myUSB_drv.o)
                0x00000b20                myUSB_ControlReadDataStage
 .text.myUSB_ControlWriteDataStage
                0x00000b28       0x84 .\CortexM3\ARM_GCC_541\Debug\Design01.a(myUSB_drv.o)
                0x00000b28                myUSB_ControlWriteDataStage
 .text.myUSB_InitNoDataControlTransfer
                0x00000bac       0x2c .\CortexM3\ARM_GCC_541\Debug\Design01.a(myUSB_drv.o)
                0x00000bac                myUSB_InitNoDataControlTransfer
 .text.myUSB_UpdateStatusBlock
                0x00000bd8       0x24 .\CortexM3\ARM_GCC_541\Debug\Design01.a(myUSB_drv.o)
                0x00000bd8                myUSB_UpdateStatusBlock
 .text.myUSB_HandleSetup
                0x00000bfc       0x5c .\CortexM3\ARM_GCC_541\Debug\Design01.a(myUSB_drv.o)
                0x00000bfc                myUSB_HandleSetup
 .text.myUSB_ControlReadStatusStage
                0x00000c58       0x38 .\CortexM3\ARM_GCC_541\Debug\Design01.a(myUSB_drv.o)
                0x00000c58                myUSB_ControlReadStatusStage
 .text.myUSB_HandleOUT
                0x00000c90       0x38 .\CortexM3\ARM_GCC_541\Debug\Design01.a(myUSB_drv.o)
                0x00000c90                myUSB_HandleOUT
 .text.myUSB_ControlWriteStatusStage
                0x00000cc8       0x20 .\CortexM3\ARM_GCC_541\Debug\Design01.a(myUSB_drv.o)
                0x00000cc8                myUSB_ControlWriteStatusStage
 .text.myUSB_NoDataControlStatusStage
                0x00000ce8       0x40 .\CortexM3\ARM_GCC_541\Debug\Design01.a(myUSB_drv.o)
                0x00000ce8                myUSB_NoDataControlStatusStage
 .text.myUSB_HandleIN
                0x00000d28       0x2c .\CortexM3\ARM_GCC_541\Debug\Design01.a(myUSB_drv.o)
                0x00000d28                myUSB_HandleIN
 .text.myUSB_EP_0_ISR
                0x00000d54       0xb8 .\CortexM3\ARM_GCC_541\Debug\Design01.a(myUSB_drv.o)
                0x00000d54                myUSB_EP_0_ISR
 .text.myUSB_InitializeStatusBlock
                0x00000e0c       0x24 .\CortexM3\ARM_GCC_541\Debug\Design01.a(myUSB_drv.o)
                0x00000e0c                myUSB_InitializeStatusBlock
 .text.myUSB_InitControlRead
                0x00000e30       0x50 .\CortexM3\ARM_GCC_541\Debug\Design01.a(myUSB_drv.o)
                0x00000e30                myUSB_InitControlRead
 .text.myUSB_InitControlWrite
                0x00000e80       0x48 .\CortexM3\ARM_GCC_541\Debug\Design01.a(myUSB_drv.o)
                0x00000e80                myUSB_InitControlWrite
 .text.myUSB_EP_1_ISR
                0x00000ec8       0x30 .\CortexM3\ARM_GCC_541\Debug\Design01.a(myUSB_episr.o)
                0x00000ec8                myUSB_EP_1_ISR
 .text.myUSB_EP_2_ISR
                0x00000ef8       0x34 .\CortexM3\ARM_GCC_541\Debug\Design01.a(myUSB_episr.o)
                0x00000ef8                myUSB_EP_2_ISR
 .text.myUSB_EP_3_ISR
                0x00000f2c       0x3c .\CortexM3\ARM_GCC_541\Debug\Design01.a(myUSB_episr.o)
                0x00000f2c                myUSB_EP_3_ISR
 .text.myUSB_SOF_ISR
                0x00000f68        0x4 .\CortexM3\ARM_GCC_541\Debug\Design01.a(myUSB_episr.o)
                0x00000f68                myUSB_SOF_ISR
 .text.myUSB_BUS_RESET_ISR
                0x00000f6c        0x8 .\CortexM3\ARM_GCC_541\Debug\Design01.a(myUSB_episr.o)
                0x00000f6c                myUSB_BUS_RESET_ISR
 .text.myUSB_DP_ISR
                0x00000f74        0x8 .\CortexM3\ARM_GCC_541\Debug\Design01.a(myUSB_pm.o)
                0x00000f74                myUSB_DP_ISR
 .text.myUSB_ReadDieID
                0x00000f7c       0x6c .\CortexM3\ARM_GCC_541\Debug\Design01.a(myUSB_std.o)
                0x00000f7c                myUSB_ReadDieID
 .text.myUSB_ConfigReg
                0x00000fe8       0xa4 .\CortexM3\ARM_GCC_541\Debug\Design01.a(myUSB_std.o)
                0x00000fe8                myUSB_ConfigReg
 .text.myUSB_GetConfigTablePtr
                0x0000108c       0x28 .\CortexM3\ARM_GCC_541\Debug\Design01.a(myUSB_std.o)
                0x0000108c                myUSB_GetConfigTablePtr
 .text.myUSB_ConfigAltChanged
                0x000010b4      0x11c .\CortexM3\ARM_GCC_541\Debug\Design01.a(myUSB_std.o)
                0x000010b4                myUSB_ConfigAltChanged
 .text.myUSB_GetDeviceTablePtr
                0x000011d0       0x18 .\CortexM3\ARM_GCC_541\Debug\Design01.a(myUSB_std.o)
                0x000011d0                myUSB_GetDeviceTablePtr
 .text.myUSB_GetInterfaceClassTablePtr
                0x000011e8       0x28 .\CortexM3\ARM_GCC_541\Debug\Design01.a(myUSB_std.o)
                0x000011e8                myUSB_GetInterfaceClassTablePtr
 .text.myUSB_Config
                0x00001210      0x1ec .\CortexM3\ARM_GCC_541\Debug\Design01.a(myUSB_std.o)
                0x00001210                myUSB_Config
 .text.myUSB_SetEndpointHalt
                0x000013fc       0x64 .\CortexM3\ARM_GCC_541\Debug\Design01.a(myUSB_std.o)
                0x000013fc                myUSB_SetEndpointHalt
 .text.myUSB_ClearEndpointHalt
                0x00001460       0xac .\CortexM3\ARM_GCC_541\Debug\Design01.a(myUSB_std.o)
                0x00001460                myUSB_ClearEndpointHalt
 .text.myUSB_ValidateAlternateSetting
                0x0000150c       0x4c .\CortexM3\ARM_GCC_541\Debug\Design01.a(myUSB_std.o)
                0x0000150c                myUSB_ValidateAlternateSetting
 .text.myUSB_HandleStandardRqst
                0x00001558      0x354 .\CortexM3\ARM_GCC_541\Debug\Design01.a(myUSB_std.o)
                0x00001558                myUSB_HandleStandardRqst
 .text.myUSB_HandleVendorRqst
                0x000018ac       0x18 .\CortexM3\ARM_GCC_541\Debug\Design01.a(myUSB_vnd.o)
                0x000018ac                myUSB_HandleVendorRqst
 .text.myUSB_Dp_ClearInterrupt
                0x000018c4       0x10 .\CortexM3\ARM_GCC_541\Debug\Design01.a(myUSB_Dp.o)
                0x000018c4                myUSB_Dp_ClearInterrupt
 .text.CyHalt   0x000018d4        0x4 .\CortexM3\ARM_GCC_541\Debug\Design01.a(CyLib.o)
                0x000018d4                CyHalt
 .text.CyDelayUs
                0x000018d8       0x14 .\CortexM3\ARM_GCC_541\Debug\Design01.a(CyLib.o)
                0x000018d8                CyDelayUs
 .text.CyIntSetVector
                0x000018ec       0x28 .\CortexM3\ARM_GCC_541\Debug\Design01.a(CyLib.o)
                0x000018ec                CyIntSetVector
 .text.CyIntSetPriority
                0x00001914       0x30 .\CortexM3\ARM_GCC_541\Debug\Design01.a(CyLib.o)
                0x00001914                CyIntSetPriority
 .text.CyGetUniqueId
                0x00001944       0x70 .\CortexM3\ARM_GCC_541\Debug\Design01.a(CyLib.o)
                0x00001944                CyGetUniqueId
 .text.UART_photon_Init
                0x000019b4       0x24 .\CortexM3\ARM_GCC_541\Debug\Design01.a(UART_photon.o)
                0x000019b4                UART_photon_Init
 .text.UART_photon_Enable
                0x000019d8       0x38 .\CortexM3\ARM_GCC_541\Debug\Design01.a(UART_photon.o)
                0x000019d8                UART_photon_Enable
 .text.UART_photon_Start
                0x00001a10       0x1c .\CortexM3\ARM_GCC_541\Debug\Design01.a(UART_photon.o)
                0x00001a10                UART_photon_Start
 .text.UART_photon_GetChar
                0x00001a2c       0x2c .\CortexM3\ARM_GCC_541\Debug\Design01.a(UART_photon.o)
                0x00001a2c                UART_photon_GetChar
 .text.UART_photon_GetRxBufferSize
                0x00001a58       0x18 .\CortexM3\ARM_GCC_541\Debug\Design01.a(UART_photon.o)
                0x00001a58                UART_photon_GetRxBufferSize
 .text.UART_photon_PutChar
                0x00001a70       0x18 .\CortexM3\ARM_GCC_541\Debug\Design01.a(UART_photon.o)
                0x00001a70                UART_photon_PutChar
 .text.UART_photon_IntClock_Start
                0x00001a88       0x1c .\CortexM3\ARM_GCC_541\Debug\Design01.a(UART_photon_IntClock.o)
                0x00001a88                UART_photon_IntClock_Start
 *fill*         0x00001aa4        0x4 
 .text          0x00001aa8       0x20 .\CortexM3\ARM_GCC_541\Debug\Design01.a(CyBootAsmGnu.o)
                0x00001aa8                CyDelayCycles
                0x00001ab8                CyEnterCriticalSection
                0x00001ac0                CyExitCriticalSection
 .text.myUSB_DispatchClassRqst
                0x00001ac8       0x60 .\CortexM3\ARM_GCC_541\Debug\Design01.a(myUSB_cls.o)
                0x00001ac8                myUSB_DispatchClassRqst
 .text.__errno  0x00001b28        0xc c:/program files (x86)/cypress/psoc creator/4.3/psoc creator/import/gnu/arm/5.4.1/bin/../lib/gcc/arm-none-eabi/5.4.1/../../../../arm-none-eabi/lib/armv7-m\libg_nano.a(lib_a-errno.o)
                0x00001b28                __errno
 .text.__libc_init_array
                0x00001b34       0x4c c:/program files (x86)/cypress/psoc creator/4.3/psoc creator/import/gnu/arm/5.4.1/bin/../lib/gcc/arm-none-eabi/5.4.1/../../../../arm-none-eabi/lib/armv7-m\libg_nano.a(lib_a-init.o)
                0x00001b34                __libc_init_array
 .text.memcpy   0x00001b80       0x16 c:/program files (x86)/cypress/psoc creator/4.3/psoc creator/import/gnu/arm/5.4.1/bin/../lib/gcc/arm-none-eabi/5.4.1/../../../../arm-none-eabi/lib/armv7-m\libg_nano.a(lib_a-memcpy-stub.o)
                0x00001b80                memcpy
 .text.memset   0x00001b96       0x10 c:/program files (x86)/cypress/psoc creator/4.3/psoc creator/import/gnu/arm/5.4.1/bin/../lib/gcc/arm-none-eabi/5.4.1/../../../../arm-none-eabi/lib/armv7-m\libg_nano.a(lib_a-memset.o)
                0x00001b96                memset
 .text.__cvt    0x00001ba6       0xc0 c:/program files (x86)/cypress/psoc creator/4.3/psoc creator/import/gnu/arm/5.4.1/bin/../lib/gcc/arm-none-eabi/5.4.1/../../../../arm-none-eabi/lib/armv7-m\libg_nano.a(lib_a-nano-vfprintf_float.o)
                0x00001ba6                __cvt
 .text.__exponent
                0x00001c66       0x62 c:/program files (x86)/cypress/psoc creator/4.3/psoc creator/import/gnu/arm/5.4.1/bin/../lib/gcc/arm-none-eabi/5.4.1/../../../../arm-none-eabi/lib/armv7-m\libg_nano.a(lib_a-nano-vfprintf_float.o)
                0x00001c66                __exponent
 .text._printf_float
                0x00001cc8      0x488 c:/program files (x86)/cypress/psoc creator/4.3/psoc creator/import/gnu/arm/5.4.1/bin/../lib/gcc/arm-none-eabi/5.4.1/../../../../arm-none-eabi/lib/armv7-m\libg_nano.a(lib_a-nano-vfprintf_float.o)
                0x00001cc8                _printf_float
 .text._printf_common
                0x00002150       0xec c:/program files (x86)/cypress/psoc creator/4.3/psoc creator/import/gnu/arm/5.4.1/bin/../lib/gcc/arm-none-eabi/5.4.1/../../../../arm-none-eabi/lib/armv7-m\libg_nano.a(lib_a-nano-vfprintf_i.o)
                0x00002150                _printf_common
 .text          0x0000223c       0x10 c:/program files (x86)/cypress/psoc creator/4.3/psoc creator/import/gnu/arm/5.4.1/bin/../lib/gcc/arm-none-eabi/5.4.1/../../../../arm-none-eabi/lib/armv7-m\libg_nano.a(lib_a-strlen.o)
                0x0000223c                strlen
 .text.quorem   0x0000224c      0x116 c:/program files (x86)/cypress/psoc creator/4.3/psoc creator/import/gnu/arm/5.4.1/bin/../lib/gcc/arm-none-eabi/5.4.1/../../../../arm-none-eabi/lib/armv7-m\libg_nano.a(lib_a-dtoa.o)
 *fill*         0x00002362        0x6 
 .text._dtoa_r  0x00002368      0xb30 c:/program files (x86)/cypress/psoc creator/4.3/psoc creator/import/gnu/arm/5.4.1/bin/../lib/gcc/arm-none-eabi/5.4.1/../../../../arm-none-eabi/lib/armv7-m\libg_nano.a(lib_a-dtoa.o)
                0x00002368                _dtoa_r
 .text._localeconv_r
                0x00002e98        0x8 c:/program files (x86)/cypress/psoc creator/4.3/psoc creator/import/gnu/arm/5.4.1/bin/../lib/gcc/arm-none-eabi/5.4.1/../../../../arm-none-eabi/lib/armv7-m\libg_nano.a(lib_a-locale.o)
                0x00002e98                _localeconv_r
 .text.malloc   0x00002ea0       0x10 c:/program files (x86)/cypress/psoc creator/4.3/psoc creator/import/gnu/arm/5.4.1/bin/../lib/gcc/arm-none-eabi/5.4.1/../../../../arm-none-eabi/lib/armv7-m\libg_nano.a(lib_a-malloc.o)
                0x00002ea0                malloc
 .text._Balloc  0x00002eb0       0x6a c:/program files (x86)/cypress/psoc creator/4.3/psoc creator/import/gnu/arm/5.4.1/bin/../lib/gcc/arm-none-eabi/5.4.1/../../../../arm-none-eabi/lib/armv7-m\libg_nano.a(lib_a-mprec.o)
                0x00002eb0                _Balloc
 .text._Bfree   0x00002f1a       0x2e c:/program files (x86)/cypress/psoc creator/4.3/psoc creator/import/gnu/arm/5.4.1/bin/../lib/gcc/arm-none-eabi/5.4.1/../../../../arm-none-eabi/lib/armv7-m\libg_nano.a(lib_a-mprec.o)
                0x00002f1a                _Bfree
 .text.__multadd
                0x00002f48       0x76 c:/program files (x86)/cypress/psoc creator/4.3/psoc creator/import/gnu/arm/5.4.1/bin/../lib/gcc/arm-none-eabi/5.4.1/../../../../arm-none-eabi/lib/armv7-m\libg_nano.a(lib_a-mprec.o)
                0x00002f48                __multadd
 .text.__hi0bits
                0x00002fbe       0x40 c:/program files (x86)/cypress/psoc creator/4.3/psoc creator/import/gnu/arm/5.4.1/bin/../lib/gcc/arm-none-eabi/5.4.1/../../../../arm-none-eabi/lib/armv7-m\libg_nano.a(lib_a-mprec.o)
                0x00002fbe                __hi0bits
 .text.__lo0bits
                0x00002ffe       0x5a c:/program files (x86)/cypress/psoc creator/4.3/psoc creator/import/gnu/arm/5.4.1/bin/../lib/gcc/arm-none-eabi/5.4.1/../../../../arm-none-eabi/lib/armv7-m\libg_nano.a(lib_a-mprec.o)
                0x00002ffe                __lo0bits
 .text.__i2b    0x00003058       0x12 c:/program files (x86)/cypress/psoc creator/4.3/psoc creator/import/gnu/arm/5.4.1/bin/../lib/gcc/arm-none-eabi/5.4.1/../../../../arm-none-eabi/lib/armv7-m\libg_nano.a(lib_a-mprec.o)
                0x00003058                __i2b
 .text.__multiply
                0x0000306a      0x120 c:/program files (x86)/cypress/psoc creator/4.3/psoc creator/import/gnu/arm/5.4.1/bin/../lib/gcc/arm-none-eabi/5.4.1/../../../../arm-none-eabi/lib/armv7-m\libg_nano.a(lib_a-mprec.o)
                0x0000306a                __multiply
 *fill*         0x0000318a        0x2 
 .text.__pow5mult
                0x0000318c       0x9c c:/program files (x86)/cypress/psoc creator/4.3/psoc creator/import/gnu/arm/5.4.1/bin/../lib/gcc/arm-none-eabi/5.4.1/../../../../arm-none-eabi/lib/armv7-m\libg_nano.a(lib_a-mprec.o)
                0x0000318c                __pow5mult
 .text.__lshift
                0x00003228       0xa2 c:/program files (x86)/cypress/psoc creator/4.3/psoc creator/import/gnu/arm/5.4.1/bin/../lib/gcc/arm-none-eabi/5.4.1/../../../../arm-none-eabi/lib/armv7-m\libg_nano.a(lib_a-mprec.o)
                0x00003228                __lshift
 .text.__mcmp   0x000032ca       0x38 c:/program files (x86)/cypress/psoc creator/4.3/psoc creator/import/gnu/arm/5.4.1/bin/../lib/gcc/arm-none-eabi/5.4.1/../../../../arm-none-eabi/lib/armv7-m\libg_nano.a(lib_a-mprec.o)
                0x000032ca                __mcmp
 .text.__mdiff  0x00003302       0xbe c:/program files (x86)/cypress/psoc creator/4.3/psoc creator/import/gnu/arm/5.4.1/bin/../lib/gcc/arm-none-eabi/5.4.1/../../../../arm-none-eabi/lib/armv7-m\libg_nano.a(lib_a-mprec.o)
                0x00003302                __mdiff
 .text.__d2b    0x000033c0       0x9c c:/program files (x86)/cypress/psoc creator/4.3/psoc creator/import/gnu/arm/5.4.1/bin/../lib/gcc/arm-none-eabi/5.4.1/../../../../arm-none-eabi/lib/armv7-m\libg_nano.a(lib_a-mprec.o)
                0x000033c0                __d2b
 .text._calloc_r
                0x0000345c       0x1c c:/program files (x86)/cypress/psoc creator/4.3/psoc creator/import/gnu/arm/5.4.1/bin/../lib/gcc/arm-none-eabi/5.4.1/../../../../arm-none-eabi/lib/armv7-m\libg_nano.a(lib_a-nano-callocr.o)
                0x0000345c                _calloc_r
 .text._malloc_r
                0x00003478       0xbc c:/program files (x86)/cypress/psoc creator/4.3/psoc creator/import/gnu/arm/5.4.1/bin/../lib/gcc/arm-none-eabi/5.4.1/../../../../arm-none-eabi/lib/armv7-m\libg_nano.a(lib_a-nano-mallocr.o)
                0x00003478                _malloc_r
 .text._sbrk_r  0x00003534       0x20 c:/program files (x86)/cypress/psoc creator/4.3/psoc creator/import/gnu/arm/5.4.1/bin/../lib/gcc/arm-none-eabi/5.4.1/../../../../arm-none-eabi/lib/armv7-m\libg_nano.a(lib_a-sbrkr.o)
                0x00003534                _sbrk_r
 .text.__malloc_lock
                0x00003554        0x2 c:/program files (x86)/cypress/psoc creator/4.3/psoc creator/import/gnu/arm/5.4.1/bin/../lib/gcc/arm-none-eabi/5.4.1/../../../../arm-none-eabi/lib/armv7-m\libg_nano.a(lib_a-mlock.o)
                0x00003554                __malloc_lock
 .text.__malloc_unlock
                0x00003556        0x2 c:/program files (x86)/cypress/psoc creator/4.3/psoc creator/import/gnu/arm/5.4.1/bin/../lib/gcc/arm-none-eabi/5.4.1/../../../../arm-none-eabi/lib/armv7-m\libg_nano.a(lib_a-mlock.o)
                0x00003556                __malloc_unlock
 .text          0x00003558      0x370 c:/program files (x86)/cypress/psoc creator/4.3/psoc creator/import/gnu/arm/5.4.1/bin/../lib/gcc/arm-none-eabi/5.4.1/armv7-m\libgcc.a(_arm_addsubdf3.o)
                0x00003558                __aeabi_drsub
                0x00003560                __aeabi_dsub
                0x00003560                __subdf3
                0x00003564                __aeabi_dadd
                0x00003564                __adddf3
                0x000037dc                __floatunsidf
                0x000037dc                __aeabi_ui2d
                0x000037fc                __floatsidf
                0x000037fc                __aeabi_i2d
                0x00003820                __aeabi_f2d
                0x00003820                __extendsfdf2
                0x0000385c                __floatundidf
                0x0000385c                __aeabi_ul2d
                0x0000386c                __floatdidf
                0x0000386c                __aeabi_l2d
 .text          0x000038c8      0x424 c:/program files (x86)/cypress/psoc creator/4.3/psoc creator/import/gnu/arm/5.4.1/bin/../lib/gcc/arm-none-eabi/5.4.1/armv7-m\libgcc.a(_arm_muldivdf3.o)
                0x000038c8                __aeabi_dmul
                0x000038c8                __muldf3
                0x00003b1c                __divdf3
                0x00003b1c                __aeabi_ddiv
 .text          0x00003cec      0x110 c:/program files (x86)/cypress/psoc creator/4.3/psoc creator/import/gnu/arm/5.4.1/bin/../lib/gcc/arm-none-eabi/5.4.1/armv7-m\libgcc.a(_arm_cmpdf2.o)
                0x00003cec                __gtdf2
                0x00003cec                __gedf2
                0x00003cf4                __ltdf2
                0x00003cf4                __ledf2
                0x00003cfc                __nedf2
                0x00003cfc                __eqdf2
                0x00003cfc                __cmpdf2
                0x00003d78                __aeabi_cdrcmple
                0x00003d88                __aeabi_cdcmpeq
                0x00003d88                __aeabi_cdcmple
                0x00003d98                __aeabi_dcmpeq
                0x00003dac                __aeabi_dcmplt
                0x00003dc0                __aeabi_dcmple
                0x00003dd4                __aeabi_dcmpge
                0x00003de8                __aeabi_dcmpgt
 .text          0x00003dfc       0x2c c:/program files (x86)/cypress/psoc creator/4.3/psoc creator/import/gnu/arm/5.4.1/bin/../lib/gcc/arm-none-eabi/5.4.1/armv7-m\libgcc.a(_arm_unorddf2.o)
                0x00003dfc                __unorddf2
                0x00003dfc                __aeabi_dcmpun
 .text          0x00003e28       0x50 c:/program files (x86)/cypress/psoc creator/4.3/psoc creator/import/gnu/arm/5.4.1/bin/../lib/gcc/arm-none-eabi/5.4.1/armv7-m\libgcc.a(_arm_fixdfsi.o)
                0x00003e28                __aeabi_d2iz
                0x00003e28                __fixdfsi
 *(.plt)
 *(.gnu.warning)
 *(.glue_7t)
 .glue_7t       0x00003e78        0x0 linker stubs
 *(.glue_7)
 .glue_7        0x00003e78        0x0 linker stubs
 *(.vfp11_veneer)
 .vfp11_veneer  0x00003e78        0x0 linker stubs
 *(.bootloader)
 *(.ARM.extab* .gnu.linkonce.armextab.*)
 *(.gcc_except_table)

.v4_bx          0x00003e78        0x0
 .v4_bx         0x00003e78        0x0 linker stubs

.iplt           0x00003e78        0x0
 .iplt          0x00003e78        0x0 c:/program files (x86)/cypress/psoc creator/4.3/psoc creator/import/gnu/arm/5.4.1/bin/../lib/gcc/arm-none-eabi/5.4.1/armv7-m/crtbegin.o

.eh_frame_hdr
 *(.eh_frame_hdr)

.eh_frame       0x00003e78        0x4
 *(.eh_frame)
 .eh_frame      0x00003e78        0x0 c:/program files (x86)/cypress/psoc creator/4.3/psoc creator/import/gnu/arm/5.4.1/bin/../lib/gcc/arm-none-eabi/5.4.1/armv7-m/crtbegin.o
 .eh_frame      0x00003e78        0x4 c:/program files (x86)/cypress/psoc creator/4.3/psoc creator/import/gnu/arm/5.4.1/bin/../lib/gcc/arm-none-eabi/5.4.1/armv7-m/crtend.o
                [!provide]                PROVIDE (__exidx_start, .)

.ARM.exidx
 *(.ARM.exidx* .gnu.linkonce.armexidx.*)
                0x00003e7c                __exidx_end = .

.rodata         0x00003e80      0x310
 *(.rodata .rodata.* .gnu.linkonce.r.*)
 .rodata        0x00003e80       0x3a .\CortexM3\ARM_GCC_541\Debug\cyfitter_cfg.o
 *fill*         0x00003eba        0x2 
 .rodata.str1.4
                0x00003ebc       0x14 .\CortexM3\ARM_GCC_541\Debug\Design01.a(myUSB_std.o)
                                 0x11 (size before relaxing)
 .rodata        0x00003ed0      0x15e .\CortexM3\ARM_GCC_541\Debug\Design01.a(myUSB_descr.o)
                0x00003ed0                myUSB_TABLE
                0x00003ed8                myUSB_DEVICE0_TABLE
                0x00003ef0                myUSB_DEVICE0_CONFIGURATION0_TABLE
                0x00003f18                myUSB_DEVICE0_CONFIGURATION0_INTERFACE_CLASS
                0x00003f1c                myUSB_DEVICE0_CONFIGURATION0_EP_SETTINGS_TABLE
                0x00003f34                myUSB_SN_STRING_DESCRIPTOR
                0x00003f38                myUSB_STRING_DESCRIPTORS
                0x00003fd8                myUSB_DEVICE0_CONFIGURATION0_DESCR
                0x0000401c                myUSB_DEVICE0_DESCR
 .rodata.str1.1
                0x0000402e        0x2 c:/program files (x86)/cypress/psoc creator/4.3/psoc creator/import/gnu/arm/5.4.1/bin/../lib/gcc/arm-none-eabi/5.4.1/../../../../arm-none-eabi/lib/armv7-m\libg_nano.a(lib_a-impure.o)
 .rodata.str1.1
                0x00004030       0x12 c:/program files (x86)/cypress/psoc creator/4.3/psoc creator/import/gnu/arm/5.4.1/bin/../lib/gcc/arm-none-eabi/5.4.1/../../../../arm-none-eabi/lib/armv7-m\libg_nano.a(lib_a-nano-vfprintf_float.o)
 .rodata.str1.1
                0x00004042        0xd c:/program files (x86)/cypress/psoc creator/4.3/psoc creator/import/gnu/arm/5.4.1/bin/../lib/gcc/arm-none-eabi/5.4.1/../../../../arm-none-eabi/lib/armv7-m\libg_nano.a(lib_a-dtoa.o)
                                  0xf (size before relaxing)
 .rodata.str1.1
                0x0000404f        0x8 c:/program files (x86)/cypress/psoc creator/4.3/psoc creator/import/gnu/arm/5.4.1/bin/../lib/gcc/arm-none-eabi/5.4.1/../../../../arm-none-eabi/lib/armv7-m\libg_nano.a(lib_a-locale.o)
                                  0xb (size before relaxing)
 *fill*         0x00004057        0x1 
 .rodata.__mprec_tens
                0x00004058       0xc8 c:/program files (x86)/cypress/psoc creator/4.3/psoc creator/import/gnu/arm/5.4.1/bin/../lib/gcc/arm-none-eabi/5.4.1/../../../../arm-none-eabi/lib/armv7-m\libg_nano.a(lib_a-mprec.o)
                0x00004058                __mprec_tens
 .rodata.p05.5408
                0x00004120        0xc c:/program files (x86)/cypress/psoc creator/4.3/psoc creator/import/gnu/arm/5.4.1/bin/../lib/gcc/arm-none-eabi/5.4.1/../../../../arm-none-eabi/lib/armv7-m\libg_nano.a(lib_a-mprec.o)
 *fill*         0x0000412c        0x4 
 .rodata.__mprec_bigtens
                0x00004130       0x28 c:/program files (x86)/cypress/psoc creator/4.3/psoc creator/import/gnu/arm/5.4.1/bin/../lib/gcc/arm-none-eabi/5.4.1/../../../../arm-none-eabi/lib/armv7-m\libg_nano.a(lib_a-mprec.o)
                0x00004130                __mprec_bigtens
                0x00004158                . = ALIGN (0x4)
 *(.init)
 .init          0x00004158        0x4 c:/program files (x86)/cypress/psoc creator/4.3/psoc creator/import/gnu/arm/5.4.1/bin/../lib/gcc/arm-none-eabi/5.4.1/armv7-m/crti.o
                0x00004158                _init
 .init          0x0000415c        0x8 c:/program files (x86)/cypress/psoc creator/4.3/psoc creator/import/gnu/arm/5.4.1/bin/../lib/gcc/arm-none-eabi/5.4.1/armv7-m/crtn.o
                0x00004164                . = ALIGN (0x4)
                0x00004164                __preinit_array_start = .
 *(.preinit_array)
                0x00004164                __preinit_array_end = .
                0x00004164                . = ALIGN (0x4)
                0x00004164                __init_array_start = .
 *(SORT(.init_array.*))
 *(.init_array)
 .init_array    0x00004164        0x4 c:/program files (x86)/cypress/psoc creator/4.3/psoc creator/import/gnu/arm/5.4.1/bin/../lib/gcc/arm-none-eabi/5.4.1/armv7-m/crtbegin.o
 .init_array    0x00004168        0x4 .\CortexM3\ARM_GCC_541\Debug\Cm3Start.o
                0x0000416c                __init_array_end = .
                0x0000416c                . = ALIGN (0x4)
 *(.fini)
 .fini          0x0000416c        0x4 c:/program files (x86)/cypress/psoc creator/4.3/psoc creator/import/gnu/arm/5.4.1/bin/../lib/gcc/arm-none-eabi/5.4.1/armv7-m/crti.o
                0x0000416c                _fini
 .fini          0x00004170        0x8 c:/program files (x86)/cypress/psoc creator/4.3/psoc creator/import/gnu/arm/5.4.1/bin/../lib/gcc/arm-none-eabi/5.4.1/armv7-m/crtn.o
                0x00004178                . = ALIGN (0x4)
                0x00004178                __fini_array_start = .
 *(.fini_array)
 .fini_array    0x00004178        0x4 c:/program files (x86)/cypress/psoc creator/4.3/psoc creator/import/gnu/arm/5.4.1/bin/../lib/gcc/arm-none-eabi/5.4.1/armv7-m/crtbegin.o
 *(SORT(.fini_array.*))
                0x0000417c                __fini_array_end = .
                0x0000417c                . = ALIGN (0x4)
 *crtbegin.o(.ctors)
 *(EXCLUDE_FILE(*crtend.o) .ctors)
 *(SORT(.ctors.*))
 *crtend.o(.ctors)
                0x0000417c                . = ALIGN (0x4)
 *crtbegin.o(.dtors)
 *(EXCLUDE_FILE(*crtend.o) .dtors)
 *(SORT(.dtors.*))
 *crtend.o(.dtors)
                0x0000417c                . = ALIGN (0x4)
                0x0000417c                __cy_regions = .
                0x0000417c        0x4 LONG 0x4190 __cy_region_init_ram
                0x00004180        0x4 LONG 0x1fff80c8 __cy_region_start_data
                0x00004184        0x4 LONG 0xd0 __cy_region_init_size_ram
                0x00004188        0x4 LONG 0x148 __cy_region_zero_size_ram
                0x0000418c                __cy_regions_end = .
                0x00004190                . = ALIGN (0x8)
 *fill*         0x0000418c        0x4 
                0x00004190                _etext = .

.cy_checksum_exclude
                0x00004190        0x0
 *(.cy_checksum_exclude)

.ramvectors     0x1fff8000       0xc0
                0x1fff8000                __cy_region_start_ram = .
 *(.ramvectors)
 .ramvectors    0x1fff8000       0xc0 .\CortexM3\ARM_GCC_541\Debug\Cm3Start.o
                0x1fff8000                CyRamVectors

.noinit         0x1fff80c0        0x1
 *(.noinit)
 .noinit        0x1fff80c0        0x1 .\CortexM3\ARM_GCC_541\Debug\Design01.a(CyLib.o)
                0x1fff80c0                CyResetStatus

.data           0x1fff80c8       0xd0 load address 0x00004190
                0x1fff80c8                __cy_region_start_data = .
 *(.jcr)
 .jcr           0x1fff80c8        0x0 c:/program files (x86)/cypress/psoc creator/4.3/psoc creator/import/gnu/arm/5.4.1/bin/../lib/gcc/arm-none-eabi/5.4.1/armv7-m/crtbegin.o
 .jcr           0x1fff80c8        0x4 c:/program files (x86)/cypress/psoc creator/4.3/psoc creator/import/gnu/arm/5.4.1/bin/../lib/gcc/arm-none-eabi/5.4.1/armv7-m/crtend.o
 *(.got.plt)
 *(.got)
 *(.shdata)
 *(.data .data.* .gnu.linkonce.d.*)
 .data          0x1fff80cc        0x4 .\CortexM3\ARM_GCC_541\Debug\Cm3Start.o
 .data          0x1fff80d0       0x1a .\CortexM3\ARM_GCC_541\Debug\Design01.a(myUSB_cdc.o)
                0x1fff80d0                myUSB_linesCoding
 *fill*         0x1fff80ea        0x2 
 .data          0x1fff80ec       0x10 .\CortexM3\ARM_GCC_541\Debug\Design01.a(CyLib.o)
                0x1fff80ec                cydelay_32k_ms
                0x1fff80f0                cydelay_freq_khz
                0x1fff80f4                cydelay_freq_mhz
                0x1fff80f8                cydelay_freq_hz
 .data.impure_data
                0x1fff80fc       0x60 c:/program files (x86)/cypress/psoc creator/4.3/psoc creator/import/gnu/arm/5.4.1/bin/../lib/gcc/arm-none-eabi/5.4.1/../../../../arm-none-eabi/lib/armv7-m\libg_nano.a(lib_a-impure.o)
 .data._impure_ptr
                0x1fff815c        0x4 c:/program files (x86)/cypress/psoc creator/4.3/psoc creator/import/gnu/arm/5.4.1/bin/../lib/gcc/arm-none-eabi/5.4.1/../../../../arm-none-eabi/lib/armv7-m\libg_nano.a(lib_a-impure.o)
                0x1fff815c                _impure_ptr
 .data.lconv    0x1fff8160       0x38 c:/program files (x86)/cypress/psoc creator/4.3/psoc creator/import/gnu/arm/5.4.1/bin/../lib/gcc/arm-none-eabi/5.4.1/../../../../arm-none-eabi/lib/armv7-m\libg_nano.a(lib_a-locale.o)
                0x1fff8198                . = ALIGN (0x8)
 *(.ram)
                0x1fff8198                _edata = .

.igot.plt       0x1fff8198        0x0 load address 0x00004260
 .igot.plt      0x1fff8198        0x0 c:/program files (x86)/cypress/psoc creator/4.3/psoc creator/import/gnu/arm/5.4.1/bin/../lib/gcc/arm-none-eabi/5.4.1/armv7-m/crtbegin.o

.bss            0x1fff8198      0x148 load address 0x00004260
                0x1fff8198                PROVIDE (__bss_start__, .)
 *(.shbss)
 *(.bss .bss.* .gnu.linkonce.b.*)
 .bss           0x1fff8198       0x1c c:/program files (x86)/cypress/psoc creator/4.3/psoc creator/import/gnu/arm/5.4.1/bin/../lib/gcc/arm-none-eabi/5.4.1/armv7-m/crtbegin.o
 .bss           0x1fff81b4        0x1 .\CortexM3\ARM_GCC_541\Debug\Design01.a(myUSB.o)
                0x1fff81b4                myUSB_initVar
 .bss           0x1fff81b5        0x1 .\CortexM3\ARM_GCC_541\Debug\Design01.a(myUSB_cdc.o)
 *fill*         0x1fff81b6        0x2 
 .bss           0x1fff81b8        0x2 .\CortexM3\ARM_GCC_541\Debug\Design01.a(myUSB_std.o)
 .bss           0x1fff81ba        0x2 .\CortexM3\ARM_GCC_541\Debug\Design01.a(UART_photon.o)
                0x1fff81ba                UART_photon_initVar
 .bss.__malloc_sbrk_start
                0x1fff81bc        0x4 c:/program files (x86)/cypress/psoc creator/4.3/psoc creator/import/gnu/arm/5.4.1/bin/../lib/gcc/arm-none-eabi/5.4.1/../../../../arm-none-eabi/lib/armv7-m\libg_nano.a(lib_a-nano-mallocr.o)
                0x1fff81bc                __malloc_sbrk_start
 .bss.__malloc_free_list
                0x1fff81c0        0x4 c:/program files (x86)/cypress/psoc creator/4.3/psoc creator/import/gnu/arm/5.4.1/bin/../lib/gcc/arm-none-eabi/5.4.1/../../../../arm-none-eabi/lib/armv7-m\libg_nano.a(lib_a-nano-mallocr.o)
                0x1fff81c0                __malloc_free_list
 *(COMMON)
 COMMON         0x1fff81c4       0x46 .\CortexM3\ARM_GCC_541\Debug\main.o
                0x1fff81c4                c
                0x1fff81c8                pdata
                0x1fff8208                len
 *fill*         0x1fff820a        0x2 
 COMMON         0x1fff820c       0x18 .\CortexM3\ARM_GCC_541\Debug\Design01.a(myUSB_cdc.o)
                0x1fff820c                myUSB_linesChanged
                0x1fff8210                myUSB_cdcCommInInterruptEp
                0x1fff8214                myUSB_cdcDataOutEp
                0x1fff8218                myUSB_cdcDataInEp
                0x1fff821c                myUSB_serialStateBitmap
                0x1fff8220                myUSB_linesControlBitmap
 COMMON         0x1fff8224       0x93 .\CortexM3\ARM_GCC_541\Debug\Design01.a(myUSB_drv.o)
                0x1fff8224                myUSB_interfaceSettingLast
                0x1fff8226                myUSB_ep0Mode
                0x1fff8227                myUSB_interfaceNumber
                0x1fff8228                myUSB_EP
                0x1fff8294                myUSB_deviceStatus
                0x1fff8295                myUSB_deviceAddress
                0x1fff8296                myUSB_device
                0x1fff8298                myUSB_interfaceSetting
                0x1fff829a                myUSB_lastPacketSize
                0x1fff829c                myUSB_transferByteCount
                0x1fff829e                myUSB_transferState
                0x1fff82a0                myUSB_interfaceClass
                0x1fff82a4                myUSB_configurationChanged
                0x1fff82a5                myUSB_ep0Toggle
                0x1fff82a6                myUSB_ep0Count
                0x1fff82a8                myUSB_currentTD
                0x1fff82b4                myUSB_interfaceStatus
                0x1fff82b6                myUSB_configuration
 *fill*         0x1fff82b7        0x1 
 COMMON         0x1fff82b8       0x22 .\CortexM3\ARM_GCC_541\Debug\Design01.a(myUSB_descr.o)
                0x1fff82b8                myUSB_idSerialNumberStringDescriptor
 *fill*         0x1fff82da        0x2 
 COMMON         0x1fff82dc        0x4 c:/program files (x86)/cypress/psoc creator/4.3/psoc creator/import/gnu/arm/5.4.1/bin/../lib/gcc/arm-none-eabi/5.4.1/../../../../arm-none-eabi/lib/armv7-m\libg_nano.a(lib_a-reent.o)
                0x1fff82dc                errno
                0x1fff82e0                . = ALIGN (0x8)
 *(.ram.b)
                0x1fff82e0                _end = .
                0x1fff82e0                __end = .
                0x1fff82e0                PROVIDE (end, .)
                0x1fff82e0                PROVIDE (__bss_end__, .)
                0x00004190                __cy_region_init_ram = LOADADDR (.data)
                0x000000d0                __cy_region_init_size_ram = (_edata - ADDR (.data))
                0x00000148                __cy_region_zero_size_ram = (_end - _edata)

.heap           0x1fff82e0      0x200 load address 0x00004260
                0x1fff82e0                . = _end
                0x1fff84e0                . = (. + 0x200)
 *fill*         0x1fff82e0      0x200 
                0x1fff84e0                __cy_heap_limit = .

.stack          0x20007800      0x800
                0x20007800                __cy_stack_limit = .
                0x20008000                . = (. + 0x800)
 *fill*         0x20007800      0x800 
                0x00000001                ASSERT ((__cy_stack_limit >= __cy_heap_limit), region RAM overflowed with stack)
                0x00000000                cy_checksum_exclude_size = (CY_APPL_LOADABLE == 0x1)?SIZEOF (.cy_checksum_exclude):0x0
                0x00000001                ASSERT ((cy_checksum_exclude_size <= CY_CHECKSUM_EXCLUDE_SIZE), CY_BOOT: Section .cy_checksum_exclude size exceedes specified limit.)

.cyloadermeta
 *(.cyloadermeta)

.cyloadablemeta
 *(.cyloadablemeta)

.cyconfigecc    0x80000000      0x368
 *(.cyconfigecc)
 .cyconfigecc   0x80000000      0x368 .\CortexM3\ARM_GCC_541\Debug\cymetadata.o
                0x80000000                cy_meta_configecc

.cycustnvl      0x90000000        0x4
 *(.cycustnvl)
 .cycustnvl     0x90000000        0x4 .\CortexM3\ARM_GCC_541\Debug\cymetadata.o
                0x90000000                cy_meta_custnvl

.cywolatch      0x90100000        0x4
 *(.cywolatch)
 .cywolatch     0x90100000        0x4 .\CortexM3\ARM_GCC_541\Debug\cymetadata.o
                0x90100000                cy_meta_wonvl

.cyeeprom       0x90200000        0x0
 *(.cyeeprom)
                0x00000001                ASSERT ((. <= ((0x90200000 + ee_offset) + ee_size)), .cyeeprom data will not fit in EEPROM)

.cyflashprotect
                0x90400000      0x100
 *(.cyflashprotect)
 .cyflashprotect
                0x90400000      0x100 .\CortexM3\ARM_GCC_541\Debug\cymetadata.o
                0x90400000                cy_meta_flashprotect

.cymeta         0x90500000        0xc
 *(.cymeta)
 .cymeta        0x90500000        0xc .\CortexM3\ARM_GCC_541\Debug\cymetadata.o
                0x90500000                cy_metadata

.rel.dyn        0x00004260        0x0 load address 0x9050000c
 .rel.iplt      0x00004260        0x0 c:/program files (x86)/cypress/psoc creator/4.3/psoc creator/import/gnu/arm/5.4.1/bin/../lib/gcc/arm-none-eabi/5.4.1/armv7-m/crtbegin.o

.stab
 *(.stab)

.stabstr
 *(.stabstr)

.debug
 *(.debug)

.line
 *(.line)

.debug_srcinfo
 *(.debug_srcinfo)

.debug_sfnames
 *(.debug_sfnames)

.debug_aranges  0x00000000      0xa80
 *(.debug_aranges)
 .debug_aranges
                0x00000000       0x20 .\CortexM3\ARM_GCC_541\Debug\main.o
 .debug_aranges
                0x00000020       0x58 .\CortexM3\ARM_GCC_541\Debug\cyfitter_cfg.o
 .debug_aranges
                0x00000078       0x18 .\CortexM3\ARM_GCC_541\Debug\cymetadata.o
 .debug_aranges
                0x00000090       0x48 .\CortexM3\ARM_GCC_541\Debug\Cm3Start.o
 .debug_aranges
                0x000000d8       0xc8 .\CortexM3\ARM_GCC_541\Debug\Design01.a(myUSB.o)
 .debug_aranges
                0x000001a0       0xe8 .\CortexM3\ARM_GCC_541\Debug\Design01.a(myUSB_cdc.o)
 .debug_aranges
                0x00000288       0x98 .\CortexM3\ARM_GCC_541\Debug\Design01.a(myUSB_drv.o)
 .debug_aranges
                0x00000320       0x40 .\CortexM3\ARM_GCC_541\Debug\Design01.a(myUSB_episr.o)
 .debug_aranges
                0x00000360       0x40 .\CortexM3\ARM_GCC_541\Debug\Design01.a(myUSB_pm.o)
 .debug_aranges
                0x000003a0       0x80 .\CortexM3\ARM_GCC_541\Debug\Design01.a(myUSB_std.o)
 .debug_aranges
                0x00000420       0x20 .\CortexM3\ARM_GCC_541\Debug\Design01.a(myUSB_vnd.o)
 .debug_aranges
                0x00000440       0x48 .\CortexM3\ARM_GCC_541\Debug\Design01.a(myUSB_Dp.o)
 .debug_aranges
                0x00000488      0x2a0 .\CortexM3\ARM_GCC_541\Debug\Design01.a(CyLib.o)
 .debug_aranges
                0x00000728       0x98 .\CortexM3\ARM_GCC_541\Debug\Design01.a(cyPm.o)
 .debug_aranges
                0x000007c0       0xf0 .\CortexM3\ARM_GCC_541\Debug\Design01.a(UART_photon.o)
 .debug_aranges
                0x000008b0       0x70 .\CortexM3\ARM_GCC_541\Debug\Design01.a(UART_photon_IntClock.o)
 .debug_aranges
                0x00000920       0x20 .\CortexM3\ARM_GCC_541\Debug\Design01.a(CyBootAsmGnu.o)
 .debug_aranges
                0x00000940       0x20 .\CortexM3\ARM_GCC_541\Debug\Design01.a(myUSB_cls.o)
 .debug_aranges
                0x00000960       0x18 .\CortexM3\ARM_GCC_541\Debug\Design01.a(myUSB_descr.o)
 .debug_aranges
                0x00000978       0x88 .\CortexM3\ARM_GCC_541\Debug\Design01.a(CyFlash.o)
 .debug_aranges
                0x00000a00       0x80 .\CortexM3\ARM_GCC_541\Debug\Design01.a(CySpc.o)

.debug_pubnames
 *(.debug_pubnames)

.debug_info     0x00000000     0x716f
 *(.debug_info .gnu.linkonce.wi.*)
 .debug_info    0x00000000      0x250 .\CortexM3\ARM_GCC_541\Debug\main.o
 .debug_info    0x00000250      0x595 .\CortexM3\ARM_GCC_541\Debug\cyfitter_cfg.o
 .debug_info    0x000007e5      0x135 .\CortexM3\ARM_GCC_541\Debug\cymetadata.o
 .debug_info    0x0000091a      0x3bb .\CortexM3\ARM_GCC_541\Debug\Cm3Start.o
 .debug_info    0x00000cd5      0x995 .\CortexM3\ARM_GCC_541\Debug\Design01.a(myUSB.o)
 .debug_info    0x0000166a      0xaf7 .\CortexM3\ARM_GCC_541\Debug\Design01.a(myUSB_cdc.o)
 .debug_info    0x00002161      0x655 .\CortexM3\ARM_GCC_541\Debug\Design01.a(myUSB_drv.o)
 .debug_info    0x000027b6      0x254 .\CortexM3\ARM_GCC_541\Debug\Design01.a(myUSB_episr.o)
 .debug_info    0x00002a0a      0x2e4 .\CortexM3\ARM_GCC_541\Debug\Design01.a(myUSB_pm.o)
 .debug_info    0x00002cee      0xb26 .\CortexM3\ARM_GCC_541\Debug\Design01.a(myUSB_std.o)
 .debug_info    0x00003814       0xed .\CortexM3\ARM_GCC_541\Debug\Design01.a(myUSB_vnd.o)
 .debug_info    0x00003901      0x174 .\CortexM3\ARM_GCC_541\Debug\Design01.a(myUSB_Dp.o)
 .debug_info    0x00003a75     0x1374 .\CortexM3\ARM_GCC_541\Debug\Design01.a(CyLib.o)
 .debug_info    0x00004de9      0xa2a .\CortexM3\ARM_GCC_541\Debug\Design01.a(cyPm.o)
 .debug_info    0x00005813      0x60c .\CortexM3\ARM_GCC_541\Debug\Design01.a(UART_photon.o)
 .debug_info    0x00005e1f      0x283 .\CortexM3\ARM_GCC_541\Debug\Design01.a(UART_photon_IntClock.o)
 .debug_info    0x000060a2       0xaf .\CortexM3\ARM_GCC_541\Debug\Design01.a(CyBootAsmGnu.o)
 .debug_info    0x00006151      0x1de .\CortexM3\ARM_GCC_541\Debug\Design01.a(myUSB_cls.o)
 .debug_info    0x0000632f      0x2a3 .\CortexM3\ARM_GCC_541\Debug\Design01.a(myUSB_descr.o)
 .debug_info    0x000065d2      0x64d .\CortexM3\ARM_GCC_541\Debug\Design01.a(CyFlash.o)
 .debug_info    0x00006c1f      0x550 .\CortexM3\ARM_GCC_541\Debug\Design01.a(CySpc.o)

.debug_abbrev   0x00000000     0x1c41
 *(.debug_abbrev)
 .debug_abbrev  0x00000000      0x11a .\CortexM3\ARM_GCC_541\Debug\main.o
 .debug_abbrev  0x0000011a      0x20d .\CortexM3\ARM_GCC_541\Debug\cyfitter_cfg.o
 .debug_abbrev  0x00000327       0x66 .\CortexM3\ARM_GCC_541\Debug\cymetadata.o
 .debug_abbrev  0x0000038d      0x1e8 .\CortexM3\ARM_GCC_541\Debug\Cm3Start.o
 .debug_abbrev  0x00000575      0x215 .\CortexM3\ARM_GCC_541\Debug\Design01.a(myUSB.o)
 .debug_abbrev  0x0000078a      0x245 .\CortexM3\ARM_GCC_541\Debug\Design01.a(myUSB_cdc.o)
 .debug_abbrev  0x000009cf      0x189 .\CortexM3\ARM_GCC_541\Debug\Design01.a(myUSB_drv.o)
 .debug_abbrev  0x00000b58      0x11b .\CortexM3\ARM_GCC_541\Debug\Design01.a(myUSB_episr.o)
 .debug_abbrev  0x00000c73      0x108 .\CortexM3\ARM_GCC_541\Debug\Design01.a(myUSB_pm.o)
 .debug_abbrev  0x00000d7b      0x20a .\CortexM3\ARM_GCC_541\Debug\Design01.a(myUSB_std.o)
 .debug_abbrev  0x00000f85       0x9b .\CortexM3\ARM_GCC_541\Debug\Design01.a(myUSB_vnd.o)
 .debug_abbrev  0x00001020       0x90 .\CortexM3\ARM_GCC_541\Debug\Design01.a(myUSB_Dp.o)
 .debug_abbrev  0x000010b0      0x254 .\CortexM3\ARM_GCC_541\Debug\Design01.a(CyLib.o)
 .debug_abbrev  0x00001304      0x1ab .\CortexM3\ARM_GCC_541\Debug\Design01.a(cyPm.o)
 .debug_abbrev  0x000014af      0x175 .\CortexM3\ARM_GCC_541\Debug\Design01.a(UART_photon.o)
 .debug_abbrev  0x00001624      0x139 .\CortexM3\ARM_GCC_541\Debug\Design01.a(UART_photon_IntClock.o)
 .debug_abbrev  0x0000175d       0x14 .\CortexM3\ARM_GCC_541\Debug\Design01.a(CyBootAsmGnu.o)
 .debug_abbrev  0x00001771       0xe1 .\CortexM3\ARM_GCC_541\Debug\Design01.a(myUSB_cls.o)
 .debug_abbrev  0x00001852       0xb4 .\CortexM3\ARM_GCC_541\Debug\Design01.a(myUSB_descr.o)
 .debug_abbrev  0x00001906      0x1a7 .\CortexM3\ARM_GCC_541\Debug\Design01.a(CyFlash.o)
 .debug_abbrev  0x00001aad      0x194 .\CortexM3\ARM_GCC_541\Debug\Design01.a(CySpc.o)

.debug_line     0x00000000     0x2b7f
 *(.debug_line)
 .debug_line    0x00000000      0x1bd .\CortexM3\ARM_GCC_541\Debug\main.o
 .debug_line    0x000001bd      0x1f2 .\CortexM3\ARM_GCC_541\Debug\cyfitter_cfg.o
 .debug_line    0x000003af      0x141 .\CortexM3\ARM_GCC_541\Debug\cymetadata.o
 .debug_line    0x000004f0      0x234 .\CortexM3\ARM_GCC_541\Debug\Cm3Start.o
 .debug_line    0x00000724      0x2d4 .\CortexM3\ARM_GCC_541\Debug\Design01.a(myUSB.o)
 .debug_line    0x000009f8      0x2ec .\CortexM3\ARM_GCC_541\Debug\Design01.a(myUSB_cdc.o)
 .debug_line    0x00000ce4      0x21b .\CortexM3\ARM_GCC_541\Debug\Design01.a(myUSB_drv.o)
 .debug_line    0x00000eff       0xe0 .\CortexM3\ARM_GCC_541\Debug\Design01.a(myUSB_episr.o)
 .debug_line    0x00000fdf      0x106 .\CortexM3\ARM_GCC_541\Debug\Design01.a(myUSB_pm.o)
 .debug_line    0x000010e5      0x3dc .\CortexM3\ARM_GCC_541\Debug\Design01.a(myUSB_std.o)
 .debug_line    0x000014c1       0x6f .\CortexM3\ARM_GCC_541\Debug\Design01.a(myUSB_vnd.o)
 .debug_line    0x00001530       0xb9 .\CortexM3\ARM_GCC_541\Debug\Design01.a(myUSB_Dp.o)
 .debug_line    0x000015e9      0x816 .\CortexM3\ARM_GCC_541\Debug\Design01.a(CyLib.o)
 .debug_line    0x00001dff      0x367 .\CortexM3\ARM_GCC_541\Debug\Design01.a(cyPm.o)
 .debug_line    0x00002166      0x2ca .\CortexM3\ARM_GCC_541\Debug\Design01.a(UART_photon.o)
 .debug_line    0x00002430      0x183 .\CortexM3\ARM_GCC_541\Debug\Design01.a(UART_photon_IntClock.o)
 .debug_line    0x000025b3       0x66 .\CortexM3\ARM_GCC_541\Debug\Design01.a(CyBootAsmGnu.o)
 .debug_line    0x00002619       0x8f .\CortexM3\ARM_GCC_541\Debug\Design01.a(myUSB_cls.o)
 .debug_line    0x000026a8       0x5d .\CortexM3\ARM_GCC_541\Debug\Design01.a(myUSB_descr.o)
 .debug_line    0x00002705      0x21a .\CortexM3\ARM_GCC_541\Debug\Design01.a(CyFlash.o)
 .debug_line    0x0000291f      0x260 .\CortexM3\ARM_GCC_541\Debug\Design01.a(CySpc.o)

.debug_frame    0x00000000     0x210c
 *(.debug_frame)
 .debug_frame   0x00000000       0x2c .\CortexM3\ARM_GCC_541\Debug\main.o
 .debug_frame   0x0000002c       0xe4 .\CortexM3\ARM_GCC_541\Debug\cyfitter_cfg.o
 .debug_frame   0x00000110       0xb8 .\CortexM3\ARM_GCC_541\Debug\Cm3Start.o
 .debug_frame   0x000001c8      0x1dc .\CortexM3\ARM_GCC_541\Debug\Design01.a(myUSB.o)
 .debug_frame   0x000003a4      0x27c .\CortexM3\ARM_GCC_541\Debug\Design01.a(myUSB_cdc.o)
 .debug_frame   0x00000620      0x194 .\CortexM3\ARM_GCC_541\Debug\Design01.a(myUSB_drv.o)
 .debug_frame   0x000007b4       0x6c .\CortexM3\ARM_GCC_541\Debug\Design01.a(myUSB_episr.o)
 .debug_frame   0x00000820       0xa0 .\CortexM3\ARM_GCC_541\Debug\Design01.a(myUSB_pm.o)
 .debug_frame   0x000008c0      0x17c .\CortexM3\ARM_GCC_541\Debug\Design01.a(myUSB_std.o)
 .debug_frame   0x00000a3c       0x20 .\CortexM3\ARM_GCC_541\Debug\Design01.a(myUSB_vnd.o)
 .debug_frame   0x00000a5c       0x70 .\CortexM3\ARM_GCC_541\Debug\Design01.a(myUSB_Dp.o)
 .debug_frame   0x00000acc      0x738 .\CortexM3\ARM_GCC_541\Debug\Design01.a(CyLib.o)
 .debug_frame   0x00001204      0x1f8 .\CortexM3\ARM_GCC_541\Debug\Design01.a(cyPm.o)
 .debug_frame   0x000013fc      0x250 .\CortexM3\ARM_GCC_541\Debug\Design01.a(UART_photon.o)
 .debug_frame   0x0000164c       0xe0 .\CortexM3\ARM_GCC_541\Debug\Design01.a(UART_photon_IntClock.o)
 .debug_frame   0x0000172c       0x2c .\CortexM3\ARM_GCC_541\Debug\Design01.a(myUSB_cls.o)
 .debug_frame   0x00001758      0x194 .\CortexM3\ARM_GCC_541\Debug\Design01.a(CyFlash.o)
 .debug_frame   0x000018ec      0x180 .\CortexM3\ARM_GCC_541\Debug\Design01.a(CySpc.o)
 .debug_frame   0x00001a6c       0x20 c:/program files (x86)/cypress/psoc creator/4.3/psoc creator/import/gnu/arm/5.4.1/bin/../lib/gcc/arm-none-eabi/5.4.1/../../../../arm-none-eabi/lib/armv7-m\libg_nano.a(lib_a-errno.o)
 .debug_frame   0x00001a8c       0x28 c:/program files (x86)/cypress/psoc creator/4.3/psoc creator/import/gnu/arm/5.4.1/bin/../lib/gcc/arm-none-eabi/5.4.1/../../../../arm-none-eabi/lib/armv7-m\libg_nano.a(lib_a-exit.o)
 .debug_frame   0x00001ab4       0x2c c:/program files (x86)/cypress/psoc creator/4.3/psoc creator/import/gnu/arm/5.4.1/bin/../lib/gcc/arm-none-eabi/5.4.1/../../../../arm-none-eabi/lib/armv7-m\libg_nano.a(lib_a-init.o)
 .debug_frame   0x00001ae0       0x28 c:/program files (x86)/cypress/psoc creator/4.3/psoc creator/import/gnu/arm/5.4.1/bin/../lib/gcc/arm-none-eabi/5.4.1/../../../../arm-none-eabi/lib/armv7-m\libg_nano.a(lib_a-memcpy-stub.o)
 .debug_frame   0x00001b08       0x20 c:/program files (x86)/cypress/psoc creator/4.3/psoc creator/import/gnu/arm/5.4.1/bin/../lib/gcc/arm-none-eabi/5.4.1/../../../../arm-none-eabi/lib/armv7-m\libg_nano.a(lib_a-memset.o)
 .debug_frame   0x00001b28       0x8c c:/program files (x86)/cypress/psoc creator/4.3/psoc creator/import/gnu/arm/5.4.1/bin/../lib/gcc/arm-none-eabi/5.4.1/../../../../arm-none-eabi/lib/armv7-m\libg_nano.a(lib_a-nano-vfprintf_float.o)
 .debug_frame   0x00001bb4       0x60 c:/program files (x86)/cypress/psoc creator/4.3/psoc creator/import/gnu/arm/5.4.1/bin/../lib/gcc/arm-none-eabi/5.4.1/../../../../arm-none-eabi/lib/armv7-m\libg_nano.a(lib_a-nano-vfprintf_i.o)
 .debug_frame   0x00001c14       0x6c c:/program files (x86)/cypress/psoc creator/4.3/psoc creator/import/gnu/arm/5.4.1/bin/../lib/gcc/arm-none-eabi/5.4.1/../../../../arm-none-eabi/lib/armv7-m\libg_nano.a(lib_a-dtoa.o)
 .debug_frame   0x00001c80       0x98 c:/program files (x86)/cypress/psoc creator/4.3/psoc creator/import/gnu/arm/5.4.1/bin/../lib/gcc/arm-none-eabi/5.4.1/../../../../arm-none-eabi/lib/armv7-m\libg_nano.a(lib_a-locale.o)
 .debug_frame   0x00001d18       0x30 c:/program files (x86)/cypress/psoc creator/4.3/psoc creator/import/gnu/arm/5.4.1/bin/../lib/gcc/arm-none-eabi/5.4.1/../../../../arm-none-eabi/lib/armv7-m\libg_nano.a(lib_a-malloc.o)
 .debug_frame   0x00001d48       0x28 c:/program files (x86)/cypress/psoc creator/4.3/psoc creator/import/gnu/arm/5.4.1/bin/../lib/gcc/arm-none-eabi/5.4.1/../../../../arm-none-eabi/lib/armv7-m\libg_nano.a(lib_a-memchr-stub.o)
 .debug_frame   0x00001d70      0x234 c:/program files (x86)/cypress/psoc creator/4.3/psoc creator/import/gnu/arm/5.4.1/bin/../lib/gcc/arm-none-eabi/5.4.1/../../../../arm-none-eabi/lib/armv7-m\libg_nano.a(lib_a-mprec.o)
 .debug_frame   0x00001fa4       0x2c c:/program files (x86)/cypress/psoc creator/4.3/psoc creator/import/gnu/arm/5.4.1/bin/../lib/gcc/arm-none-eabi/5.4.1/../../../../arm-none-eabi/lib/armv7-m\libg_nano.a(lib_a-nano-callocr.o)
 .debug_frame   0x00001fd0       0x38 c:/program files (x86)/cypress/psoc creator/4.3/psoc creator/import/gnu/arm/5.4.1/bin/../lib/gcc/arm-none-eabi/5.4.1/../../../../arm-none-eabi/lib/armv7-m\libg_nano.a(lib_a-nano-freer.o)
 .debug_frame   0x00002008       0x2c c:/program files (x86)/cypress/psoc creator/4.3/psoc creator/import/gnu/arm/5.4.1/bin/../lib/gcc/arm-none-eabi/5.4.1/../../../../arm-none-eabi/lib/armv7-m\libg_nano.a(lib_a-nano-mallocr.o)
 .debug_frame   0x00002034       0x2c c:/program files (x86)/cypress/psoc creator/4.3/psoc creator/import/gnu/arm/5.4.1/bin/../lib/gcc/arm-none-eabi/5.4.1/../../../../arm-none-eabi/lib/armv7-m\libg_nano.a(lib_a-sbrkr.o)
 .debug_frame   0x00002060       0x20 c:/program files (x86)/cypress/psoc creator/4.3/psoc creator/import/gnu/arm/5.4.1/bin/../lib/gcc/arm-none-eabi/5.4.1/../../../../arm-none-eabi/lib/armv7-m\libg_nano.a(lib_a-strcmp.o)
 .debug_frame   0x00002080       0x30 c:/program files (x86)/cypress/psoc creator/4.3/psoc creator/import/gnu/arm/5.4.1/bin/../lib/gcc/arm-none-eabi/5.4.1/../../../../arm-none-eabi/lib/armv7-m\libg_nano.a(lib_a-mlock.o)
 .debug_frame   0x000020b0       0x5c c:/program files (x86)/cypress/psoc creator/4.3/psoc creator/import/gnu/arm/5.4.1/bin/../lib/gcc/arm-none-eabi/5.4.1/../../../../arm-none-eabi/lib/armv7-m\libg_nano.a(lib_a-reent.o)

.debug_str      0x00000000     0x28ef
 *(.debug_str)
 .debug_str     0x00000000      0x259 .\CortexM3\ARM_GCC_541\Debug\main.o
                                0x2a1 (size before relaxing)
 .debug_str     0x00000259      0x210 .\CortexM3\ARM_GCC_541\Debug\cyfitter_cfg.o
                                0x363 (size before relaxing)
 .debug_str     0x00000469       0x7f .\CortexM3\ARM_GCC_541\Debug\cymetadata.o
                                0x203 (size before relaxing)
 .debug_str     0x000004e8      0x144 .\CortexM3\ARM_GCC_541\Debug\Cm3Start.o
                                0x329 (size before relaxing)
 .debug_str     0x0000062c      0x432 .\CortexM3\ARM_GCC_541\Debug\Design01.a(myUSB.o)
                                0x639 (size before relaxing)
 .debug_str     0x00000a5e      0x47b .\CortexM3\ARM_GCC_541\Debug\Design01.a(myUSB_cdc.o)
                                0x786 (size before relaxing)
 .debug_str     0x00000ed9      0x261 .\CortexM3\ARM_GCC_541\Debug\Design01.a(myUSB_drv.o)
                                0x613 (size before relaxing)
 .debug_str     0x0000113a       0x74 .\CortexM3\ARM_GCC_541\Debug\Design01.a(myUSB_episr.o)
                                0x2e8 (size before relaxing)
 .debug_str     0x000011ae       0xbe .\CortexM3\ARM_GCC_541\Debug\Design01.a(myUSB_pm.o)
                                0x2f7 (size before relaxing)
 .debug_str     0x0000126c      0x24e .\CortexM3\ARM_GCC_541\Debug\Design01.a(myUSB_std.o)
                                0x77c (size before relaxing)
 .debug_str     0x000014ba       0x23 .\CortexM3\ARM_GCC_541\Debug\Design01.a(myUSB_vnd.o)
                                0x206 (size before relaxing)
 .debug_str     0x000014dd       0x98 .\CortexM3\ARM_GCC_541\Debug\Design01.a(myUSB_Dp.o)
                                0x252 (size before relaxing)
 .debug_str     0x00001575      0x7db .\CortexM3\ARM_GCC_541\Debug\Design01.a(CyLib.o)
                                0xa66 (size before relaxing)
 .debug_str     0x00001d50      0x365 .\CortexM3\ARM_GCC_541\Debug\Design01.a(cyPm.o)
                                0x752 (size before relaxing)
 .debug_str     0x000020b5      0x2f1 .\CortexM3\ARM_GCC_541\Debug\Design01.a(UART_photon.o)
                                0x56d (size before relaxing)
 .debug_str     0x000023a6      0x1c9 .\CortexM3\ARM_GCC_541\Debug\Design01.a(UART_photon_IntClock.o)
                                0x3a9 (size before relaxing)
 .debug_str     0x0000256f       0x23 .\CortexM3\ARM_GCC_541\Debug\Design01.a(myUSB_cls.o)
                                0x2bd (size before relaxing)
 .debug_str     0x00002592       0xf6 .\CortexM3\ARM_GCC_541\Debug\Design01.a(myUSB_descr.o)
                                0x35e (size before relaxing)
 .debug_str     0x00002688      0x1bb .\CortexM3\ARM_GCC_541\Debug\Design01.a(CyFlash.o)
                                0x3df (size before relaxing)
 .debug_str     0x00002843       0xac .\CortexM3\ARM_GCC_541\Debug\Design01.a(CySpc.o)
                                0x357 (size before relaxing)

.debug_loc      0x00000000     0x32ef
 *(.debug_loc)
 .debug_loc     0x00000000       0x1f .\CortexM3\ARM_GCC_541\Debug\main.o
 .debug_loc     0x0000001f      0x25a .\CortexM3\ARM_GCC_541\Debug\cyfitter_cfg.o
 .debug_loc     0x00000279      0x144 .\CortexM3\ARM_GCC_541\Debug\Cm3Start.o
 .debug_loc     0x000003bd      0x3e1 .\CortexM3\ARM_GCC_541\Debug\Design01.a(myUSB.o)
 .debug_loc     0x0000079e      0x557 .\CortexM3\ARM_GCC_541\Debug\Design01.a(myUSB_cdc.o)
 .debug_loc     0x00000cf5      0x171 .\CortexM3\ARM_GCC_541\Debug\Design01.a(myUSB_drv.o)
 .debug_loc     0x00000e66       0x26 .\CortexM3\ARM_GCC_541\Debug\Design01.a(myUSB_pm.o)
 .debug_loc     0x00000e8c      0x945 .\CortexM3\ARM_GCC_541\Debug\Design01.a(myUSB_std.o)
 .debug_loc     0x000017d1       0x84 .\CortexM3\ARM_GCC_541\Debug\Design01.a(myUSB_Dp.o)
 .debug_loc     0x00001855      0xa11 .\CortexM3\ARM_GCC_541\Debug\Design01.a(CyLib.o)
 .debug_loc     0x00002266      0x1e4 .\CortexM3\ARM_GCC_541\Debug\Design01.a(cyPm.o)
 .debug_loc     0x0000244a      0x258 .\CortexM3\ARM_GCC_541\Debug\Design01.a(UART_photon.o)
 .debug_loc     0x000026a2      0x12c .\CortexM3\ARM_GCC_541\Debug\Design01.a(UART_photon_IntClock.o)
 .debug_loc     0x000027ce       0x6a .\CortexM3\ARM_GCC_541\Debug\Design01.a(myUSB_cls.o)
 .debug_loc     0x00002838      0x3b2 .\CortexM3\ARM_GCC_541\Debug\Design01.a(CyFlash.o)
 .debug_loc     0x00002bea      0x705 .\CortexM3\ARM_GCC_541\Debug\Design01.a(CySpc.o)

.debug_macinfo
 *(.debug_macinfo)

.debug_ranges   0x00000000      0x928
 *(.debug_ranges)
 .debug_ranges  0x00000000       0x10 .\CortexM3\ARM_GCC_541\Debug\main.o
 .debug_ranges  0x00000010       0x48 .\CortexM3\ARM_GCC_541\Debug\cyfitter_cfg.o
 .debug_ranges  0x00000058       0x38 .\CortexM3\ARM_GCC_541\Debug\Cm3Start.o
 .debug_ranges  0x00000090       0xd0 .\CortexM3\ARM_GCC_541\Debug\Design01.a(myUSB.o)
 .debug_ranges  0x00000160       0xd8 .\CortexM3\ARM_GCC_541\Debug\Design01.a(myUSB_cdc.o)
 .debug_ranges  0x00000238       0x88 .\CortexM3\ARM_GCC_541\Debug\Design01.a(myUSB_drv.o)
 .debug_ranges  0x000002c0       0x30 .\CortexM3\ARM_GCC_541\Debug\Design01.a(myUSB_episr.o)
 .debug_ranges  0x000002f0       0x30 .\CortexM3\ARM_GCC_541\Debug\Design01.a(myUSB_pm.o)
 .debug_ranges  0x00000320       0x70 .\CortexM3\ARM_GCC_541\Debug\Design01.a(myUSB_std.o)
 .debug_ranges  0x00000390       0x10 .\CortexM3\ARM_GCC_541\Debug\Design01.a(myUSB_vnd.o)
 .debug_ranges  0x000003a0       0x38 .\CortexM3\ARM_GCC_541\Debug\Design01.a(myUSB_Dp.o)
 .debug_ranges  0x000003d8      0x290 .\CortexM3\ARM_GCC_541\Debug\Design01.a(CyLib.o)
 .debug_ranges  0x00000668       0x88 .\CortexM3\ARM_GCC_541\Debug\Design01.a(cyPm.o)
 .debug_ranges  0x000006f0       0xe0 .\CortexM3\ARM_GCC_541\Debug\Design01.a(UART_photon.o)
 .debug_ranges  0x000007d0       0x60 .\CortexM3\ARM_GCC_541\Debug\Design01.a(UART_photon_IntClock.o)
 .debug_ranges  0x00000830       0x10 .\CortexM3\ARM_GCC_541\Debug\Design01.a(myUSB_cls.o)
 .debug_ranges  0x00000840       0x78 .\CortexM3\ARM_GCC_541\Debug\Design01.a(CyFlash.o)
 .debug_ranges  0x000008b8       0x70 .\CortexM3\ARM_GCC_541\Debug\Design01.a(CySpc.o)

.comment        0x00000000       0x6e
 .comment       0x00000000       0x6e .\CortexM3\ARM_GCC_541\Debug\main.o
                                 0x6f (size before relaxing)
 .comment       0x0000006e       0x6f .\CortexM3\ARM_GCC_541\Debug\cyfitter_cfg.o
 .comment       0x0000006e       0x6f .\CortexM3\ARM_GCC_541\Debug\cymetadata.o
 .comment       0x0000006e       0x6f .\CortexM3\ARM_GCC_541\Debug\Cm3Start.o
 .comment       0x0000006e       0x6f .\CortexM3\ARM_GCC_541\Debug\Design01.a(myUSB.o)
 .comment       0x0000006e       0x6f .\CortexM3\ARM_GCC_541\Debug\Design01.a(myUSB_cdc.o)
 .comment       0x0000006e       0x6f .\CortexM3\ARM_GCC_541\Debug\Design01.a(myUSB_drv.o)
 .comment       0x0000006e       0x6f .\CortexM3\ARM_GCC_541\Debug\Design01.a(myUSB_episr.o)
 .comment       0x0000006e       0x6f .\CortexM3\ARM_GCC_541\Debug\Design01.a(myUSB_pm.o)
 .comment       0x0000006e       0x6f .\CortexM3\ARM_GCC_541\Debug\Design01.a(myUSB_std.o)
 .comment       0x0000006e       0x6f .\CortexM3\ARM_GCC_541\Debug\Design01.a(myUSB_vnd.o)
 .comment       0x0000006e       0x6f .\CortexM3\ARM_GCC_541\Debug\Design01.a(myUSB_Dp.o)
 .comment       0x0000006e       0x6f .\CortexM3\ARM_GCC_541\Debug\Design01.a(CyLib.o)
 .comment       0x0000006e       0x6f .\CortexM3\ARM_GCC_541\Debug\Design01.a(cyPm.o)
 .comment       0x0000006e       0x6f .\CortexM3\ARM_GCC_541\Debug\Design01.a(UART_photon.o)
 .comment       0x0000006e       0x6f .\CortexM3\ARM_GCC_541\Debug\Design01.a(UART_photon_IntClock.o)
 .comment       0x0000006e       0x6f .\CortexM3\ARM_GCC_541\Debug\Design01.a(myUSB_cls.o)
 .comment       0x0000006e       0x6f .\CortexM3\ARM_GCC_541\Debug\Design01.a(myUSB_descr.o)
 .comment       0x0000006e       0x6f .\CortexM3\ARM_GCC_541\Debug\Design01.a(CyFlash.o)
 .comment       0x0000006e       0x6f .\CortexM3\ARM_GCC_541\Debug\Design01.a(CySpc.o)

.debug_weaknames
 *(.debug_weaknames)

.debug_funcnames
 *(.debug_funcnames)

.debug_typenames
 *(.debug_typenames)

.debug_varnames
 *(.debug_varnames)

.note.gnu.arm.ident
 *(.note.gnu.arm.ident)

.ARM.attributes
                0x00000000       0x29
 *(.ARM.attributes)
 .ARM.attributes
                0x00000000       0x1d c:/program files (x86)/cypress/psoc creator/4.3/psoc creator/import/gnu/arm/5.4.1/bin/../lib/gcc/arm-none-eabi/5.4.1/armv7-m/crti.o
 .ARM.attributes
                0x0000001d       0x2d c:/program files (x86)/cypress/psoc creator/4.3/psoc creator/import/gnu/arm/5.4.1/bin/../lib/gcc/arm-none-eabi/5.4.1/armv7-m/crtbegin.o
 .ARM.attributes
                0x0000004a       0x1b c:/program files (x86)/cypress/psoc creator/4.3/psoc creator/import/gnu/arm/5.4.1/bin/../lib/gcc/arm-none-eabi/5.4.1/../../../../arm-none-eabi/lib/armv7-m/crt0.o
 .ARM.attributes
                0x00000065       0x33 .\CortexM3\ARM_GCC_541\Debug\main.o
 .ARM.attributes
                0x00000098       0x33 .\CortexM3\ARM_GCC_541\Debug\cyfitter_cfg.o
 .ARM.attributes
                0x000000cb       0x33 .\CortexM3\ARM_GCC_541\Debug\cymetadata.o
 .ARM.attributes
                0x000000fe       0x33 .\CortexM3\ARM_GCC_541\Debug\Cm3Start.o
 .ARM.attributes
                0x00000131       0x33 .\CortexM3\ARM_GCC_541\Debug\Design01.a(myUSB.o)
 .ARM.attributes
                0x00000164       0x33 .\CortexM3\ARM_GCC_541\Debug\Design01.a(myUSB_cdc.o)
 .ARM.attributes
                0x00000197       0x33 .\CortexM3\ARM_GCC_541\Debug\Design01.a(myUSB_drv.o)
 .ARM.attributes
                0x000001ca       0x33 .\CortexM3\ARM_GCC_541\Debug\Design01.a(myUSB_episr.o)
 .ARM.attributes
                0x000001fd       0x33 .\CortexM3\ARM_GCC_541\Debug\Design01.a(myUSB_pm.o)
 .ARM.attributes
                0x00000230       0x33 .\CortexM3\ARM_GCC_541\Debug\Design01.a(myUSB_std.o)
 .ARM.attributes
                0x00000263       0x33 .\CortexM3\ARM_GCC_541\Debug\Design01.a(myUSB_vnd.o)
 .ARM.attributes
                0x00000296       0x33 .\CortexM3\ARM_GCC_541\Debug\Design01.a(myUSB_Dp.o)
 .ARM.attributes
                0x000002c9       0x33 .\CortexM3\ARM_GCC_541\Debug\Design01.a(CyLib.o)
 .ARM.attributes
                0x000002fc       0x33 .\CortexM3\ARM_GCC_541\Debug\Design01.a(cyPm.o)
 .ARM.attributes
                0x0000032f       0x33 .\CortexM3\ARM_GCC_541\Debug\Design01.a(UART_photon.o)
 .ARM.attributes
                0x00000362       0x33 .\CortexM3\ARM_GCC_541\Debug\Design01.a(UART_photon_IntClock.o)
 .ARM.attributes
                0x00000395       0x21 .\CortexM3\ARM_GCC_541\Debug\Design01.a(CyBootAsmGnu.o)
 .ARM.attributes
                0x000003b6       0x33 .\CortexM3\ARM_GCC_541\Debug\Design01.a(myUSB_cls.o)
 .ARM.attributes
                0x000003e9       0x33 .\CortexM3\ARM_GCC_541\Debug\Design01.a(myUSB_descr.o)
 .ARM.attributes
                0x0000041c       0x33 .\CortexM3\ARM_GCC_541\Debug\Design01.a(CyFlash.o)
 .ARM.attributes
                0x0000044f       0x33 .\CortexM3\ARM_GCC_541\Debug\Design01.a(CySpc.o)
 .ARM.attributes
                0x00000482       0x2d c:/program files (x86)/cypress/psoc creator/4.3/psoc creator/import/gnu/arm/5.4.1/bin/../lib/gcc/arm-none-eabi/5.4.1/../../../../arm-none-eabi/lib/armv7-m\libg_nano.a(lib_a-errno.o)
 .ARM.attributes
                0x000004af       0x2d c:/program files (x86)/cypress/psoc creator/4.3/psoc creator/import/gnu/arm/5.4.1/bin/../lib/gcc/arm-none-eabi/5.4.1/../../../../arm-none-eabi/lib/armv7-m\libg_nano.a(lib_a-exit.o)
 .ARM.attributes
                0x000004dc       0x2d c:/program files (x86)/cypress/psoc creator/4.3/psoc creator/import/gnu/arm/5.4.1/bin/../lib/gcc/arm-none-eabi/5.4.1/../../../../arm-none-eabi/lib/armv7-m\libg_nano.a(lib_a-impure.o)
 .ARM.attributes
                0x00000509       0x2d c:/program files (x86)/cypress/psoc creator/4.3/psoc creator/import/gnu/arm/5.4.1/bin/../lib/gcc/arm-none-eabi/5.4.1/../../../../arm-none-eabi/lib/armv7-m\libg_nano.a(lib_a-init.o)
 .ARM.attributes
                0x00000536       0x2d c:/program files (x86)/cypress/psoc creator/4.3/psoc creator/import/gnu/arm/5.4.1/bin/../lib/gcc/arm-none-eabi/5.4.1/../../../../arm-none-eabi/lib/armv7-m\libg_nano.a(lib_a-memcpy-stub.o)
 .ARM.attributes
                0x00000563       0x2d c:/program files (x86)/cypress/psoc creator/4.3/psoc creator/import/gnu/arm/5.4.1/bin/../lib/gcc/arm-none-eabi/5.4.1/../../../../arm-none-eabi/lib/armv7-m\libg_nano.a(lib_a-memset.o)
 .ARM.attributes
                0x00000590       0x2d c:/program files (x86)/cypress/psoc creator/4.3/psoc creator/import/gnu/arm/5.4.1/bin/../lib/gcc/arm-none-eabi/5.4.1/../../../../arm-none-eabi/lib/armv7-m\libg_nano.a(lib_a-nano-vfprintf_float.o)
 .ARM.attributes
                0x000005bd       0x2d c:/program files (x86)/cypress/psoc creator/4.3/psoc creator/import/gnu/arm/5.4.1/bin/../lib/gcc/arm-none-eabi/5.4.1/../../../../arm-none-eabi/lib/armv7-m\libg_nano.a(lib_a-nano-vfprintf_i.o)
 .ARM.attributes
                0x000005ea       0x17 c:/program files (x86)/cypress/psoc creator/4.3/psoc creator/import/gnu/arm/5.4.1/bin/../lib/gcc/arm-none-eabi/5.4.1/../../../../arm-none-eabi/lib/armv7-m\libg_nano.a(lib_a-strlen.o)
 .ARM.attributes
                0x00000601       0x2d c:/program files (x86)/cypress/psoc creator/4.3/psoc creator/import/gnu/arm/5.4.1/bin/../lib/gcc/arm-none-eabi/5.4.1/../../../../arm-none-eabi/lib/armv7-m\libg_nano.a(lib_a-dtoa.o)
 .ARM.attributes
                0x0000062e       0x2d c:/program files (x86)/cypress/psoc creator/4.3/psoc creator/import/gnu/arm/5.4.1/bin/../lib/gcc/arm-none-eabi/5.4.1/../../../../arm-none-eabi/lib/armv7-m\libg_nano.a(lib_a-locale.o)
 .ARM.attributes
                0x0000065b       0x2d c:/program files (x86)/cypress/psoc creator/4.3/psoc creator/import/gnu/arm/5.4.1/bin/../lib/gcc/arm-none-eabi/5.4.1/../../../../arm-none-eabi/lib/armv7-m\libg_nano.a(lib_a-malloc.o)
 .ARM.attributes
                0x00000688       0x2d c:/program files (x86)/cypress/psoc creator/4.3/psoc creator/import/gnu/arm/5.4.1/bin/../lib/gcc/arm-none-eabi/5.4.1/../../../../arm-none-eabi/lib/armv7-m\libg_nano.a(lib_a-memchr-stub.o)
 .ARM.attributes
                0x000006b5       0x2d c:/program files (x86)/cypress/psoc creator/4.3/psoc creator/import/gnu/arm/5.4.1/bin/../lib/gcc/arm-none-eabi/5.4.1/../../../../arm-none-eabi/lib/armv7-m\libg_nano.a(lib_a-mprec.o)
 .ARM.attributes
                0x000006e2       0x2d c:/program files (x86)/cypress/psoc creator/4.3/psoc creator/import/gnu/arm/5.4.1/bin/../lib/gcc/arm-none-eabi/5.4.1/../../../../arm-none-eabi/lib/armv7-m\libg_nano.a(lib_a-nano-callocr.o)
 .ARM.attributes
                0x0000070f       0x2d c:/program files (x86)/cypress/psoc creator/4.3/psoc creator/import/gnu/arm/5.4.1/bin/../lib/gcc/arm-none-eabi/5.4.1/../../../../arm-none-eabi/lib/armv7-m\libg_nano.a(lib_a-nano-freer.o)
 .ARM.attributes
                0x0000073c       0x2d c:/program files (x86)/cypress/psoc creator/4.3/psoc creator/import/gnu/arm/5.4.1/bin/../lib/gcc/arm-none-eabi/5.4.1/../../../../arm-none-eabi/lib/armv7-m\libg_nano.a(lib_a-nano-mallocr.o)
 .ARM.attributes
                0x00000769       0x2d c:/program files (x86)/cypress/psoc creator/4.3/psoc creator/import/gnu/arm/5.4.1/bin/../lib/gcc/arm-none-eabi/5.4.1/../../../../arm-none-eabi/lib/armv7-m\libg_nano.a(lib_a-sbrkr.o)
 .ARM.attributes
                0x00000796       0x1b c:/program files (x86)/cypress/psoc creator/4.3/psoc creator/import/gnu/arm/5.4.1/bin/../lib/gcc/arm-none-eabi/5.4.1/../../../../arm-none-eabi/lib/armv7-m\libg_nano.a(lib_a-strcmp.o)
 .ARM.attributes
                0x000007b1       0x2d c:/program files (x86)/cypress/psoc creator/4.3/psoc creator/import/gnu/arm/5.4.1/bin/../lib/gcc/arm-none-eabi/5.4.1/../../../../arm-none-eabi/lib/armv7-m\libg_nano.a(lib_a-mlock.o)
 .ARM.attributes
                0x000007de       0x2d c:/program files (x86)/cypress/psoc creator/4.3/psoc creator/import/gnu/arm/5.4.1/bin/../lib/gcc/arm-none-eabi/5.4.1/../../../../arm-none-eabi/lib/armv7-m\libg_nano.a(lib_a-reent.o)
 .ARM.attributes
                0x0000080b       0x1d c:/program files (x86)/cypress/psoc creator/4.3/psoc creator/import/gnu/arm/5.4.1/bin/../lib/gcc/arm-none-eabi/5.4.1/armv7-m\libgcc.a(_arm_addsubdf3.o)
 .ARM.attributes
                0x00000828       0x1d c:/program files (x86)/cypress/psoc creator/4.3/psoc creator/import/gnu/arm/5.4.1/bin/../lib/gcc/arm-none-eabi/5.4.1/armv7-m\libgcc.a(_arm_muldivdf3.o)
 .ARM.attributes
                0x00000845       0x1d c:/program files (x86)/cypress/psoc creator/4.3/psoc creator/import/gnu/arm/5.4.1/bin/../lib/gcc/arm-none-eabi/5.4.1/armv7-m\libgcc.a(_arm_cmpdf2.o)
 .ARM.attributes
                0x00000862       0x1d c:/program files (x86)/cypress/psoc creator/4.3/psoc creator/import/gnu/arm/5.4.1/bin/../lib/gcc/arm-none-eabi/5.4.1/armv7-m\libgcc.a(_arm_unorddf2.o)
 .ARM.attributes
                0x0000087f       0x1d c:/program files (x86)/cypress/psoc creator/4.3/psoc creator/import/gnu/arm/5.4.1/bin/../lib/gcc/arm-none-eabi/5.4.1/armv7-m\libgcc.a(_arm_fixdfsi.o)
 .ARM.attributes
                0x0000089c       0x2d c:/program files (x86)/cypress/psoc creator/4.3/psoc creator/import/gnu/arm/5.4.1/bin/../lib/gcc/arm-none-eabi/5.4.1/armv7-m/crtend.o
 .ARM.attributes
                0x000008c9       0x1d c:/program files (x86)/cypress/psoc creator/4.3/psoc creator/import/gnu/arm/5.4.1/bin/../lib/gcc/arm-none-eabi/5.4.1/armv7-m/crtn.o

/DISCARD/
 *(.note.GNU-stack)
OUTPUT(C:\Users\danaukes\code\code_psoc_photon_transponder\psoc\Workspace01\Design01.cydsn\CortexM3\ARM_GCC_541\Debug\Design01.elf elf32-littlearm)
